114.119.153.137 - - [17/Aug/2021:15:31:26 +0000] "GET /simphini/vendor/nikic/php-parser/grammar?C=S%3BO%3DA HTTP/1.1" 200 1864 "-" "Mozilla/5.0 (Linux; Android 7.0;) AppleWebKit/537.36 (KHTML, like Gecko) Mobile Safari/537.36 (compatible; PetalBot;+https://webmaster.petalsearch.com/site/petalbot)"
114.119.153.16 - - [17/Aug/2021:15:39:30 +0000] "GET /simphini/vendor/symfony/http-kernel/CHANGELOG.md HTTP/1.1" 200 1864 "-" "Mozilla/5.0 (Linux; Android 7.0;) AppleWebKit/537.36 (KHTML, like Gecko) Mobile Safari/537.36 (compatible; PetalBot;+https://webmaster.petalsearch.com/site/petalbot)"
66.249.68.26 - - [17/Aug/2021:15:51:32 +0000] "GET /simphini/vendor/symfony/http-kernel/Fragment/InlineFragmentRenderer.php HTTP/1.1" 304 - "-" "Mozilla/5.0 (Linux; Android 6.0.1; Nexus 5X Build/MMB29P) AppleWebKit/537.36 (KHTML, like Gecko) Chrome/92.0.4515.119 Mobile Safari/537.36 (compatible; Googlebot/2.1; +http://www.google.com/bot.html)"
66.249.68.26 - - [17/Aug/2021:15:51:32 +0000] "GET /simphini/storage/framework/views/7d2d3c92f5c2b2634a6fdcba2b30ab7de64a0261.php HTTP/1.1" 304 - "-" "Mozilla/5.0 (Linux; Android 6.0.1; Nexus 5X Build/MMB29P) AppleWebKit/537.36 (KHTML, like Gecko) Chrome/92.0.4515.119 Mobile Safari/537.36 (compatible; Googlebot/2.1; +http://www.google.com/bot.html)"
66.249.68.30 - - [17/Aug/2021:15:53:33 +0000] "GET /simphini/vendor/symfony/translation-contracts/Test/ HTTP/1.1" 200 1864 "-" "Mozilla/5.0 (Linux; Android 6.0.1; Nexus 5X Build/MMB29P) AppleWebKit/537.36 (KHTML, like Gecko) Chrome/92.0.4515.119 Mobile Safari/537.36 (compatible; Googlebot/2.1; +http://www.google.com/bot.html)"
114.119.153.137 - - [17/Aug/2021:15:54:56 +0000] "GET /simphini/vendor/phpoffice/phpexcel/Classes/PHPExcel/Calculation HTTP/1.1" 200 1864 "-" "Mozilla/5.0 (Linux; Android 7.0;) AppleWebKit/537.36 (KHTML, like Gecko) Mobile Safari/537.36 (compatible; PetalBot;+https://webmaster.petalsearch.com/site/petalbot)"
66.249.79.48 - - [17/Aug/2021:15:57:50 +0000] "GET /simphini/app/Providers/EventServiceProvider.php HTTP/1.1" 200 1864 "-" "Mozilla/5.0 (Linux; Android 6.0.1; Nexus 5X Build/MMB29P) AppleWebKit/537.36 (KHTML, like Gecko) Chrome/92.0.4515.119 Mobile Safari/537.36 (compatible; Googlebot/2.1; +http://www.google.com/bot.html)"
114.119.153.156 - - [17/Aug/2021:16:02:59 +0000] "GET /simphini/vendor/vlucas?C=M%3BO%3DA HTTP/1.1" 200 1864 "-" "Mozilla/5.0 (Linux; Android 7.0;) AppleWebKit/537.36 (KHTML, like Gecko) Mobile Safari/537.36 (compatible; PetalBot;+https://webmaster.petalsearch.com/site/petalbot)"
114.119.153.16 - - [17/Aug/2021:16:10:45 +0000] "GET /simphini/vendor/league/csv/src HTTP/1.1" 200 1864 "-" "Mozilla/5.0 (Linux; Android 7.0;) AppleWebKit/537.36 (KHTML, like Gecko) Mobile Safari/537.36 (compatible; PetalBot;+https://webmaster.petalsearch.com/site/petalbot)"
167.248.133.41 - - [17/Aug/2021:16:15:02 +0000] "GET / HTTP/1.1" 200 1864 "-" "Mozilla/5.0 (compatible; CensysInspect/1.1; +https://about.censys.io/)"
114.119.153.16 - - [17/Aug/2021:16:18:48 +0000] "GET /simphini/vendor/symfony/polyfill-intl-idn HTTP/1.1" 200 1864 "-" "Mozilla/5.0 (Linux; Android 7.0;) AppleWebKit/537.36 (KHTML, like Gecko) Mobile Safari/537.36 (compatible; PetalBot;+https://webmaster.petalsearch.com/site/petalbot)"
114.119.153.156 - - [17/Aug/2021:16:26:59 +0000] "GET /simphini/vendor/hamcrest/hamcrest-php/tests/Hamcrest/Text HTTP/1.1" 200 1864 "-" "Mozilla/5.0 (Linux; Android 7.0;) AppleWebKit/537.36 (KHTML, like Gecko) Mobile Safari/537.36 (compatible; PetalBot;+https://webmaster.petalsearch.com/site/petalbot)"
62.210.122.74 - - [17/Aug/2021:16:28:13 +0000] "GET /wp-json/wp/v2/users/ HTTP/1.1" 200 1864 "http://simphini.com/wp-json/wp/v2/users/" "Mozilla/5.0 (Windows NT 10.0; Win64; x64) AppleWebKit/537.36 (KHTML, like Gecko) Chrome/88.0.4240.193 Safari/537.36"
45.146.164.110 - - [17/Aug/2021:16:31:28 +0000] "GET /index.php?s=/Index/\\think\\app/invokefunction&function=call_user_func_array&vars[0]=md5&vars[1][]=HelloThinkPHP21 HTTP/1.1" 200 1864 "-" "Mozilla/5.0 (Windows NT 10.0; Win64; x64) AppleWebKit/537.36 (KHTML, like Gecko) Chrome/78.0.3904.108 Safari/537.36"
45.146.164.110 - - [17/Aug/2021:16:31:28 +0000] "GET /vendor/phpunit/phpunit/src/Util/PHP/eval-stdin.php HTTP/1.1" 200 1864 "-" "Mozilla/5.0 (Windows NT 10.0; Win64; x64) AppleWebKit/537.36 (KHTML, like Gecko) Chrome/78.0.3904.108 Safari/537.36"
45.146.164.110 - - [17/Aug/2021:16:31:30 +0000] "GET /?XDEBUG_SESSION_START=phpstorm HTTP/1.1" 200 1864 "-" "Mozilla/5.0 (Windows NT 10.0; Win64; x64) AppleWebKit/537.36 (KHTML, like Gecko) Chrome/78.0.3904.108 Safari/537.36"
45.146.164.110 - - [17/Aug/2021:16:31:31 +0000] "POST /mifs/.;/services/LogService HTTP/1.1" 200 1864 "https://54.148.105.194:443" "Mozilla/5.0 (Windows NT 10.0; Win64; x64) AppleWebKit/537.36 (KHTML, like Gecko) Chrome/78.0.3904.108 Safari/537.36"
45.146.164.110 - - [17/Aug/2021:16:31:35 +0000] "GET /wp-content/plugins/wp-file-manager/readme.txt HTTP/1.1" 200 1864 "-" "Mozilla/5.0 (Windows NT 10.0; Win64; x64) AppleWebKit/537.36 (KHTML, like Gecko) Chrome/78.0.3904.108 Safari/537.36"
45.146.164.110 - - [17/Aug/2021:16:31:36 +0000] "GET /console/ HTTP/1.1" 200 1864 "-" "Mozilla/5.0 (Windows NT 10.0; Win64; x64) AppleWebKit/537.36 (KHTML, like Gecko) Chrome/78.0.3904.108 Safari/537.36"
45.146.164.110 - - [17/Aug/2021:16:31:38 +0000] "POST /Autodiscover/Autodiscover.xml HTTP/1.1" 200 1864 "-" "Mozilla/5.0 (Windows NT 10.0; Win64; x64) AppleWebKit/537.36 (KHTML, like Gecko) Chrome/78.0.3904.108 Safari/537.36"
45.146.164.110 - - [17/Aug/2021:16:31:40 +0000] "GET /_ignition/execute-solution HTTP/1.1" 200 1864 "-" "Mozilla/5.0 (Windows NT 10.0; Win64; x64) AppleWebKit/537.36 (KHTML, like Gecko) Chrome/78.0.3904.108 Safari/537.36"
45.146.164.110 - - [17/Aug/2021:16:31:42 +0000] "GET / HTTP/1.1" 200 1864 "-" "Mozilla/5.0 (Windows NT 10.0; Win64; x64) AppleWebKit/537.36 (KHTML, like Gecko) Chrome/78.0.3904.108 Safari/537.36"
45.146.164.110 - - [17/Aug/2021:16:31:44 +0000] "POST /api/jsonws/invoke HTTP/1.1" 200 1864 "-" "Mozilla/5.0 (Windows NT 10.0; Win64; x64) AppleWebKit/537.36 (KHTML, like Gecko) Chrome/78.0.3904.108 Safari/537.36"
114.119.153.15 - - [17/Aug/2021:16:34:52 +0000] "GET /simphini/vendor/symfony/routing/Tests?C=N%3BO%3DD HTTP/1.1" 200 1864 "-" "Mozilla/5.0 (Linux; Android 7.0;) AppleWebKit/537.36 (KHTML, like Gecko) Mobile Safari/537.36 (compatible; PetalBot;+https://webmaster.petalsearch.com/site/petalbot)"
114.119.153.156 - - [17/Aug/2021:16:42:57 +0000] "GET /simphini/vendor/sebastian/global-state/phpunit.xml HTTP/1.1" 200 1864 "-" "Mozilla/5.0 (Linux; Android 7.0;) AppleWebKit/537.36 (KHTML, like Gecko) Mobile Safari/537.36 (compatible; PetalBot;+https://webmaster.petalsearch.com/site/petalbot)"
66.249.68.26 - - [17/Aug/2021:16:48:36 +0000] "GET /robots.txt HTTP/1.1" 200 1864 "-" "Mozilla/5.0 (compatible; Googlebot/2.1; +http://www.google.com/bot.html)"
66.249.68.30 - - [17/Aug/2021:16:48:36 +0000] "GET /simphini/resources/views/vendor/jsvalidation/bootstrap4.php HTTP/1.1" 200 1864 "-" "Mozilla/5.0 (Linux; Android 6.0.1; Nexus 5X Build/MMB29P) AppleWebKit/537.36 (KHTML, like Gecko) Chrome/92.0.4515.119 Mobile Safari/537.36 (compatible; Googlebot/2.1; +http://www.google.com/bot.html)"
114.119.153.16 - - [17/Aug/2021:16:50:52 +0000] "GET /simphini/vendor/phpoffice/phpexcel/Examples/06largescale-with-cellcaching-sqlite3.php HTTP/1.1" 200 1864 "-" "Mozilla/5.0 (Linux; Android 7.0;) AppleWebKit/537.36 (KHTML, like Gecko) Mobile Safari/537.36 (compatible; PetalBot;+https://webmaster.petalsearch.com/site/petalbot)"
114.119.153.16 - - [17/Aug/2021:16:59:00 +0000] "GET /simphini/app/Repositories HTTP/1.1" 200 1864 "-" "Mozilla/5.0 (Linux; Android 7.0;) AppleWebKit/537.36 (KHTML, like Gecko) Mobile Safari/537.36 (compatible; PetalBot;+https://webmaster.petalsearch.com/site/petalbot)"
192.241.214.80 - - [17/Aug/2021:16:59:40 +0000] "GET /owa/auth/x.js HTTP/1.1" 200 1864 "-" "Mozilla/5.0 zgrab/0.x"
114.119.153.138 - - [17/Aug/2021:17:07:06 +0000] "GET /simphini/vendor/swiftmailer/swiftmailer/lib/classes?C=D%3BO%3DA HTTP/1.1" 200 1864 "-" "Mozilla/5.0 (Linux; Android 7.0;) AppleWebKit/537.36 (KHTML, like Gecko) Mobile Safari/537.36 (compatible; PetalBot;+https://webmaster.petalsearch.com/site/petalbot)"
174.128.247.84 - - [17/Aug/2021:17:10:36 +0000] "GET / HTTP/1.1" 200 1864 "-" "Mozilla/5.0 (Windows NT 10.0; Win64; x64) AppleWebKit/537.36 (KHTML, like Gecko) Chrome/92.0.4515.131 Safari/537.36"
174.128.247.84 - - [17/Aug/2021:17:10:36 +0000] "GET /robots.txt HTTP/1.1" 200 1864 "-" "Mozilla/5.0 (Windows NT 10.0; Win64; x64) AppleWebKit/537.36 (KHTML, like Gecko) Chrome/92.0.4515.131 Safari/537.36"
174.128.247.84 - - [17/Aug/2021:17:10:37 +0000] "GET /js/app.d7656b73.js HTTP/1.1" 200 14463 "https://admin.simphini.com/" "Mozilla/5.0 (Windows NT 10.0; Win64; x64) AppleWebKit/537.36 (KHTML, like Gecko) Chrome/92.0.4515.131 Safari/537.36"
174.128.247.84 - - [17/Aug/2021:17:10:37 +0000] "GET /css/app.f2c57afc.css HTTP/1.1" 200 306926 "https://admin.simphini.com/" "Mozilla/5.0 (Windows NT 10.0; Win64; x64) AppleWebKit/537.36 (KHTML, like Gecko) Chrome/92.0.4515.131 Safari/537.36"
174.128.247.84 - - [17/Aug/2021:17:10:37 +0000] "GET /css/chunk-vendors.590a9ee0.css HTTP/1.1" 200 228662 "https://admin.simphini.com/" "Mozilla/5.0 (Windows NT 10.0; Win64; x64) AppleWebKit/537.36 (KHTML, like Gecko) Chrome/92.0.4515.131 Safari/537.36"
192.241.203.137 - - [17/Aug/2021:17:10:39 +0000] "GET /ecp/Current/exporttool/microsoft.exchange.ediscovery.exporttool.application HTTP/1.1" 200 1864 "-" "Mozilla/5.0 zgrab/0.x"
174.128.247.84 - - [17/Aug/2021:17:10:39 +0000] "GET /js/chunk-2d0aa1c7.076d68bf.js HTTP/1.1" 200 512 "https://admin.simphini.com/" "Mozilla/5.0 (Windows NT 10.0; Win64; x64) AppleWebKit/537.36 (KHTML, like Gecko) Chrome/92.0.4515.131 Safari/537.36"
174.128.247.84 - - [17/Aug/2021:17:10:39 +0000] "GET /css/chunk-7d0f3a78.fa4c2233.css HTTP/1.1" 200 142 "https://admin.simphini.com/" "Mozilla/5.0 (Windows NT 10.0; Win64; x64) AppleWebKit/537.36 (KHTML, like Gecko) Chrome/92.0.4515.131 Safari/537.36"
174.128.247.84 - - [17/Aug/2021:17:10:39 +0000] "GET /js/chunk-2d0abb9d.21195e47.js HTTP/1.1" 200 517 "https://admin.simphini.com/" "Mozilla/5.0 (Windows NT 10.0; Win64; x64) AppleWebKit/537.36 (KHTML, like Gecko) Chrome/92.0.4515.131 Safari/537.36"
174.128.247.84 - - [17/Aug/2021:17:10:39 +0000] "GET /js/chunk-2d0c8842.ef95aa62.js HTTP/1.1" 200 3092 "https://admin.simphini.com/" "Mozilla/5.0 (Windows NT 10.0; Win64; x64) AppleWebKit/537.36 (KHTML, like Gecko) Chrome/92.0.4515.131 Safari/537.36"
174.128.247.84 - - [17/Aug/2021:17:10:39 +0000] "GET /js/chunk-2d209b20.664e88b5.js HTTP/1.1" 200 518 "https://admin.simphini.com/" "Mozilla/5.0 (Windows NT 10.0; Win64; x64) AppleWebKit/537.36 (KHTML, like Gecko) Chrome/92.0.4515.131 Safari/537.36"
174.128.247.84 - - [17/Aug/2021:17:10:40 +0000] "GET /js/chunk-2d210817.bd476dff.js HTTP/1.1" 200 1869 "https://admin.simphini.com/" "Mozilla/5.0 (Windows NT 10.0; Win64; x64) AppleWebKit/537.36 (KHTML, like Gecko) Chrome/92.0.4515.131 Safari/537.36"
174.128.247.84 - - [17/Aug/2021:17:10:40 +0000] "GET /js/chunk-2d217e3b.3eb4561e.js HTTP/1.1" 200 496 "https://admin.simphini.com/" "Mozilla/5.0 (Windows NT 10.0; Win64; x64) AppleWebKit/537.36 (KHTML, like Gecko) Chrome/92.0.4515.131 Safari/537.36"
174.128.247.84 - - [17/Aug/2021:17:10:40 +0000] "GET /js/chunk-7a0e875e.bd3bffee.js HTTP/1.1" 200 9589 "https://admin.simphini.com/" "Mozilla/5.0 (Windows NT 10.0; Win64; x64) AppleWebKit/537.36 (KHTML, like Gecko) Chrome/92.0.4515.131 Safari/537.36"
174.128.247.84 - - [17/Aug/2021:17:10:40 +0000] "GET /js/chunk-7d0f3a78.2823b10c.js HTTP/1.1" 200 493378 "https://admin.simphini.com/" "Mozilla/5.0 (Windows NT 10.0; Win64; x64) AppleWebKit/537.36 (KHTML, like Gecko) Chrome/92.0.4515.131 Safari/537.36"
174.128.247.84 - - [17/Aug/2021:17:10:37 +0000] "GET /js/chunk-vendors.60da580c.js HTTP/1.1" 200 1222381 "https://admin.simphini.com/" "Mozilla/5.0 (Windows NT 10.0; Win64; x64) AppleWebKit/537.36 (KHTML, like Gecko) Chrome/92.0.4515.131 Safari/537.36"
174.128.247.84 - - [17/Aug/2021:17:10:50 +0000] "GET /favicon.ico HTTP/1.1" 200 4286 "https://admin.simphini.com/" "Mozilla/5.0 (Windows NT 10.0; Win64; x64) AppleWebKit/537.36 (KHTML, like Gecko) Chrome/92.0.4515.131 Safari/537.36"
174.128.247.84 - - [17/Aug/2021:17:11:22 +0000] "GET / HTTP/1.1" 304 - "https://admin.simphini.com/" "Mozilla/5.0 (Windows NT 10.0; Win64; x64) AppleWebKit/537.36 (KHTML, like Gecko) Chrome/92.0.4515.131 Safari/537.36"
174.128.247.84 - - [17/Aug/2021:17:11:24 +0000] "GET /favicon.ico HTTP/1.1" 200 4286 "https://admin.simphini.com/" "Mozilla/5.0 (Windows NT 10.0; Win64; x64) AppleWebKit/537.36 (KHTML, like Gecko) Chrome/92.0.4515.131 Safari/537.36"
174.128.247.84 - - [17/Aug/2021:17:12:14 +0000] "GET /settings/features-settings.html HTTP/1.1" 200 1864 "https://admin.simphini.com/settings/email" "Mozilla/5.0 (Windows NT 10.0; Win64; x64) AppleWebKit/537.36 (KHTML, like Gecko) Chrome/92.0.4515.131 Safari/537.36"
114.119.153.132 - - [17/Aug/2021:17:14:59 +0000] "GET /robots.txt HTTP/1.1" 200 1864 "-" "Mozilla/5.0 (compatible;PetalBot;+https://webmaster.petalsearch.com/site/petalbot)"
114.119.153.138 - - [17/Aug/2021:17:23:13 +0000] "GET /simphini/vendor/myclabs/deep-copy?C=M%3BO%3DA HTTP/1.1" 200 1864 "-" "Mozilla/5.0 (Linux; Android 7.0;) AppleWebKit/537.36 (KHTML, like Gecko) Mobile Safari/537.36 (compatible; PetalBot;+https://webmaster.petalsearch.com/site/petalbot)"
192.241.217.104 - - [17/Aug/2021:17:26:28 +0000] "GET /owa/auth/logon.aspx HTTP/1.1" 200 1864 "-" "Mozilla/5.0 zgrab/0.x"
114.119.153.156 - - [17/Aug/2021:17:31:13 +0000] "GET /simphini/vendor/hashids/hashids?C=D%3BO%3DA HTTP/1.1" 200 1864 "-" "Mozilla/5.0 (Linux; Android 7.0;) AppleWebKit/537.36 (KHTML, like Gecko) Mobile Safari/537.36 (compatible; PetalBot;+https://webmaster.petalsearch.com/site/petalbot)"
114.119.153.156 - - [17/Aug/2021:17:39:27 +0000] "GET /simphini/vendor/league?C=S%3BO%3DA HTTP/1.1" 200 1864 "-" "Mozilla/5.0 (Linux; Android 7.0;) AppleWebKit/537.36 (KHTML, like Gecko) Mobile Safari/537.36 (compatible; PetalBot;+https://webmaster.petalsearch.com/site/petalbot)"
114.119.153.16 - - [17/Aug/2021:17:47:39 +0000] "GET /simphini/app/Exceptions?C=D%3BO%3DA HTTP/1.1" 200 1864 "-" "Mozilla/5.0 (Linux; Android 7.0;) AppleWebKit/537.36 (KHTML, like Gecko) Mobile Safari/537.36 (compatible; PetalBot;+https://webmaster.petalsearch.com/site/petalbot)"
66.249.68.3 - - [17/Aug/2021:17:48:44 +0000] "GET /robots.txt HTTP/1.1" 200 1864 "-" "Mozilla/5.0 (compatible; Googlebot/2.1; +http://www.google.com/bot.html)"
66.249.79.48 - - [17/Aug/2021:17:51:33 +0000] "GET /robots.txt HTTP/1.1" 200 1864 "-" "Mozilla/5.0 (compatible; Googlebot/2.1; +http://www.google.com/bot.html)"
66.249.68.28 - - [17/Aug/2021:17:51:33 +0000] "GET /simphini/vendor/monolog/monolog/src/Monolog/Handler/CouchDBHandler.php HTTP/1.1" 200 1864 "-" "Mozilla/5.0 (Linux; Android 6.0.1; Nexus 5X Build/MMB29P) AppleWebKit/537.36 (KHTML, like Gecko) Chrome/92.0.4515.119 Mobile Safari/537.36 (compatible; Googlebot/2.1; +http://www.google.com/bot.html)"
66.249.79.53 - - [17/Aug/2021:17:51:33 +0000] "GET /simphini/vendor/monolog/monolog/src/Monolog/Handler/PsrHandler.php HTTP/1.1" 200 1864 "-" "Mozilla/5.0 (Linux; Android 6.0.1; Nexus 5X Build/MMB29P) AppleWebKit/537.36 (KHTML, like Gecko) Chrome/92.0.4515.119 Mobile Safari/537.36 (compatible; Googlebot/2.1; +http://www.google.com/bot.html)"
174.128.247.84 - - [17/Aug/2021:17:52:06 +0000] "GET /dashboard HTTP/1.1" 200 1864 "https://admin.simphini.com/dashboard" "Mozilla/5.0 (Windows NT 10.0; Win64; x64) AppleWebKit/537.36 (KHTML, like Gecko) Chrome/92.0.4515.131 Safari/537.36"
174.128.247.84 - - [17/Aug/2021:17:52:34 +0000] "GET /admin/login HTTP/1.1" 200 1864 "https://admin.simphini.com/admin/login" "Mozilla/5.0 (Windows NT 10.0; Win64; x64) AppleWebKit/537.36 (KHTML, like Gecko) Chrome/92.0.4515.131 Safari/537.36"
174.128.247.84 - - [17/Aug/2021:17:52:35 +0000] "GET /favicon.ico HTTP/1.1" 200 4286 "https://admin.simphini.com/admin/login" "Mozilla/5.0 (Windows NT 10.0; Win64; x64) AppleWebKit/537.36 (KHTML, like Gecko) Chrome/92.0.4515.131 Safari/537.36"
66.249.68.26 - - [17/Aug/2021:17:53:35 +0000] "GET /simphini/vendor/phpoffice/phpexcel/Classes/PHPExcel/locale/pt/config HTTP/1.1" 200 1864 "-" "Mozilla/5.0 (Linux; Android 6.0.1; Nexus 5X Build/MMB29P) AppleWebKit/537.36 (KHTML, like Gecko) Chrome/92.0.4515.119 Mobile Safari/537.36 (compatible; Googlebot/2.1; +http://www.google.com/bot.html)"
114.119.153.132 - - [17/Aug/2021:17:55:30 +0000] "GET /simphini/vendor/dragonmantank?C=D%3BO%3DA HTTP/1.1" 200 1864 "-" "Mozilla/5.0 (Linux; Android 7.0;) AppleWebKit/537.36 (KHTML, like Gecko) Mobile Safari/537.36 (compatible; PetalBot;+https://webmaster.petalsearch.com/site/petalbot)"
66.249.68.28 - - [17/Aug/2021:17:56:38 +0000] "GET /simphini/vendor/phpunit/phpunit/src/Runner/Hook/BeforeFirstTestHook.php HTTP/1.1" 200 1864 "-" "Mozilla/5.0 (Linux; Android 6.0.1; Nexus 5X Build/MMB29P) AppleWebKit/537.36 (KHTML, like Gecko) Chrome/92.0.4515.119 Mobile Safari/537.36 (compatible; Googlebot/2.1; +http://www.google.com/bot.html)"
66.249.68.28 - - [17/Aug/2021:17:59:22 +0000] "GET /simphini/vendor/symfony/css-selector/XPath/Extension/ HTTP/1.1" 200 1864 "-" "Mozilla/5.0 (Linux; Android 6.0.1; Nexus 5X Build/MMB29P) AppleWebKit/537.36 (KHTML, like Gecko) Chrome/92.0.4515.119 Mobile Safari/537.36 (compatible; Googlebot/2.1; +http://www.google.com/bot.html)"
66.249.68.26 - - [17/Aug/2021:18:02:06 +0000] "GET /simphini/vendor/symfony/http-foundation/ HTTP/1.1" 200 1864 "-" "Mozilla/5.0 (Linux; Android 6.0.1; Nexus 5X Build/MMB29P) AppleWebKit/537.36 (KHTML, like Gecko) Chrome/92.0.4515.119 Mobile Safari/537.36 (compatible; Googlebot/2.1; +http://www.google.com/bot.html)"
114.119.153.132 - - [17/Aug/2021:18:03:38 +0000] "GET /simphini/vendor/symfony/http-kernel/Exception/UnauthorizedHttpException.php HTTP/1.1" 200 1864 "-" "Mozilla/5.0 (Linux; Android 7.0;) AppleWebKit/537.36 (KHTML, like Gecko) Mobile Safari/537.36 (compatible; PetalBot;+https://webmaster.petalsearch.com/site/petalbot)"
66.249.68.26 - - [17/Aug/2021:18:04:50 +0000] "GET /simphini/vendor/symfony/event-dispatcher-contracts/ HTTP/1.1" 200 1864 "-" "Mozilla/5.0 (Linux; Android 6.0.1; Nexus 5X Build/MMB29P) AppleWebKit/537.36 (KHTML, like Gecko) Chrome/92.0.4515.119 Mobile Safari/537.36 (compatible; Googlebot/2.1; +http://www.google.com/bot.html)"
66.249.68.26 - - [17/Aug/2021:18:07:34 +0000] "GET /simphini/vendor/theseer/tokenizer/README.md HTTP/1.1" 200 1864 "-" "Mozilla/5.0 (Linux; Android 6.0.1; Nexus 5X Build/MMB29P) AppleWebKit/537.36 (KHTML, like Gecko) Chrome/92.0.4515.119 Mobile Safari/537.36 (compatible; Googlebot/2.1; +http://www.google.com/bot.html)"
66.249.68.26 - - [17/Aug/2021:18:10:17 +0000] "GET /simphini/vendor/phpoffice/phpexcel/Classes/PHPExcel/locale/tr/ HTTP/1.1" 304 - "-" "Mozilla/5.0 (Linux; Android 6.0.1; Nexus 5X Build/MMB29P) AppleWebKit/537.36 (KHTML, like Gecko) Chrome/92.0.4515.119 Mobile Safari/537.36 (compatible; Googlebot/2.1; +http://www.google.com/bot.html)"
114.119.153.138 - - [17/Aug/2021:18:11:28 +0000] "GET /simphini/vendor/hamcrest/hamcrest-php/README.md HTTP/1.1" 200 1864 "-" "Mozilla/5.0 (Linux; Android 7.0;) AppleWebKit/537.36 (KHTML, like Gecko) Mobile Safari/537.36 (compatible; PetalBot;+https://webmaster.petalsearch.com/site/petalbot)"
66.249.68.30 - - [17/Aug/2021:18:17:32 +0000] "GET /simphini/vendor/phpoffice/phpexcel/Classes/PHPExcel/locale/tr/ HTTP/1.1" 200 1864 "-" "Mozilla/5.0 (compatible; Googlebot/2.1; +http://www.google.com/bot.html)"
114.119.153.16 - - [17/Aug/2021:18:19:40 +0000] "GET /simphini/app/Providers?C=D%3BO%3DA HTTP/1.1" 200 1864 "-" "Mozilla/5.0 (Linux; Android 7.0;) AppleWebKit/537.36 (KHTML, like Gecko) Mobile Safari/537.36 (compatible; PetalBot;+https://webmaster.petalsearch.com/site/petalbot)"
66.249.68.26 - - [17/Aug/2021:18:20:16 +0000] "GET /simphini/vendor/phar-io/manifest/phpunit.xml HTTP/1.1" 200 1864 "-" "Mozilla/5.0 (Linux; Android 6.0.1; Nexus 5X Build/MMB29P) AppleWebKit/537.36 (KHTML, like Gecko) Chrome/92.0.4515.119 Mobile Safari/537.36 (compatible; Googlebot/2.1; +http://www.google.com/bot.html)"
66.249.68.26 - - [17/Aug/2021:18:23:55 +0000] "GET /simphini/vendor/swiftmailer/swiftmailer/lib/classes/Swift/CharacterStream/ HTTP/1.1" 200 1864 "-" "Mozilla/5.0 (Linux; Android 6.0.1; Nexus 5X Build/MMB29P) AppleWebKit/537.36 (KHTML, like Gecko) Chrome/92.0.4515.119 Mobile Safari/537.36 (compatible; Googlebot/2.1; +http://www.google.com/bot.html)"
52.35.153.122 - - [17/Aug/2021:18:24:38 +0000] "GET / HTTP/1.1" 200 1864 "-" "Mozilla/5.0 (X11; Linux x86_64) AppleWebKit/537.36 (KHTML, like Gecko) Chrome/83.0.4103.97 Safari/537.36"
52.42.152.108 - - [17/Aug/2021:18:25:06 +0000] "GET /favicon.ico HTTP/1.1" 200 4286 "-" "Mozilla/5.0 (X11; Linux x86_64) AppleWebKit/537.36 (KHTML, like Gecko) Chrome/83.0.4103.97 Safari/537.36"
114.119.153.132 - - [17/Aug/2021:18:27:43 +0000] "GET /simphini/vendor/league/fractal/src/Serializer HTTP/1.1" 200 1864 "-" "Mozilla/5.0 (Linux; Android 7.0;) AppleWebKit/537.36 (KHTML, like Gecko) Mobile Safari/537.36 (compatible; PetalBot;+https://webmaster.petalsearch.com/site/petalbot)"
66.249.68.28 - - [17/Aug/2021:18:29:22 +0000] "GET /simphini/vendor/yajra/laravel-datatables-html/src/Html/ HTTP/1.1" 200 1864 "-" "Mozilla/5.0 (Linux; Android 6.0.1; Nexus 5X Build/MMB29P) AppleWebKit/537.36 (KHTML, like Gecko) Chrome/92.0.4515.119 Mobile Safari/537.36 (compatible; Googlebot/2.1; +http://www.google.com/bot.html)"
162.221.192.26 - - [17/Aug/2021:18:33:48 +0000] "GET / HTTP/1.1" 200 1864 "-" "Mozilla/5.0 (Windows NT 10.0; Win64; x64) AppleWebKit/537.36 (KHTML, like Gecko) Chrome/60.0.3112.113 Safari/537.36"
66.249.68.30 - - [17/Aug/2021:18:34:49 +0000] "GET /simphini/vendor/laravel/framework/src/Illuminate/Queue/CallQueuedHandler.php HTTP/1.1" 304 - "-" "Mozilla/5.0 (compatible; Googlebot/2.1; +http://www.google.com/bot.html)"
114.119.153.156 - - [17/Aug/2021:18:35:37 +0000] "GET /simphini/vendor/symfony/http-kernel/ControllerMetadata?C=D%3BO%3DA HTTP/1.1" 200 1864 "-" "Mozilla/5.0 (Linux; Android 7.0;) AppleWebKit/537.36 (KHTML, like Gecko) Mobile Safari/537.36 (compatible; PetalBot;+https://webmaster.petalsearch.com/site/petalbot)"
3.101.47.131 - - [17/Aug/2021:18:37:45 +0000] "GET /owa/auth/logon.aspx HTTP/1.1" 200 1864 "-" "Mozilla/5.0 (Macintosh; Intel Mac OS X 10_11_5) AppleWebKit/537.36 (KHTML, like Gecko) Chrome/50.0.2661.102 Safari/537.36"
114.119.153.15 - - [17/Aug/2021:18:43:48 +0000] "GET /simphini/vendor/phpunit/php-timer/src?C=D%3BO%3DA HTTP/1.1" 200 1864 "-" "Mozilla/5.0 (Linux; Android 7.0;) AppleWebKit/537.36 (KHTML, like Gecko) Mobile Safari/537.36 (compatible; PetalBot;+https://webmaster.petalsearch.com/site/petalbot)"
66.249.68.28 - - [17/Aug/2021:18:47:33 +0000] "GET /simphini/vendor/symfony/http-kernel/Config/ HTTP/1.1" 200 1864 "-" "Mozilla/5.0 (Linux; Android 6.0.1; Nexus 5X Build/MMB29P) AppleWebKit/537.36 (KHTML, like Gecko) Chrome/92.0.4515.119 Mobile Safari/537.36 (compatible; Googlebot/2.1; +http://www.google.com/bot.html)"
66.249.68.26 - - [17/Aug/2021:18:50:16 +0000] "GET /simphini/vendor/swiftmailer/swiftmailer/lib/classes/Swift/Plugins/Pop/ HTTP/1.1" 200 1864 "-" "Mozilla/5.0 (Linux; Android 6.0.1; Nexus 5X Build/MMB29P) AppleWebKit/537.36 (KHTML, like Gecko) Chrome/92.0.4515.119 Mobile Safari/537.36 (compatible; Googlebot/2.1; +http://www.google.com/bot.html)"
66.249.68.28 - - [17/Aug/2021:18:50:19 +0000] "GET /css/chunk-vendors.590a9ee0.css HTTP/1.1" 200 228662 "https://simphini.com/simphini/vendor/swiftmailer/swiftmailer/lib/classes/Swift/Plugins/Pop/" "Mozilla/5.0 (Linux; Android 6.0.1; Nexus 5X Build/MMB29P) AppleWebKit/537.36 (KHTML, like Gecko) Chrome/92.0.4515.119 Mobile Safari/537.36 (compatible; Googlebot/2.1; +http://www.google.com/bot.html)"
114.119.153.131 - - [17/Aug/2021:18:51:56 +0000] "GET /simphini/vendor/phpoffice/phpexcel/changelog.txt HTTP/1.1" 200 1864 "-" "Mozilla/5.0 (Linux; Android 7.0;) AppleWebKit/537.36 (KHTML, like Gecko) Mobile Safari/537.36 (compatible; PetalBot;+https://webmaster.petalsearch.com/site/petalbot)"
66.249.68.30 - - [17/Aug/2021:18:53:00 +0000] "GET /simphini/vendor/symfony/http-foundation/Session/Flash/ HTTP/1.1" 200 1864 "-" "Mozilla/5.0 (Linux; Android 6.0.1; Nexus 5X Build/MMB29P) AppleWebKit/537.36 (KHTML, like Gecko) Chrome/92.0.4515.119 Mobile Safari/537.36 (compatible; Googlebot/2.1; +http://www.google.com/bot.html)"
192.241.213.98 - - [17/Aug/2021:18:54:59 +0000] "GET /actuator/health HTTP/1.1" 200 1864 "-" "Mozilla/5.0 zgrab/0.x"
114.119.153.137 - - [17/Aug/2021:18:59:49 +0000] "GET /simphini/vendor/phpoffice/phpexcel/Examples/templates/32readwritePieChart1.xlsx HTTP/1.1" 200 1864 "-" "Mozilla/5.0 (Linux; Android 7.0;) AppleWebKit/537.36 (KHTML, like Gecko) Mobile Safari/537.36 (compatible; PetalBot;+https://webmaster.petalsearch.com/site/petalbot)"
114.119.153.131 - - [17/Aug/2021:19:08:00 +0000] "GET /simphini/vendor/sebastian/environment/build.xml HTTP/1.1" 200 1864 "-" "Mozilla/5.0 (Linux; Android 7.0;) AppleWebKit/537.36 (KHTML, like Gecko) Mobile Safari/537.36 (compatible; PetalBot;+https://webmaster.petalsearch.com/site/petalbot)"
114.119.153.156 - - [17/Aug/2021:19:15:59 +0000] "GET /simphini/vendor/phpoffice/phpexcel/Examples/templates/27template.xls HTTP/1.1" 200 1864 "-" "Mozilla/5.0 (Linux; Android 7.0;) AppleWebKit/537.36 (KHTML, like Gecko) Mobile Safari/537.36 (compatible; PetalBot;+https://webmaster.petalsearch.com/site/petalbot)"
174.128.247.84 - - [17/Aug/2021:19:21:11 +0000] "GET / HTTP/1.1" 200 2041 "-" "Mozilla/5.0 (Windows NT 10.0; Win64; x64) AppleWebKit/537.36 (KHTML, like Gecko) Chrome/92.0.4515.159 Safari/537.36"
174.128.247.84 - - [17/Aug/2021:19:21:12 +0000] "GET /js/app.041868d3.js HTTP/1.1" 200 17067 "https://admin.simphini.com/" "Mozilla/5.0 (Windows NT 10.0; Win64; x64) AppleWebKit/537.36 (KHTML, like Gecko) Chrome/92.0.4515.159 Safari/537.36"
174.128.247.84 - - [17/Aug/2021:19:21:12 +0000] "GET /css/chunk-1f946bc3.fa4c2233.css HTTP/1.1" 200 142 "https://admin.simphini.com/" "Mozilla/5.0 (Windows NT 10.0; Win64; x64) AppleWebKit/537.36 (KHTML, like Gecko) Chrome/92.0.4515.159 Safari/537.36"
174.128.247.84 - - [17/Aug/2021:19:21:12 +0000] "GET /js/chunk-1bc5d802.246556c4.js HTTP/1.1" 200 2226 "https://admin.simphini.com/" "Mozilla/5.0 (Windows NT 10.0; Win64; x64) AppleWebKit/537.36 (KHTML, like Gecko) Chrome/92.0.4515.159 Safari/537.36"
174.128.247.84 - - [17/Aug/2021:19:21:12 +0000] "GET /css/app.893a1732.css HTTP/1.1" 200 307011 "https://admin.simphini.com/" "Mozilla/5.0 (Windows NT 10.0; Win64; x64) AppleWebKit/537.36 (KHTML, like Gecko) Chrome/92.0.4515.159 Safari/537.36"
174.128.247.84 - - [17/Aug/2021:19:21:12 +0000] "GET /js/chunk-2d0aa1c7.076d68bf.js HTTP/1.1" 200 512 "https://admin.simphini.com/" "Mozilla/5.0 (Windows NT 10.0; Win64; x64) AppleWebKit/537.36 (KHTML, like Gecko) Chrome/92.0.4515.159 Safari/537.36"
174.128.247.84 - - [17/Aug/2021:19:21:12 +0000] "GET /js/chunk-2d0abb9d.21195e47.js HTTP/1.1" 200 517 "https://admin.simphini.com/" "Mozilla/5.0 (Windows NT 10.0; Win64; x64) AppleWebKit/537.36 (KHTML, like Gecko) Chrome/92.0.4515.159 Safari/537.36"
174.128.247.84 - - [17/Aug/2021:19:21:12 +0000] "GET /css/chunk-vendors.590a9ee0.css HTTP/1.1" 200 228662 "https://admin.simphini.com/" "Mozilla/5.0 (Windows NT 10.0; Win64; x64) AppleWebKit/537.36 (KHTML, like Gecko) Chrome/92.0.4515.159 Safari/537.36"
174.128.247.84 - - [17/Aug/2021:19:21:13 +0000] "GET /js/chunk-2d0b6a7c.a10f7f0e.js HTTP/1.1" 200 3136 "https://admin.simphini.com/" "Mozilla/5.0 (Windows NT 10.0; Win64; x64) AppleWebKit/537.36 (KHTML, like Gecko) Chrome/92.0.4515.159 Safari/537.36"
174.128.247.84 - - [17/Aug/2021:19:21:13 +0000] "GET /js/chunk-2d0c8842.7c21bcaa.js HTTP/1.1" 200 3092 "https://admin.simphini.com/" "Mozilla/5.0 (Windows NT 10.0; Win64; x64) AppleWebKit/537.36 (KHTML, like Gecko) Chrome/92.0.4515.159 Safari/537.36"
174.128.247.84 - - [17/Aug/2021:19:21:13 +0000] "GET /js/chunk-2d209b20.664e88b5.js HTTP/1.1" 200 518 "https://admin.simphini.com/" "Mozilla/5.0 (Windows NT 10.0; Win64; x64) AppleWebKit/537.36 (KHTML, like Gecko) Chrome/92.0.4515.159 Safari/537.36"
174.128.247.84 - - [17/Aug/2021:19:21:13 +0000] "GET /js/chunk-2d217e3b.3eb4561e.js HTTP/1.1" 200 496 "https://admin.simphini.com/" "Mozilla/5.0 (Windows NT 10.0; Win64; x64) AppleWebKit/537.36 (KHTML, like Gecko) Chrome/92.0.4515.159 Safari/537.36"
174.128.247.84 - - [17/Aug/2021:19:21:13 +0000] "GET /js/chunk-2d210817.bd476dff.js HTTP/1.1" 200 1869 "https://admin.simphini.com/" "Mozilla/5.0 (Windows NT 10.0; Win64; x64) AppleWebKit/537.36 (KHTML, like Gecko) Chrome/92.0.4515.159 Safari/537.36"
174.128.247.84 - - [17/Aug/2021:19:21:13 +0000] "GET /js/chunk-59c68f4f.397221ff.js HTTP/1.1" 200 4110 "https://admin.simphini.com/" "Mozilla/5.0 (Windows NT 10.0; Win64; x64) AppleWebKit/537.36 (KHTML, like Gecko) Chrome/92.0.4515.159 Safari/537.36"
174.128.247.84 - - [17/Aug/2021:19:21:13 +0000] "GET /js/chunk-7a0e875e.73ebd25c.js HTTP/1.1" 200 9589 "https://admin.simphini.com/" "Mozilla/5.0 (Windows NT 10.0; Win64; x64) AppleWebKit/537.36 (KHTML, like Gecko) Chrome/92.0.4515.159 Safari/537.36"
174.128.247.84 - - [17/Aug/2021:19:21:12 +0000] "GET /js/chunk-vendors.124b0bd6.js HTTP/1.1" 200 1226701 "https://admin.simphini.com/" "Mozilla/5.0 (Windows NT 10.0; Win64; x64) AppleWebKit/537.36 (KHTML, like Gecko) Chrome/92.0.4515.159 Safari/537.36"
174.128.247.84 - - [17/Aug/2021:19:21:12 +0000] "GET /js/chunk-1f946bc3.594b6f25.js HTTP/1.1" 200 493451 "https://admin.simphini.com/" "Mozilla/5.0 (Windows NT 10.0; Win64; x64) AppleWebKit/537.36 (KHTML, like Gecko) Chrome/92.0.4515.159 Safari/537.36"
174.128.247.84 - - [17/Aug/2021:19:21:29 +0000] "GET /css/chunk-vendors.590a9ee0.css HTTP/1.1" 304 - "https://admin.simphini.com/dashboard" "Mozilla/5.0 (Windows NT 10.0; Win64; x64) AppleWebKit/537.36 (KHTML, like Gecko) Chrome/92.0.4515.159 Safari/537.36"
174.128.247.84 - - [17/Aug/2021:19:21:29 +0000] "GET /css/app.893a1732.css HTTP/1.1" 304 - "https://admin.simphini.com/dashboard" "Mozilla/5.0 (Windows NT 10.0; Win64; x64) AppleWebKit/537.36 (KHTML, like Gecko) Chrome/92.0.4515.159 Safari/537.36"
174.128.247.84 - - [17/Aug/2021:19:21:29 +0000] "GET /css/chunk-1f946bc3.fa4c2233.css HTTP/1.1" 304 - "https://admin.simphini.com/dashboard" "Mozilla/5.0 (Windows NT 10.0; Win64; x64) AppleWebKit/537.36 (KHTML, like Gecko) Chrome/92.0.4515.159 Safari/537.36"
174.128.247.84 - - [17/Aug/2021:19:21:29 +0000] "GET /js/app.041868d3.js.map HTTP/1.1" 200 55755 "-" "Mozilla/5.0 (Windows NT 10.0; Win64; x64) AppleWebKit/537.36 (KHTML, like Gecko) Chrome/92.0.4515.159 Safari/537.36"
174.128.247.84 - - [17/Aug/2021:19:21:29 +0000] "GET /js/chunk-1f946bc3.594b6f25.js.map HTTP/1.1" 200 1114821 "-" "Mozilla/5.0 (Windows NT 10.0; Win64; x64) AppleWebKit/537.36 (KHTML, like Gecko) Chrome/92.0.4515.159 Safari/537.36"
174.128.247.84 - - [17/Aug/2021:19:21:29 +0000] "GET /js/chunk-vendors.124b0bd6.js.map HTTP/1.1" 200 3552682 "-" "Mozilla/5.0 (Windows NT 10.0; Win64; x64) AppleWebKit/537.36 (KHTML, like Gecko) Chrome/92.0.4515.159 Safari/537.36"
174.128.247.84 - - [17/Aug/2021:19:21:44 +0000] "GET /dashboard HTTP/1.1" 200 2041 "-" "Mozilla/5.0 (Windows NT 10.0; Win64; x64) AppleWebKit/537.36 (KHTML, like Gecko) Chrome/92.0.4515.159 Safari/537.36"
174.128.247.84 - - [17/Aug/2021:19:21:44 +0000] "GET /js/app.041868d3.js HTTP/1.1" 200 17067 "https://admin.simphini.com/dashboard" "Mozilla/5.0 (Windows NT 10.0; Win64; x64) AppleWebKit/537.36 (KHTML, like Gecko) Chrome/92.0.4515.159 Safari/537.36"
174.128.247.84 - - [17/Aug/2021:19:21:44 +0000] "GET /css/chunk-1f946bc3.fa4c2233.css HTTP/1.1" 200 142 "https://admin.simphini.com/dashboard" "Mozilla/5.0 (Windows NT 10.0; Win64; x64) AppleWebKit/537.36 (KHTML, like Gecko) Chrome/92.0.4515.159 Safari/537.36"
174.128.247.84 - - [17/Aug/2021:19:21:44 +0000] "GET /js/chunk-1bc5d802.246556c4.js HTTP/1.1" 200 2226 "https://admin.simphini.com/dashboard" "Mozilla/5.0 (Windows NT 10.0; Win64; x64) AppleWebKit/537.36 (KHTML, like Gecko) Chrome/92.0.4515.159 Safari/537.36"
174.128.247.84 - - [17/Aug/2021:19:21:44 +0000] "GET /css/app.893a1732.css HTTP/1.1" 200 307011 "https://admin.simphini.com/dashboard" "Mozilla/5.0 (Windows NT 10.0; Win64; x64) AppleWebKit/537.36 (KHTML, like Gecko) Chrome/92.0.4515.159 Safari/537.36"
174.128.247.84 - - [17/Aug/2021:19:21:44 +0000] "GET /css/chunk-vendors.590a9ee0.css HTTP/1.1" 200 228662 "https://admin.simphini.com/dashboard" "Mozilla/5.0 (Windows NT 10.0; Win64; x64) AppleWebKit/537.36 (KHTML, like Gecko) Chrome/92.0.4515.159 Safari/537.36"
174.128.247.84 - - [17/Aug/2021:19:21:45 +0000] "GET /js/chunk-2d0aa1c7.076d68bf.js HTTP/1.1" 200 512 "https://admin.simphini.com/dashboard" "Mozilla/5.0 (Windows NT 10.0; Win64; x64) AppleWebKit/537.36 (KHTML, like Gecko) Chrome/92.0.4515.159 Safari/537.36"
174.128.247.84 - - [17/Aug/2021:19:21:45 +0000] "GET /js/chunk-2d0abb9d.21195e47.js HTTP/1.1" 200 517 "https://admin.simphini.com/dashboard" "Mozilla/5.0 (Windows NT 10.0; Win64; x64) AppleWebKit/537.36 (KHTML, like Gecko) Chrome/92.0.4515.159 Safari/537.36"
174.128.247.84 - - [17/Aug/2021:19:21:45 +0000] "GET /js/chunk-2d0b6a7c.a10f7f0e.js HTTP/1.1" 200 3136 "https://admin.simphini.com/dashboard" "Mozilla/5.0 (Windows NT 10.0; Win64; x64) AppleWebKit/537.36 (KHTML, like Gecko) Chrome/92.0.4515.159 Safari/537.36"
174.128.247.84 - - [17/Aug/2021:19:21:45 +0000] "GET /js/chunk-2d0c8842.7c21bcaa.js HTTP/1.1" 200 3092 "https://admin.simphini.com/dashboard" "Mozilla/5.0 (Windows NT 10.0; Win64; x64) AppleWebKit/537.36 (KHTML, like Gecko) Chrome/92.0.4515.159 Safari/537.36"
174.128.247.84 - - [17/Aug/2021:19:21:45 +0000] "GET /js/chunk-2d209b20.664e88b5.js HTTP/1.1" 200 518 "https://admin.simphini.com/dashboard" "Mozilla/5.0 (Windows NT 10.0; Win64; x64) AppleWebKit/537.36 (KHTML, like Gecko) Chrome/92.0.4515.159 Safari/537.36"
174.128.247.84 - - [17/Aug/2021:19:21:45 +0000] "GET /js/chunk-2d210817.bd476dff.js HTTP/1.1" 200 1869 "https://admin.simphini.com/dashboard" "Mozilla/5.0 (Windows NT 10.0; Win64; x64) AppleWebKit/537.36 (KHTML, like Gecko) Chrome/92.0.4515.159 Safari/537.36"
174.128.247.84 - - [17/Aug/2021:19:21:45 +0000] "GET /js/chunk-2d217e3b.3eb4561e.js HTTP/1.1" 200 496 "https://admin.simphini.com/dashboard" "Mozilla/5.0 (Windows NT 10.0; Win64; x64) AppleWebKit/537.36 (KHTML, like Gecko) Chrome/92.0.4515.159 Safari/537.36"
174.128.247.84 - - [17/Aug/2021:19:21:45 +0000] "GET /js/chunk-59c68f4f.397221ff.js HTTP/1.1" 200 4110 "https://admin.simphini.com/dashboard" "Mozilla/5.0 (Windows NT 10.0; Win64; x64) AppleWebKit/537.36 (KHTML, like Gecko) Chrome/92.0.4515.159 Safari/537.36"
174.128.247.84 - - [17/Aug/2021:19:21:46 +0000] "GET /js/chunk-7a0e875e.73ebd25c.js HTTP/1.1" 200 9589 "https://admin.simphini.com/dashboard" "Mozilla/5.0 (Windows NT 10.0; Win64; x64) AppleWebKit/537.36 (KHTML, like Gecko) Chrome/92.0.4515.159 Safari/537.36"
174.128.247.84 - - [17/Aug/2021:19:21:45 +0000] "GET /js/chunk-1f946bc3.594b6f25.js HTTP/1.1" 200 493451 "https://admin.simphini.com/dashboard" "Mozilla/5.0 (Windows NT 10.0; Win64; x64) AppleWebKit/537.36 (KHTML, like Gecko) Chrome/92.0.4515.159 Safari/537.36"
174.128.247.84 - - [17/Aug/2021:19:21:44 +0000] "GET /js/chunk-vendors.124b0bd6.js HTTP/1.1" 200 1226701 "https://admin.simphini.com/dashboard" "Mozilla/5.0 (Windows NT 10.0; Win64; x64) AppleWebKit/537.36 (KHTML, like Gecko) Chrome/92.0.4515.159 Safari/537.36"
174.128.247.84 - - [17/Aug/2021:19:21:53 +0000] "GET /favicon.ico HTTP/1.1" 200 4286 "https://admin.simphini.com/dashboard" "Mozilla/5.0 (Windows NT 10.0; Win64; x64) AppleWebKit/537.36 (KHTML, like Gecko) Chrome/92.0.4515.159 Safari/537.36"
174.128.247.84 - - [17/Aug/2021:19:21:53 +0000] "GET /js/app.041868d3.js.map HTTP/1.1" 200 55755 "-" "Mozilla/5.0 (Windows NT 10.0; Win64; x64) AppleWebKit/537.36 (KHTML, like Gecko) Chrome/92.0.4515.159 Safari/537.36"
174.128.247.84 - - [17/Aug/2021:19:21:54 +0000] "GET /css/chunk-1f946bc3.fa4c2233.css HTTP/1.1" 200 142 "https://admin.simphini.com/dashboard" "Mozilla/5.0 (Windows NT 10.0; Win64; x64) AppleWebKit/537.36 (KHTML, like Gecko) Chrome/92.0.4515.159 Safari/537.36"
174.128.247.84 - - [17/Aug/2021:19:21:54 +0000] "GET /js/chunk-1f946bc3.594b6f25.js HTTP/1.1" 200 493451 "https://admin.simphini.com/dashboard" "Mozilla/5.0 (Windows NT 10.0; Win64; x64) AppleWebKit/537.36 (KHTML, like Gecko) Chrome/92.0.4515.159 Safari/537.36"
174.128.247.84 - - [17/Aug/2021:19:21:53 +0000] "GET /js/chunk-vendors.124b0bd6.js.map HTTP/1.1" 200 3552682 "-" "Mozilla/5.0 (Windows NT 10.0; Win64; x64) AppleWebKit/537.36 (KHTML, like Gecko) Chrome/92.0.4515.159 Safari/537.36"
174.128.247.84 - - [17/Aug/2021:19:21:56 +0000] "GET /js/chunk-1f946bc3.594b6f25.js.map HTTP/1.1" 200 1114821 "-" "Mozilla/5.0 (Windows NT 10.0; Win64; x64) AppleWebKit/537.36 (KHTML, like Gecko) Chrome/92.0.4515.159 Safari/537.36"
174.128.247.84 - - [17/Aug/2021:19:22:04 +0000] "GET /dashboard HTTP/1.1" 200 2041 "https://admin.simphini.com/dashboard" "Mozilla/5.0 (Windows NT 10.0; Win64; x64) AppleWebKit/537.36 (KHTML, like Gecko) Chrome/92.0.4515.159 Safari/537.36"
174.128.247.84 - - [17/Aug/2021:19:22:05 +0000] "GET /js/app.041868d3.js HTTP/1.1" 200 17067 "https://admin.simphini.com/dashboard" "Mozilla/5.0 (Windows NT 10.0; Win64; x64) AppleWebKit/537.36 (KHTML, like Gecko) Chrome/92.0.4515.159 Safari/537.36"
174.128.247.84 - - [17/Aug/2021:19:22:05 +0000] "GET /css/chunk-1f946bc3.fa4c2233.css HTTP/1.1" 200 142 "https://admin.simphini.com/dashboard" "Mozilla/5.0 (Windows NT 10.0; Win64; x64) AppleWebKit/537.36 (KHTML, like Gecko) Chrome/92.0.4515.159 Safari/537.36"
174.128.247.84 - - [17/Aug/2021:19:22:05 +0000] "GET /js/chunk-1bc5d802.246556c4.js HTTP/1.1" 200 2226 "https://admin.simphini.com/dashboard" "Mozilla/5.0 (Windows NT 10.0; Win64; x64) AppleWebKit/537.36 (KHTML, like Gecko) Chrome/92.0.4515.159 Safari/537.36"
174.128.247.84 - - [17/Aug/2021:19:22:04 +0000] "GET /css/app.893a1732.css HTTP/1.1" 200 307011 "https://admin.simphini.com/dashboard" "Mozilla/5.0 (Windows NT 10.0; Win64; x64) AppleWebKit/537.36 (KHTML, like Gecko) Chrome/92.0.4515.159 Safari/537.36"
174.128.247.84 - - [17/Aug/2021:19:22:05 +0000] "GET /js/chunk-2d0aa1c7.076d68bf.js HTTP/1.1" 200 512 "https://admin.simphini.com/dashboard" "Mozilla/5.0 (Windows NT 10.0; Win64; x64) AppleWebKit/537.36 (KHTML, like Gecko) Chrome/92.0.4515.159 Safari/537.36"
174.128.247.84 - - [17/Aug/2021:19:22:04 +0000] "GET /css/chunk-vendors.590a9ee0.css HTTP/1.1" 200 228662 "https://admin.simphini.com/dashboard" "Mozilla/5.0 (Windows NT 10.0; Win64; x64) AppleWebKit/537.36 (KHTML, like Gecko) Chrome/92.0.4515.159 Safari/537.36"
174.128.247.84 - - [17/Aug/2021:19:22:05 +0000] "GET /js/chunk-2d0abb9d.21195e47.js HTTP/1.1" 200 517 "https://admin.simphini.com/dashboard" "Mozilla/5.0 (Windows NT 10.0; Win64; x64) AppleWebKit/537.36 (KHTML, like Gecko) Chrome/92.0.4515.159 Safari/537.36"
174.128.247.84 - - [17/Aug/2021:19:22:05 +0000] "GET /js/chunk-2d0b6a7c.a10f7f0e.js HTTP/1.1" 200 3136 "https://admin.simphini.com/dashboard" "Mozilla/5.0 (Windows NT 10.0; Win64; x64) AppleWebKit/537.36 (KHTML, like Gecko) Chrome/92.0.4515.159 Safari/537.36"
174.128.247.84 - - [17/Aug/2021:19:22:05 +0000] "GET /js/chunk-2d0c8842.7c21bcaa.js HTTP/1.1" 200 3092 "https://admin.simphini.com/dashboard" "Mozilla/5.0 (Windows NT 10.0; Win64; x64) AppleWebKit/537.36 (KHTML, like Gecko) Chrome/92.0.4515.159 Safari/537.36"
174.128.247.84 - - [17/Aug/2021:19:22:05 +0000] "GET /js/chunk-2d209b20.664e88b5.js HTTP/1.1" 200 518 "https://admin.simphini.com/dashboard" "Mozilla/5.0 (Windows NT 10.0; Win64; x64) AppleWebKit/537.36 (KHTML, like Gecko) Chrome/92.0.4515.159 Safari/537.36"
174.128.247.84 - - [17/Aug/2021:19:22:05 +0000] "GET /js/chunk-2d210817.bd476dff.js HTTP/1.1" 200 1869 "https://admin.simphini.com/dashboard" "Mozilla/5.0 (Windows NT 10.0; Win64; x64) AppleWebKit/537.36 (KHTML, like Gecko) Chrome/92.0.4515.159 Safari/537.36"
174.128.247.84 - - [17/Aug/2021:19:22:05 +0000] "GET /js/chunk-2d217e3b.3eb4561e.js HTTP/1.1" 200 496 "https://admin.simphini.com/dashboard" "Mozilla/5.0 (Windows NT 10.0; Win64; x64) AppleWebKit/537.36 (KHTML, like Gecko) Chrome/92.0.4515.159 Safari/537.36"
174.128.247.84 - - [17/Aug/2021:19:22:05 +0000] "GET /js/chunk-59c68f4f.397221ff.js HTTP/1.1" 200 4110 "https://admin.simphini.com/dashboard" "Mozilla/5.0 (Windows NT 10.0; Win64; x64) AppleWebKit/537.36 (KHTML, like Gecko) Chrome/92.0.4515.159 Safari/537.36"
174.128.247.84 - - [17/Aug/2021:19:22:05 +0000] "GET /js/chunk-7a0e875e.73ebd25c.js HTTP/1.1" 200 9589 "https://admin.simphini.com/dashboard" "Mozilla/5.0 (Windows NT 10.0; Win64; x64) AppleWebKit/537.36 (KHTML, like Gecko) Chrome/92.0.4515.159 Safari/537.36"
174.128.247.84 - - [17/Aug/2021:19:22:05 +0000] "GET /js/chunk-vendors.124b0bd6.js HTTP/1.1" 200 1226701 "https://admin.simphini.com/dashboard" "Mozilla/5.0 (Windows NT 10.0; Win64; x64) AppleWebKit/537.36 (KHTML, like Gecko) Chrome/92.0.4515.159 Safari/537.36"
174.128.247.84 - - [17/Aug/2021:19:22:05 +0000] "GET /js/chunk-1f946bc3.594b6f25.js HTTP/1.1" 200 493451 "https://admin.simphini.com/dashboard" "Mozilla/5.0 (Windows NT 10.0; Win64; x64) AppleWebKit/537.36 (KHTML, like Gecko) Chrome/92.0.4515.159 Safari/537.36"
174.128.247.84 - - [17/Aug/2021:19:22:07 +0000] "GET /css/chunk-1f946bc3.fa4c2233.css HTTP/1.1" 200 142 "https://admin.simphini.com/dashboard" "Mozilla/5.0 (Windows NT 10.0; Win64; x64) AppleWebKit/537.36 (KHTML, like Gecko) Chrome/92.0.4515.159 Safari/537.36"
174.128.247.84 - - [17/Aug/2021:19:22:07 +0000] "GET /js/app.041868d3.js.map HTTP/1.1" 200 55755 "-" "Mozilla/5.0 (Windows NT 10.0; Win64; x64) AppleWebKit/537.36 (KHTML, like Gecko) Chrome/92.0.4515.159 Safari/537.36"
174.128.247.84 - - [17/Aug/2021:19:22:07 +0000] "GET /js/chunk-1f946bc3.594b6f25.js HTTP/1.1" 200 493451 "https://admin.simphini.com/dashboard" "Mozilla/5.0 (Windows NT 10.0; Win64; x64) AppleWebKit/537.36 (KHTML, like Gecko) Chrome/92.0.4515.159 Safari/537.36"
174.128.247.84 - - [17/Aug/2021:19:22:09 +0000] "GET /favicon.ico HTTP/1.1" 200 4286 "https://admin.simphini.com/dashboard" "Mozilla/5.0 (Windows NT 10.0; Win64; x64) AppleWebKit/537.36 (KHTML, like Gecko) Chrome/92.0.4515.159 Safari/537.36"
174.128.247.84 - - [17/Aug/2021:19:22:09 +0000] "GET /js/chunk-1f946bc3.594b6f25.js.map HTTP/1.1" 200 1114821 "-" "Mozilla/5.0 (Windows NT 10.0; Win64; x64) AppleWebKit/537.36 (KHTML, like Gecko) Chrome/92.0.4515.159 Safari/537.36"
174.128.247.84 - - [17/Aug/2021:19:22:07 +0000] "GET /js/chunk-vendors.124b0bd6.js.map HTTP/1.1" 200 3552682 "-" "Mozilla/5.0 (Windows NT 10.0; Win64; x64) AppleWebKit/537.36 (KHTML, like Gecko) Chrome/92.0.4515.159 Safari/537.36"
114.119.153.131 - - [17/Aug/2021:19:24:09 +0000] "GET /simphini/vendor/league?C=S%3BO%3DA HTTP/1.1" 404 196 "-" "Mozilla/5.0 (Linux; Android 7.0;) AppleWebKit/537.36 (KHTML, like Gecko) Mobile Safari/537.36 (compatible; PetalBot;+https://webmaster.petalsearch.com/site/petalbot)"
174.128.247.84 - - [17/Aug/2021:19:28:41 +0000] "GET /dashboard HTTP/1.1" 200 2041 "https://admin.simphini.com/dashboard" "Mozilla/5.0 (Windows NT 10.0; Win64; x64) AppleWebKit/537.36 (KHTML, like Gecko) Chrome/92.0.4515.159 Safari/537.36"
174.128.247.84 - - [17/Aug/2021:19:28:41 +0000] "GET /js/app.d303cae6.js HTTP/1.1" 200 17971 "https://admin.simphini.com/dashboard" "Mozilla/5.0 (Windows NT 10.0; Win64; x64) AppleWebKit/537.36 (KHTML, like Gecko) Chrome/92.0.4515.159 Safari/537.36"
174.128.247.84 - - [17/Aug/2021:19:28:41 +0000] "GET /css/chunk-1f946bc3.fa4c2233.css HTTP/1.1" 200 142 "https://admin.simphini.com/dashboard" "Mozilla/5.0 (Windows NT 10.0; Win64; x64) AppleWebKit/537.36 (KHTML, like Gecko) Chrome/92.0.4515.159 Safari/537.36"
174.128.247.84 - - [17/Aug/2021:19:28:41 +0000] "GET /js/chunk-1bc5d802.246556c4.js HTTP/1.1" 200 2226 "https://admin.simphini.com/dashboard" "Mozilla/5.0 (Windows NT 10.0; Win64; x64) AppleWebKit/537.36 (KHTML, like Gecko) Chrome/92.0.4515.159 Safari/537.36"
174.128.247.84 - - [17/Aug/2021:19:28:41 +0000] "GET /css/app.893a1732.css HTTP/1.1" 200 307011 "https://admin.simphini.com/dashboard" "Mozilla/5.0 (Windows NT 10.0; Win64; x64) AppleWebKit/537.36 (KHTML, like Gecko) Chrome/92.0.4515.159 Safari/537.36"
174.128.247.84 - - [17/Aug/2021:19:28:41 +0000] "GET /css/chunk-vendors.590a9ee0.css HTTP/1.1" 200 228662 "https://admin.simphini.com/dashboard" "Mozilla/5.0 (Windows NT 10.0; Win64; x64) AppleWebKit/537.36 (KHTML, like Gecko) Chrome/92.0.4515.159 Safari/537.36"
174.128.247.84 - - [17/Aug/2021:19:28:42 +0000] "GET /js/chunk-2d0aa1c7.076d68bf.js HTTP/1.1" 200 512 "https://admin.simphini.com/dashboard" "Mozilla/5.0 (Windows NT 10.0; Win64; x64) AppleWebKit/537.36 (KHTML, like Gecko) Chrome/92.0.4515.159 Safari/537.36"
174.128.247.84 - - [17/Aug/2021:19:28:42 +0000] "GET /js/chunk-2d0abb9d.21195e47.js HTTP/1.1" 200 517 "https://admin.simphini.com/dashboard" "Mozilla/5.0 (Windows NT 10.0; Win64; x64) AppleWebKit/537.36 (KHTML, like Gecko) Chrome/92.0.4515.159 Safari/537.36"
174.128.247.84 - - [17/Aug/2021:19:28:42 +0000] "GET /js/chunk-2d0b6a7c.a10f7f0e.js HTTP/1.1" 200 3136 "https://admin.simphini.com/dashboard" "Mozilla/5.0 (Windows NT 10.0; Win64; x64) AppleWebKit/537.36 (KHTML, like Gecko) Chrome/92.0.4515.159 Safari/537.36"
174.128.247.84 - - [17/Aug/2021:19:28:42 +0000] "GET /js/chunk-2d0c8842.7c21bcaa.js HTTP/1.1" 200 3092 "https://admin.simphini.com/dashboard" "Mozilla/5.0 (Windows NT 10.0; Win64; x64) AppleWebKit/537.36 (KHTML, like Gecko) Chrome/92.0.4515.159 Safari/537.36"
174.128.247.84 - - [17/Aug/2021:19:28:42 +0000] "GET /js/chunk-2d209b20.664e88b5.js HTTP/1.1" 200 518 "https://admin.simphini.com/dashboard" "Mozilla/5.0 (Windows NT 10.0; Win64; x64) AppleWebKit/537.36 (KHTML, like Gecko) Chrome/92.0.4515.159 Safari/537.36"
174.128.247.84 - - [17/Aug/2021:19:28:42 +0000] "GET /js/chunk-2d210817.bd476dff.js HTTP/1.1" 200 1869 "https://admin.simphini.com/dashboard" "Mozilla/5.0 (Windows NT 10.0; Win64; x64) AppleWebKit/537.36 (KHTML, like Gecko) Chrome/92.0.4515.159 Safari/537.36"
174.128.247.84 - - [17/Aug/2021:19:28:42 +0000] "GET /js/chunk-2d217e3b.3eb4561e.js HTTP/1.1" 200 496 "https://admin.simphini.com/dashboard" "Mozilla/5.0 (Windows NT 10.0; Win64; x64) AppleWebKit/537.36 (KHTML, like Gecko) Chrome/92.0.4515.159 Safari/537.36"
174.128.247.84 - - [17/Aug/2021:19:28:42 +0000] "GET /js/chunk-59c68f4f.397221ff.js HTTP/1.1" 200 4110 "https://admin.simphini.com/dashboard" "Mozilla/5.0 (Windows NT 10.0; Win64; x64) AppleWebKit/537.36 (KHTML, like Gecko) Chrome/92.0.4515.159 Safari/537.36"
174.128.247.84 - - [17/Aug/2021:19:28:42 +0000] "GET /js/chunk-7a0e875e.73ebd25c.js HTTP/1.1" 200 9589 "https://admin.simphini.com/dashboard" "Mozilla/5.0 (Windows NT 10.0; Win64; x64) AppleWebKit/537.36 (KHTML, like Gecko) Chrome/92.0.4515.159 Safari/537.36"
174.128.247.84 - - [17/Aug/2021:19:28:41 +0000] "GET /js/chunk-vendors.124b0bd6.js HTTP/1.1" 200 1226701 "https://admin.simphini.com/dashboard" "Mozilla/5.0 (Windows NT 10.0; Win64; x64) AppleWebKit/537.36 (KHTML, like Gecko) Chrome/92.0.4515.159 Safari/537.36"
174.128.247.84 - - [17/Aug/2021:19:28:44 +0000] "GET /js/chunk-2d0c8842.7c21bcaa.js HTTP/1.1" 200 3092 "https://admin.simphini.com/dashboard" "Mozilla/5.0 (Windows NT 10.0; Win64; x64) AppleWebKit/537.36 (KHTML, like Gecko) Chrome/92.0.4515.159 Safari/537.36"
174.128.247.84 - - [17/Aug/2021:19:28:44 +0000] "GET /js/app.d303cae6.js.map HTTP/1.1" 200 58413 "-" "Mozilla/5.0 (Windows NT 10.0; Win64; x64) AppleWebKit/537.36 (KHTML, like Gecko) Chrome/92.0.4515.159 Safari/537.36"
174.128.247.84 - - [17/Aug/2021:19:28:44 +0000] "GET /js/chunk-2d0c8842.7c21bcaa.js.map HTTP/1.1" 200 3694 "-" "Mozilla/5.0 (Windows NT 10.0; Win64; x64) AppleWebKit/537.36 (KHTML, like Gecko) Chrome/92.0.4515.159 Safari/537.36"
174.128.247.84 - - [17/Aug/2021:19:28:44 +0000] "GET /favicon.ico HTTP/1.1" 200 4286 "https://admin.simphini.com/admin/login" "Mozilla/5.0 (Windows NT 10.0; Win64; x64) AppleWebKit/537.36 (KHTML, like Gecko) Chrome/92.0.4515.159 Safari/537.36"
174.128.247.84 - - [17/Aug/2021:19:28:42 +0000] "GET /js/chunk-1f946bc3.594b6f25.js HTTP/1.1" 200 493451 "https://admin.simphini.com/dashboard" "Mozilla/5.0 (Windows NT 10.0; Win64; x64) AppleWebKit/537.36 (KHTML, like Gecko) Chrome/92.0.4515.159 Safari/537.36"
174.128.247.84 - - [17/Aug/2021:19:28:44 +0000] "GET /js/chunk-vendors.124b0bd6.js.map HTTP/1.1" 200 3552682 "-" "Mozilla/5.0 (Windows NT 10.0; Win64; x64) AppleWebKit/537.36 (KHTML, like Gecko) Chrome/92.0.4515.159 Safari/537.36"
174.128.247.84 - - [17/Aug/2021:19:32:23 +0000] "GET /admin/login HTTP/1.1" 200 2041 "https://admin.simphini.com/admin/login" "Mozilla/5.0 (Windows NT 10.0; Win64; x64) AppleWebKit/537.36 (KHTML, like Gecko) Chrome/92.0.4515.159 Safari/537.36"
174.128.247.84 - - [17/Aug/2021:19:32:24 +0000] "GET /js/app.d303cae6.js HTTP/1.1" 200 17971 "https://admin.simphini.com/admin/login" "Mozilla/5.0 (Windows NT 10.0; Win64; x64) AppleWebKit/537.36 (KHTML, like Gecko) Chrome/92.0.4515.159 Safari/537.36"
174.128.247.84 - - [17/Aug/2021:19:32:24 +0000] "GET /css/chunk-1f946bc3.fa4c2233.css HTTP/1.1" 200 142 "https://admin.simphini.com/admin/login" "Mozilla/5.0 (Windows NT 10.0; Win64; x64) AppleWebKit/537.36 (KHTML, like Gecko) Chrome/92.0.4515.159 Safari/537.36"
174.128.247.84 - - [17/Aug/2021:19:32:24 +0000] "GET /js/chunk-1bc5d802.246556c4.js HTTP/1.1" 200 2226 "https://admin.simphini.com/admin/login" "Mozilla/5.0 (Windows NT 10.0; Win64; x64) AppleWebKit/537.36 (KHTML, like Gecko) Chrome/92.0.4515.159 Safari/537.36"
