114.119.153.158 - - [18/Aug/2021:06:57:12 +0000] "GET /simphini/vendor/phpunit/php-file-iterator/tests?C=M%3BO%3DA HTTP/1.1" 200 2041 "-" "Mozilla/5.0 (Linux; Android 7.0;) AppleWebKit/537.36 (KHTML, like Gecko) Mobile Safari/537.36 (compatible; PetalBot;+https://webmaster.petalsearch.com/site/petalbot)"
114.119.153.137 - - [18/Aug/2021:07:04:57 +0000] "GET /simphini/vendor/mockery?C=S%3BO%3DA HTTP/1.1" 200 2041 "-" "Mozilla/5.0 (Linux; Android 7.0;) AppleWebKit/537.36 (KHTML, like Gecko) Mobile Safari/537.36 (compatible; PetalBot;+https://webmaster.petalsearch.com/site/petalbot)"
66.249.68.26 - - [18/Aug/2021:07:08:39 +0000] "GET /simphini/vendor/phpoffice/phpexcel/changelog.txt HTTP/1.1" 200 2041 "-" "Mozilla/5.0 (Linux; Android 6.0.1; Nexus 5X Build/MMB29P) AppleWebKit/537.36 (KHTML, like Gecko) Chrome/92.0.4515.119 Mobile Safari/537.36 (compatible; Googlebot/2.1; +http://www.google.com/bot.html)"
114.119.153.131 - - [18/Aug/2021:07:13:06 +0000] "GET /simphini/vendor/phpoffice/phpexcel/Examples/data HTTP/1.1" 200 2041 "-" "Mozilla/5.0 (Linux; Android 7.0;) AppleWebKit/537.36 (KHTML, like Gecko) Mobile Safari/537.36 (compatible; PetalBot;+https://webmaster.petalsearch.com/site/petalbot)"
114.119.130.213 - - [18/Aug/2021:07:24:26 +0000] "GET /simphini/resources/views/%7B%7B%20route('register')%20%7D%7D HTTP/1.1" 200 2041 "-" "Mozilla/5.0 (Linux; Android 7.0;) AppleWebKit/537.36 (KHTML, like Gecko) Mobile Safari/537.36 (compatible; PetalBot;+https://webmaster.petalsearch.com/site/petalbot)"
180.149.125.175 - - [18/Aug/2021:07:32:08 +0000] "GET /stalker_portal/server/tools/auth_simple.php HTTP/1.1" 200 2041 "http://54.148.105.194/stalker_portal/server/tools/auth_simple.php" "Mozilla/5.0 (Windows NT 5.1; Win64; x64) AppleWebKit/537.36 (KHTML, like Gecko) Chrome/60.0.3112.90 Safari/537.36"
114.119.153.15 - - [18/Aug/2021:07:41:10 +0000] "GET /simphini/vendor/league/flysystem?C=S%3BO%3DA HTTP/1.1" 200 2041 "-" "Mozilla/5.0 (Linux; Android 7.0;) AppleWebKit/537.36 (KHTML, like Gecko) Mobile Safari/537.36 (compatible; PetalBot;+https://webmaster.petalsearch.com/site/petalbot)"
114.119.153.138 - - [18/Aug/2021:07:49:13 +0000] "GET /simphini/vendor/tijsverkoyen?C=N%3BO%3DD HTTP/1.1" 200 2041 "-" "Mozilla/5.0 (Linux; Android 7.0;) AppleWebKit/537.36 (KHTML, like Gecko) Mobile Safari/537.36 (compatible; PetalBot;+https://webmaster.petalsearch.com/site/petalbot)"
66.249.79.29 - - [18/Aug/2021:07:51:32 +0000] "GET /simphini/vendor/mockery/mockery/CHANGELOG.md HTTP/1.1" 200 2041 "-" "Mozilla/5.0 (Linux; Android 6.0.1; Nexus 5X Build/MMB29P) AppleWebKit/537.36 (KHTML, like Gecko) Chrome/92.0.4515.119 Mobile Safari/537.36 (compatible; Googlebot/2.1; +http://www.google.com/bot.html)"
114.119.153.138 - - [18/Aug/2021:07:57:23 +0000] "GET /simphini/resources/views/partial/adminsidebar.blade.php HTTP/1.1" 200 2041 "-" "Mozilla/5.0 (Linux; Android 7.0;) AppleWebKit/537.36 (KHTML, like Gecko) Mobile Safari/537.36 (compatible; PetalBot;+https://webmaster.petalsearch.com/site/petalbot)"
114.119.153.138 - - [18/Aug/2021:08:05:06 +0000] "GET /simphini/vendor/symfony/console/CHANGELOG.md HTTP/1.1" 200 2041 "-" "Mozilla/5.0 (Linux; Android 7.0;) AppleWebKit/537.36 (KHTML, like Gecko) Mobile Safari/537.36 (compatible; PetalBot;+https://webmaster.petalsearch.com/site/petalbot)"
66.249.68.28 - - [18/Aug/2021:08:08:40 +0000] "GET /simphini/vendor/phpoffice/phpexcel/changelog.txt HTTP/1.1" 200 2041 "-" "Mozilla/5.0 (compatible; Googlebot/2.1; +http://www.google.com/bot.html)"
114.119.153.158 - - [18/Aug/2021:08:12:58 +0000] "GET /simphini/vendor/sebastian/resource-operations/tests?C=M%3BO%3DA HTTP/1.1" 200 2041 "-" "Mozilla/5.0 (Linux; Android 7.0;) AppleWebKit/537.36 (KHTML, like Gecko) Mobile Safari/537.36 (compatible; PetalBot;+https://webmaster.petalsearch.com/site/petalbot)"
114.119.153.138 - - [18/Aug/2021:08:20:40 +0000] "GET /simphini/vendor/phpunit/phpunit?C=M%3BO%3DA HTTP/1.1" 200 2041 "-" "Mozilla/5.0 (Linux; Android 7.0;) AppleWebKit/537.36 (KHTML, like Gecko) Mobile Safari/537.36 (compatible; PetalBot;+https://webmaster.petalsearch.com/site/petalbot)"
114.119.153.156 - - [18/Aug/2021:08:28:32 +0000] "GET /simphini/app/Support/EbayClient.php HTTP/1.1" 200 2041 "-" "Mozilla/5.0 (Linux; Android 7.0;) AppleWebKit/537.36 (KHTML, like Gecko) Mobile Safari/537.36 (compatible; PetalBot;+https://webmaster.petalsearch.com/site/petalbot)"
114.119.153.156 - - [18/Aug/2021:08:36:24 +0000] "GET /simphini/vendor/phpunit/php-token-stream/ChangeLog.md HTTP/1.1" 200 2041 "-" "Mozilla/5.0 (Linux; Android 7.0;) AppleWebKit/537.36 (KHTML, like Gecko) Mobile Safari/537.36 (compatible; PetalBot;+https://webmaster.petalsearch.com/site/petalbot)"
40.77.167.89 - - [18/Aug/2021:08:39:25 +0000] "GET / HTTP/1.1" 200 2041 "-" "Mozilla/5.0 (compatible; bingbot/2.0; +http://www.bing.com/bingbot.htm)"
114.119.153.16 - - [18/Aug/2021:08:43:53 +0000] "GET /simphini/vendor/symfony/console/Tests/Helper/TableStyleTest.php HTTP/1.1" 200 2041 "-" "Mozilla/5.0 (Linux; Android 7.0;) AppleWebKit/537.36 (KHTML, like Gecko) Mobile Safari/537.36 (compatible; PetalBot;+https://webmaster.petalsearch.com/site/petalbot)"
114.119.153.16 - - [18/Aug/2021:08:51:34 +0000] "GET /simphini/vendor/symfony/console/Formatter/WrappableOutputFormatterInterface.php HTTP/1.1" 200 2041 "-" "Mozilla/5.0 (Linux; Android 7.0;) AppleWebKit/537.36 (KHTML, like Gecko) Mobile Safari/537.36 (compatible; PetalBot;+https://webmaster.petalsearch.com/site/petalbot)"
45.83.66.202 - - [18/Aug/2021:08:53:17 +0000] "GET / HTTP/1.1" 200 2041 "-" "Mozilla/5.0 (Windows NT 10.0; Win64; x64; rv:65.0) Gecko/20100101 Firefox/65.0"
114.119.153.138 - - [18/Aug/2021:08:58:49 +0000] "GET /simphini/vendor/phpunit/php-timer/LICENSE HTTP/1.1" 200 2041 "-" "Mozilla/5.0 (Linux; Android 7.0;) AppleWebKit/537.36 (KHTML, like Gecko) Mobile Safari/537.36 (compatible; PetalBot;+https://webmaster.petalsearch.com/site/petalbot)"
114.119.153.138 - - [18/Aug/2021:09:06:30 +0000] "GET /simphini/vendor/mockery/mockery/library?C=D%3BO%3DA HTTP/1.1" 200 2041 "-" "Mozilla/5.0 (Linux; Android 7.0;) AppleWebKit/537.36 (KHTML, like Gecko) Mobile Safari/537.36 (compatible; PetalBot;+https://webmaster.petalsearch.com/site/petalbot)"
66.249.68.30 - - [18/Aug/2021:09:08:39 +0000] "GET /simphini/vendor/phpspec/prophecy/src/Prophecy/Doubler/ClassPatch/ HTTP/1.1" 200 2041 "-" "Mozilla/5.0 (Linux; Android 6.0.1; Nexus 5X Build/MMB29P) AppleWebKit/537.36 (KHTML, like Gecko) Chrome/92.0.4515.119 Mobile Safari/537.36 (compatible; Googlebot/2.1; +http://www.google.com/bot.html)"
162.62.117.51 - - [18/Aug/2021:09:10:09 +0000] "GET / HTTP/1.1" 200 2041 "-" "-"
162.62.117.51 - - [18/Aug/2021:09:10:10 +0000] "GET //favicon.ico HTTP/1.1" 200 4286 "-" "Go-http-client/1.1"
114.119.153.137 - - [18/Aug/2021:09:13:59 +0000] "GET /simphini/vendor/phpunit/php-token-stream/tests?C=D%3BO%3DA HTTP/1.1" 200 2041 "-" "Mozilla/5.0 (Linux; Android 7.0;) AppleWebKit/537.36 (KHTML, like Gecko) Mobile Safari/537.36 (compatible; PetalBot;+https://webmaster.petalsearch.com/site/petalbot)"
114.119.153.132 - - [18/Aug/2021:09:21:17 +0000] "GET /simphini/vendor/psr/container?C=M%3BO%3DA HTTP/1.1" 200 2041 "-" "Mozilla/5.0 (Linux; Android 7.0;) AppleWebKit/537.36 (KHTML, like Gecko) Mobile Safari/537.36 (compatible; PetalBot;+https://webmaster.petalsearch.com/site/petalbot)"
114.119.153.138 - - [18/Aug/2021:09:28:51 +0000] "GET /simphini/vendor/hamcrest/hamcrest-php/tests/Hamcrest/Text?C=N%3BO%3DD HTTP/1.1" 200 2041 "-" "Mozilla/5.0 (Linux; Android 7.0;) AppleWebKit/537.36 (KHTML, like Gecko) Mobile Safari/537.36 (compatible; PetalBot;+https://webmaster.petalsearch.com/site/petalbot)"
114.119.153.158 - - [18/Aug/2021:09:36:28 +0000] "GET /simphini/vendor/nesbot/carbon/bin?C=N%3BO%3DD HTTP/1.1" 200 2041 "-" "Mozilla/5.0 (Linux; Android 7.0;) AppleWebKit/537.36 (KHTML, like Gecko) Mobile Safari/537.36 (compatible; PetalBot;+https://webmaster.petalsearch.com/site/petalbot)"
114.119.153.131 - - [18/Aug/2021:09:43:42 +0000] "GET /simphini/vendor/fzaninotto/faker/test/Faker/Provider/ImageTest.php HTTP/1.1" 200 2041 "-" "Mozilla/5.0 (Linux; Android 7.0;) AppleWebKit/537.36 (KHTML, like Gecko) Mobile Safari/537.36 (compatible; PetalBot;+https://webmaster.petalsearch.com/site/petalbot)"
185.173.35.21 - - [18/Aug/2021:09:49:20 +0000] "GET / HTTP/1.1" 200 2041 "-" "NetSystemsResearch studies the availability of various services across the internet. Our website is netsystemsresearch.com"
114.119.153.137 - - [18/Aug/2021:09:51:16 +0000] "GET /simphini/vendor/psy?C=S%3BO%3DA HTTP/1.1" 200 2041 "-" "Mozilla/5.0 (Linux; Android 7.0;) AppleWebKit/537.36 (KHTML, like Gecko) Mobile Safari/537.36 (compatible; PetalBot;+https://webmaster.petalsearch.com/site/petalbot)"
66.249.68.30 - - [18/Aug/2021:09:51:32 +0000] "GET /simphini/vendor/symfony/http-kernel/Tests/EventListener/DisallowRobotsIndexingListenerTest.php HTTP/1.1" 200 2041 "-" "Mozilla/5.0 (Linux; Android 6.0.1; Nexus 5X Build/MMB29P) AppleWebKit/537.36 (KHTML, like Gecko) Chrome/92.0.4515.119 Mobile Safari/537.36 (compatible; Googlebot/2.1; +http://www.google.com/bot.html)"
114.119.148.161 - - [18/Aug/2021:09:58:33 +0000] "GET /simphini/vendor/phpoffice/phpexcel/Examples/29advancedvaluebinder.php HTTP/1.1" 200 2041 "-" "Mozilla/5.0 (Linux; Android 7.0;) AppleWebKit/537.36 (KHTML, like Gecko) Mobile Safari/537.36 (compatible; PetalBot;+https://webmaster.petalsearch.com/site/petalbot)"
114.119.153.15 - - [18/Aug/2021:10:05:58 +0000] "GET /simphini/vendor/swiftmailer/swiftmailer/tests/unit/Swift/Mailer HTTP/1.1" 200 2041 "-" "Mozilla/5.0 (Linux; Android 7.0;) AppleWebKit/537.36 (KHTML, like Gecko) Mobile Safari/537.36 (compatible; PetalBot;+https://webmaster.petalsearch.com/site/petalbot)"
114.119.143.55 - - [18/Aug/2021:10:13:05 +0000] "GET /simphini/vendor/composer/autoload_files.php HTTP/1.1" 200 2041 "-" "Mozilla/5.0 (Linux; Android 7.0;) AppleWebKit/537.36 (KHTML, like Gecko) Mobile Safari/537.36 (compatible; PetalBot;+https://webmaster.petalsearch.com/site/petalbot)"
192.241.206.122 - - [18/Aug/2021:10:17:38 +0000] "GET /owa/auth/logon.aspx?url=https%3a%2f%2f1%2fecp%2f HTTP/1.1" 200 2041 "-" "Mozilla/5.0 zgrab/0.x"
209.141.51.176 - - [18/Aug/2021:10:17:52 +0000] "GET / HTTP/1.0" 400 362 "-" "-"
66.249.68.28 - - [18/Aug/2021:10:24:30 +0000] "GET /simphini/vendor/swiftmailer/swiftmailer/lib/classes/Swift/Signers/ HTTP/1.1" 200 2041 "-" "Mozilla/5.0 (Linux; Android 6.0.1; Nexus 5X Build/MMB29P) AppleWebKit/537.36 (KHTML, like Gecko) Chrome/92.0.4515.119 Mobile Safari/537.36 (compatible; Googlebot/2.1; +http://www.google.com/bot.html)"
114.119.153.131 - - [18/Aug/2021:10:27:36 +0000] "GET /simphini/vendor/nesbot/carbon/src?C=M%3BO%3DA HTTP/1.1" 200 2041 "-" "Mozilla/5.0 (Linux; Android 7.0;) AppleWebKit/537.36 (KHTML, like Gecko) Mobile Safari/537.36 (compatible; PetalBot;+https://webmaster.petalsearch.com/site/petalbot)"
114.119.153.137 - - [18/Aug/2021:10:34:44 +0000] "GET /simphini/vendor/laravelcollective/html/src?C=N%3BO%3DD HTTP/1.1" 200 2041 "-" "Mozilla/5.0 (Linux; Android 7.0;) AppleWebKit/537.36 (KHTML, like Gecko) Mobile Safari/537.36 (compatible; PetalBot;+https://webmaster.petalsearch.com/site/petalbot)"
114.119.153.138 - - [18/Aug/2021:10:42:03 +0000] "GET /simphini/vendor/mcs/amazon-mws?C=M%3BO%3DA HTTP/1.1" 200 2041 "-" "Mozilla/5.0 (Linux; Android 7.0;) AppleWebKit/537.36 (KHTML, like Gecko) Mobile Safari/537.36 (compatible; PetalBot;+https://webmaster.petalsearch.com/site/petalbot)"
66.249.68.28 - - [18/Aug/2021:10:47:30 +0000] "GET /simphini/resources/views/layouts/%7B%7B%20url('dashboard')%20%7D%7D HTTP/1.1" 200 2041 "-" "Mozilla/5.0 (Linux; Android 6.0.1; Nexus 5X Build/MMB29P) AppleWebKit/537.36 (KHTML, like Gecko) Chrome/92.0.4515.119 Mobile Safari/537.36 (compatible; Googlebot/2.1; +http://www.google.com/bot.html)"
114.119.153.15 - - [18/Aug/2021:10:49:22 +0000] "GET /simphini/database/seeds?C=S%3BO%3DA HTTP/1.1" 200 2041 "-" "Mozilla/5.0 (Linux; Android 7.0;) AppleWebKit/537.36 (KHTML, like Gecko) Mobile Safari/537.36 (compatible; PetalBot;+https://webmaster.petalsearch.com/site/petalbot)"
114.119.153.132 - - [18/Aug/2021:10:56:32 +0000] "GET /simphini/vendor/phpoffice/phpexcel/Classes/PHPExcel/Cell?C=N%3BO%3DD HTTP/1.1" 200 2041 "-" "Mozilla/5.0 (Linux; Android 7.0;) AppleWebKit/537.36 (KHTML, like Gecko) Mobile Safari/537.36 (compatible; PetalBot;+https://webmaster.petalsearch.com/site/petalbot)"
114.119.153.158 - - [18/Aug/2021:11:03:38 +0000] "GET /simphini/vendor/phar-io/manifest/build.xml HTTP/1.1" 200 2041 "-" "Mozilla/5.0 (Linux; Android 7.0;) AppleWebKit/537.36 (KHTML, like Gecko) Mobile Safari/537.36 (compatible; PetalBot;+https://webmaster.petalsearch.com/site/petalbot)"
66.249.68.30 - - [18/Aug/2021:11:10:32 +0000] "GET / HTTP/1.1" 200 2041 "-" "Mozilla/5.0 (compatible; Googlebot/2.1; +http://www.google.com/bot.html)"
114.119.153.158 - - [18/Aug/2021:11:10:48 +0000] "GET /simphini/vendor/sebastian/global-state/src/Snapshot.php HTTP/1.1" 200 2041 "-" "Mozilla/5.0 (Linux; Android 7.0;) AppleWebKit/537.36 (KHTML, like Gecko) Mobile Safari/537.36 (compatible; PetalBot;+https://webmaster.petalsearch.com/site/petalbot)"
143.198.176.251 - - [18/Aug/2021:11:15:20 +0000] "GET /wp-login.php HTTP/1.1" 200 2041 "http://simphini.com/wp-login.php" "Mozilla/5.0 (X11; Ubuntu; Linux x86_64; rv:62.0) Gecko/20100101 Firefox/62.0"
114.119.153.137 - - [18/Aug/2021:11:17:48 +0000] "GET /simphini/vendor/symfony/routing/Tests HTTP/1.1" 200 2041 "-" "Mozilla/5.0 (Linux; Android 7.0;) AppleWebKit/537.36 (KHTML, like Gecko) Mobile Safari/537.36 (compatible; PetalBot;+https://webmaster.petalsearch.com/site/petalbot)"
114.119.153.156 - - [18/Aug/2021:11:24:49 +0000] "GET /simphini/vendor/symfony/console/Tester?C=N%3BO%3DD HTTP/1.1" 200 2041 "-" "Mozilla/5.0 (Linux; Android 7.0;) AppleWebKit/537.36 (KHTML, like Gecko) Mobile Safari/537.36 (compatible; PetalBot;+https://webmaster.petalsearch.com/site/petalbot)"
114.119.153.16 - - [18/Aug/2021:11:31:47 +0000] "GET /simphini/vendor/nunomaduro/collision/src?C=D%3BO%3DA HTTP/1.1" 200 2041 "-" "Mozilla/5.0 (Linux; Android 7.0;) AppleWebKit/537.36 (KHTML, like Gecko) Mobile Safari/537.36 (compatible; PetalBot;+https://webmaster.petalsearch.com/site/petalbot)"
114.119.143.55 - - [18/Aug/2021:11:38:53 +0000] "GET /simphini/vendor/swiftmailer/swiftmailer/lib/classes/Swift/SwiftException.php HTTP/1.1" 200 2041 "-" "Mozilla/5.0 (Linux; Android 7.0;) AppleWebKit/537.36 (KHTML, like Gecko) Mobile Safari/537.36 (compatible; PetalBot;+https://webmaster.petalsearch.com/site/petalbot)"
114.119.153.15 - - [18/Aug/2021:11:45:57 +0000] "GET /simphini/vendor/league/flysystem?C=D%3BO%3DA HTTP/1.1" 200 2041 "-" "Mozilla/5.0 (Linux; Android 7.0;) AppleWebKit/537.36 (KHTML, like Gecko) Mobile Safari/537.36 (compatible; PetalBot;+https://webmaster.petalsearch.com/site/petalbot)"
66.249.79.2 - - [18/Aug/2021:11:51:32 +0000] "GET /simphini/vendor/psy/psysh/composer.json HTTP/1.1" 200 2041 "-" "Mozilla/5.0 (compatible; Googlebot/2.1; +http://www.google.com/bot.html)"
114.119.153.16 - - [18/Aug/2021:11:52:44 +0000] "GET /simphini/vendor/symfony/css-selector?C=M%3BO%3DA HTTP/1.1" 200 2041 "-" "Mozilla/5.0 (Linux; Android 7.0;) AppleWebKit/537.36 (KHTML, like Gecko) Mobile Safari/537.36 (compatible; PetalBot;+https://webmaster.petalsearch.com/site/petalbot)"
66.249.79.2 - - [18/Aug/2021:11:58:13 +0000] "GET /simphini/app/Client/ShipstationItem.php HTTP/1.1" 200 2041 "-" "Mozilla/5.0 (Linux; Android 6.0.1; Nexus 5X Build/MMB29P) AppleWebKit/537.36 (KHTML, like Gecko) Chrome/92.0.4515.119 Mobile Safari/537.36 (compatible; Googlebot/2.1; +http://www.google.com/bot.html)"
114.119.153.156 - - [18/Aug/2021:11:59:48 +0000] "GET /simphini/vendor/opis/closure/autoload.php HTTP/1.1" 200 2041 "-" "Mozilla/5.0 (Linux; Android 7.0;) AppleWebKit/537.36 (KHTML, like Gecko) Mobile Safari/537.36 (compatible; PetalBot;+https://webmaster.petalsearch.com/site/petalbot)"
114.119.148.161 - - [18/Aug/2021:12:06:34 +0000] "GET /simphini/app/Client/InventoryLog.php HTTP/1.1" 200 2041 "-" "Mozilla/5.0 (Linux; Android 7.0;) AppleWebKit/537.36 (KHTML, like Gecko) Mobile Safari/537.36 (compatible; PetalBot;+https://webmaster.petalsearch.com/site/petalbot)"
34.79.68.246 - - [18/Aug/2021:12:11:35 +0000] "GET / HTTP/1.1" 200 2041 "-" "python-requests/2.26.0"
114.119.153.156 - - [18/Aug/2021:12:13:31 +0000] "GET /simphini/vendor/dnoegel?C=M%3BO%3DA HTTP/1.1" 200 2041 "-" "Mozilla/5.0 (Linux; Android 7.0;) AppleWebKit/537.36 (KHTML, like Gecko) Mobile Safari/537.36 (compatible; PetalBot;+https://webmaster.petalsearch.com/site/petalbot)"
114.119.153.137 - - [18/Aug/2021:12:20:35 +0000] "GET /simphini/vendor/symfony/console/Tester/TesterTrait.php HTTP/1.1" 200 2041 "-" "Mozilla/5.0 (Linux; Android 7.0;) AppleWebKit/537.36 (KHTML, like Gecko) Mobile Safari/537.36 (compatible; PetalBot;+https://webmaster.petalsearch.com/site/petalbot)"
114.119.153.138 - - [18/Aug/2021:12:27:26 +0000] "GET /simphini/vendor/sebastian/global-state/README.md HTTP/1.1" 200 2041 "-" "Mozilla/5.0 (Linux; Android 7.0;) AppleWebKit/537.36 (KHTML, like Gecko) Mobile Safari/537.36 (compatible; PetalBot;+https://webmaster.petalsearch.com/site/petalbot)"
114.119.148.161 - - [18/Aug/2021:12:34:19 +0000] "GET /simphini/vendor/swiftmailer/swiftmailer/lib/classes/Swift/ByteStream HTTP/1.1" 200 2041 "-" "Mozilla/5.0 (Linux; Android 7.0;) AppleWebKit/537.36 (KHTML, like Gecko) Mobile Safari/537.36 (compatible; PetalBot;+https://webmaster.petalsearch.com/site/petalbot)"
114.119.153.15 - - [18/Aug/2021:12:41:19 +0000] "GET /simphini/vendor/symfony/http-foundation/phpunit.xml.dist HTTP/1.1" 200 2041 "-" "Mozilla/5.0 (Linux; Android 7.0;) AppleWebKit/537.36 (KHTML, like Gecko) Mobile Safari/537.36 (compatible; PetalBot;+https://webmaster.petalsearch.com/site/petalbot)"
185.222.59.20 - - [18/Aug/2021:12:43:27 +0000] "POST /GponForm/diag_Form?style/ HTTP/1.1" 200 2041 "-" "curl/7.3.2"
114.119.153.132 - - [18/Aug/2021:12:48:07 +0000] "GET /simphini/vendor/phpunit/php-code-coverage/src/Filter.php HTTP/1.1" 200 2041 "-" "Mozilla/5.0 (Linux; Android 7.0;) AppleWebKit/537.36 (KHTML, like Gecko) Mobile Safari/537.36 (compatible; PetalBot;+https://webmaster.petalsearch.com/site/petalbot)"
114.119.144.127 - - [18/Aug/2021:12:55:11 +0000] "GET /simphini/database/factories HTTP/1.1" 200 2041 "-" "Mozilla/5.0 (Linux; Android 7.0;) AppleWebKit/537.36 (KHTML, like Gecko) Mobile Safari/537.36 (compatible; PetalBot;+https://webmaster.petalsearch.com/site/petalbot)"
114.119.153.15 - - [18/Aug/2021:13:02:03 +0000] "GET /simphini/vendor/symfony/mime/Header/AbstractHeader.php HTTP/1.1" 200 2041 "-" "Mozilla/5.0 (Linux; Android 7.0;) AppleWebKit/537.36 (KHTML, like Gecko) Mobile Safari/537.36 (compatible; PetalBot;+https://webmaster.petalsearch.com/site/petalbot)"
114.119.148.161 - - [18/Aug/2021:13:09:02 +0000] "GET /simphini/vendor/symfony/http-kernel/Exception/LengthRequiredHttpException.php HTTP/1.1" 200 2041 "-" "Mozilla/5.0 (Linux; Android 7.0;) AppleWebKit/537.36 (KHTML, like Gecko) Mobile Safari/537.36 (compatible; PetalBot;+https://webmaster.petalsearch.com/site/petalbot)"
174.128.247.84 - - [18/Aug/2021:13:14:02 +0000] "GET / HTTP/1.1" 200 2041 "-" "Mozilla/5.0 (Windows NT 10.0; Win64; x64) AppleWebKit/537.36 (KHTML, like Gecko) Chrome/92.0.4515.159 Safari/537.36"
174.128.247.84 - - [18/Aug/2021:13:14:02 +0000] "GET /js/app.d303cae6.js HTTP/1.1" 200 17971 "https://admin.simphini.com/" "Mozilla/5.0 (Windows NT 10.0; Win64; x64) AppleWebKit/537.36 (KHTML, like Gecko) Chrome/92.0.4515.159 Safari/537.36"
174.128.247.84 - - [18/Aug/2021:13:14:02 +0000] "GET /css/chunk-vendors.590a9ee0.css HTTP/1.1" 200 228662 "https://admin.simphini.com/" "Mozilla/5.0 (Windows NT 10.0; Win64; x64) AppleWebKit/537.36 (KHTML, like Gecko) Chrome/92.0.4515.159 Safari/537.36"
174.128.247.84 - - [18/Aug/2021:13:14:03 +0000] "GET /css/chunk-1f946bc3.fa4c2233.css HTTP/1.1" 200 142 "https://admin.simphini.com/" "Mozilla/5.0 (Windows NT 10.0; Win64; x64) AppleWebKit/537.36 (KHTML, like Gecko) Chrome/92.0.4515.159 Safari/537.36"
174.128.247.84 - - [18/Aug/2021:13:14:03 +0000] "GET /js/chunk-1bc5d802.246556c4.js HTTP/1.1" 200 2226 "https://admin.simphini.com/" "Mozilla/5.0 (Windows NT 10.0; Win64; x64) AppleWebKit/537.36 (KHTML, like Gecko) Chrome/92.0.4515.159 Safari/537.36"
174.128.247.84 - - [18/Aug/2021:13:14:04 +0000] "GET /js/chunk-2d0aa1c7.076d68bf.js HTTP/1.1" 200 512 "https://admin.simphini.com/" "Mozilla/5.0 (Windows NT 10.0; Win64; x64) AppleWebKit/537.36 (KHTML, like Gecko) Chrome/92.0.4515.159 Safari/537.36"
174.128.247.84 - - [18/Aug/2021:13:14:04 +0000] "GET /js/chunk-2d0abb9d.21195e47.js HTTP/1.1" 200 517 "https://admin.simphini.com/" "Mozilla/5.0 (Windows NT 10.0; Win64; x64) AppleWebKit/537.36 (KHTML, like Gecko) Chrome/92.0.4515.159 Safari/537.36"
174.128.247.84 - - [18/Aug/2021:13:14:04 +0000] "GET /js/chunk-2d0b6a7c.a10f7f0e.js HTTP/1.1" 200 3136 "https://admin.simphini.com/" "Mozilla/5.0 (Windows NT 10.0; Win64; x64) AppleWebKit/537.36 (KHTML, like Gecko) Chrome/92.0.4515.159 Safari/537.36"
174.128.247.84 - - [18/Aug/2021:13:14:04 +0000] "GET /js/chunk-2d0c8842.7c21bcaa.js HTTP/1.1" 200 3092 "https://admin.simphini.com/" "Mozilla/5.0 (Windows NT 10.0; Win64; x64) AppleWebKit/537.36 (KHTML, like Gecko) Chrome/92.0.4515.159 Safari/537.36"
174.128.247.84 - - [18/Aug/2021:13:14:02 +0000] "GET /css/app.893a1732.css HTTP/1.1" 200 307011 "https://admin.simphini.com/" "Mozilla/5.0 (Windows NT 10.0; Win64; x64) AppleWebKit/537.36 (KHTML, like Gecko) Chrome/92.0.4515.159 Safari/537.36"
174.128.247.84 - - [18/Aug/2021:13:14:04 +0000] "GET /js/chunk-2d209b20.664e88b5.js HTTP/1.1" 200 518 "https://admin.simphini.com/" "Mozilla/5.0 (Windows NT 10.0; Win64; x64) AppleWebKit/537.36 (KHTML, like Gecko) Chrome/92.0.4515.159 Safari/537.36"
174.128.247.84 - - [18/Aug/2021:13:14:04 +0000] "GET /js/chunk-2d210817.bd476dff.js HTTP/1.1" 200 1869 "https://admin.simphini.com/" "Mozilla/5.0 (Windows NT 10.0; Win64; x64) AppleWebKit/537.36 (KHTML, like Gecko) Chrome/92.0.4515.159 Safari/537.36"
174.128.247.84 - - [18/Aug/2021:13:14:04 +0000] "GET /js/chunk-2d217e3b.3eb4561e.js HTTP/1.1" 200 496 "https://admin.simphini.com/" "Mozilla/5.0 (Windows NT 10.0; Win64; x64) AppleWebKit/537.36 (KHTML, like Gecko) Chrome/92.0.4515.159 Safari/537.36"
174.128.247.84 - - [18/Aug/2021:13:14:04 +0000] "GET /js/chunk-59c68f4f.397221ff.js HTTP/1.1" 200 4110 "https://admin.simphini.com/" "Mozilla/5.0 (Windows NT 10.0; Win64; x64) AppleWebKit/537.36 (KHTML, like Gecko) Chrome/92.0.4515.159 Safari/537.36"
174.128.247.84 - - [18/Aug/2021:13:14:04 +0000] "GET /js/chunk-7a0e875e.73ebd25c.js HTTP/1.1" 200 9589 "https://admin.simphini.com/" "Mozilla/5.0 (Windows NT 10.0; Win64; x64) AppleWebKit/537.36 (KHTML, like Gecko) Chrome/92.0.4515.159 Safari/537.36"
174.128.247.84 - - [18/Aug/2021:13:14:03 +0000] "GET /js/chunk-1f946bc3.594b6f25.js HTTP/1.1" 200 493451 "https://admin.simphini.com/" "Mozilla/5.0 (Windows NT 10.0; Win64; x64) AppleWebKit/537.36 (KHTML, like Gecko) Chrome/92.0.4515.159 Safari/537.36"
174.128.247.84 - - [18/Aug/2021:13:14:03 +0000] "GET /js/chunk-vendors.124b0bd6.js HTTP/1.1" 200 1226701 "https://admin.simphini.com/" "Mozilla/5.0 (Windows NT 10.0; Win64; x64) AppleWebKit/537.36 (KHTML, like Gecko) Chrome/92.0.4515.159 Safari/537.36"
174.128.247.84 - - [18/Aug/2021:13:14:38 +0000] "GET /favicon.ico HTTP/1.1" 200 4286 "https://admin.simphini.com/" "Mozilla/5.0 (Windows NT 10.0; Win64; x64) AppleWebKit/537.36 (KHTML, like Gecko) Chrome/92.0.4515.159 Safari/537.36"
174.128.247.84 - - [18/Aug/2021:13:14:57 +0000] "GET / HTTP/1.1" 304 - "https://admin.simphini.com/" "Mozilla/5.0 (Windows NT 10.0; Win64; x64) AppleWebKit/537.36 (KHTML, like Gecko) Chrome/92.0.4515.159 Safari/537.36"
174.128.247.84 - - [18/Aug/2021:13:14:58 +0000] "GET /favicon.ico HTTP/1.1" 200 4286 "https://admin.simphini.com/" "Mozilla/5.0 (Windows NT 10.0; Win64; x64) AppleWebKit/537.36 (KHTML, like Gecko) Chrome/92.0.4515.159 Safari/537.36"
114.119.153.16 - - [18/Aug/2021:13:16:06 +0000] "GET /simphini/vendor/fzaninotto/faker/test/Faker/Provider/en_US HTTP/1.1" 200 2041 "-" "Mozilla/5.0 (Linux; Android 7.0;) AppleWebKit/537.36 (KHTML, like Gecko) Mobile Safari/537.36 (compatible; PetalBot;+https://webmaster.petalsearch.com/site/petalbot)"
114.119.148.161 - - [18/Aug/2021:13:22:51 +0000] "GET /simphini/vendor/sebastian/object-reflector?C=M%3BO%3DA HTTP/1.1" 200 2041 "-" "Mozilla/5.0 (Linux; Android 7.0;) AppleWebKit/537.36 (KHTML, like Gecko) Mobile Safari/537.36 (compatible; PetalBot;+https://webmaster.petalsearch.com/site/petalbot)"
114.119.153.132 - - [18/Aug/2021:13:29:47 +0000] "GET /simphini/vendor/symfony/console/Style/StyleInterface.php HTTP/1.1" 200 2041 "-" "Mozilla/5.0 (Linux; Android 7.0;) AppleWebKit/537.36 (KHTML, like Gecko) Mobile Safari/537.36 (compatible; PetalBot;+https://webmaster.petalsearch.com/site/petalbot)"
66.249.68.28 - - [18/Aug/2021:13:31:57 +0000] "GET /simphini/vendor/swiftmailer/swiftmailer/lib/classes/Swift/CharacterStream/ HTTP/1.1" 200 2041 "-" "Mozilla/5.0 (Linux; Android 6.0.1; Nexus 5X Build/MMB29P) AppleWebKit/537.36 (KHTML, like Gecko) Chrome/92.0.4515.119 Mobile Safari/537.36 (compatible; Googlebot/2.1; +http://www.google.com/bot.html)"
114.119.148.161 - - [18/Aug/2021:13:36:37 +0000] "GET /simphini/vendor/symfony/event-dispatcher HTTP/1.1" 200 2041 "-" "Mozilla/5.0 (Linux; Android 7.0;) AppleWebKit/537.36 (KHTML, like Gecko) Mobile Safari/537.36 (compatible; PetalBot;+https://webmaster.petalsearch.com/site/petalbot)"
162.142.125.44 - - [18/Aug/2021:13:36:45 +0000] "GET / HTTP/1.1" 200 2041 "-" "-"
162.142.125.44 - - [18/Aug/2021:13:36:45 +0000] "GET / HTTP/1.1" 200 2041 "-" "Mozilla/5.0 (compatible; CensysInspect/1.1; +https://about.censys.io/)"
40.77.167.89 - - [18/Aug/2021:13:41:53 +0000] "GET / HTTP/1.1" 200 2041 "-" "Mozilla/5.0 (compatible; bingbot/2.0; +http://www.bing.com/bingbot.htm)"
114.119.153.132 - - [18/Aug/2021:13:43:25 +0000] "GET /simphini/vendor/phpunit/phpunit/src?C=N%3BO%3DD HTTP/1.1" 200 2041 "-" "Mozilla/5.0 (Linux; Android 7.0;) AppleWebKit/537.36 (KHTML, like Gecko) Mobile Safari/537.36 (compatible; PetalBot;+https://webmaster.petalsearch.com/site/petalbot)"
114.119.153.16 - - [18/Aug/2021:13:50:18 +0000] "GET /simphini/vendor/sebastian/object-reflector/src?C=D%3BO%3DA HTTP/1.1" 200 2041 "-" "Mozilla/5.0 (Linux; Android 7.0;) AppleWebKit/537.36 (KHTML, like Gecko) Mobile Safari/537.36 (compatible; PetalBot;+https://webmaster.petalsearch.com/site/petalbot)"
66.249.79.2 - - [18/Aug/2021:13:51:33 +0000] "GET /simphini/app/Client/ShipstationItemWeight.php HTTP/1.1" 200 2041 "-" "Mozilla/5.0 (Linux; Android 6.0.1; Nexus 5X Build/MMB29P) AppleWebKit/537.36 (KHTML, like Gecko) Chrome/92.0.4515.119 Mobile Safari/537.36 (compatible; Googlebot/2.1; +http://www.google.com/bot.html)"
114.119.148.161 - - [18/Aug/2021:13:57:07 +0000] "GET /simphini/vendor/hamcrest/hamcrest-php/tests/Hamcrest/Number?C=D%3BO%3DA HTTP/1.1" 200 2041 "-" "Mozilla/5.0 (Linux; Android 7.0;) AppleWebKit/537.36 (KHTML, like Gecko) Mobile Safari/537.36 (compatible; PetalBot;+https://webmaster.petalsearch.com/site/petalbot)"
66.249.79.31 - - [18/Aug/2021:14:02:07 +0000] "GET /js/app.d303cae6.js HTTP/1.1" 200 17971 "https://www.simphini.com/simphini/app/Client/ShipstationItemWeight.php" "Mozilla/5.0 (Linux; Android 6.0.1; Nexus 5X Build/MMB29P) AppleWebKit/537.36 (KHTML, like Gecko) Chrome/92.0.4515.119 Mobile Safari/537.36 (compatible; Googlebot/2.1; +http://www.google.com/bot.html)"
66.249.79.31 - - [18/Aug/2021:14:02:07 +0000] "GET /js/chunk-2d0b6a7c.a10f7f0e.js HTTP/1.1" 200 3136 "https://www.simphini.com/simphini/app/Client/ShipstationItemWeight.php" "Mozilla/5.0 (Linux; Android 6.0.1; Nexus 5X Build/MMB29P) AppleWebKit/537.36 (KHTML, like Gecko) Chrome/92.0.4515.119 Mobile Safari/537.36 (compatible; Googlebot/2.1; +http://www.google.com/bot.html)"
66.249.79.31 - - [18/Aug/2021:14:02:11 +0000] "GET /js/chunk-2d0c8842.7c21bcaa.js HTTP/1.1" 200 3092 "https://www.simphini.com/simphini/app/Client/ShipstationItemWeight.php" "Mozilla/5.0 (Linux; Android 6.0.1; Nexus 5X Build/MMB29P) AppleWebKit/537.36 (KHTML, like Gecko) Chrome/92.0.4515.119 Mobile Safari/537.36 (compatible; Googlebot/2.1; +http://www.google.com/bot.html)"
66.249.79.31 - - [18/Aug/2021:14:02:11 +0000] "GET /js/chunk-vendors.124b0bd6.js HTTP/1.1" 200 1226701 "https://www.simphini.com/simphini/app/Client/ShipstationItemWeight.php" "Mozilla/5.0 (Linux; Android 6.0.1; Nexus 5X Build/MMB29P) AppleWebKit/537.36 (KHTML, like Gecko) Chrome/92.0.4515.119 Mobile Safari/537.36 (compatible; Googlebot/2.1; +http://www.google.com/bot.html)"
66.249.79.29 - - [18/Aug/2021:14:02:14 +0000] "GET /css/chunk-1f946bc3.fa4c2233.css HTTP/1.1" 200 142 "https://www.simphini.com/simphini/app/Client/ShipstationItemWeight.php" "Mozilla/5.0 (Linux; Android 6.0.1; Nexus 5X Build/MMB29P) AppleWebKit/537.36 (KHTML, like Gecko) Chrome/92.0.4515.119 Mobile Safari/537.36 (compatible; Googlebot/2.1; +http://www.google.com/bot.html)"
114.119.148.161 - - [18/Aug/2021:14:04:02 +0000] "GET /simphini/vendor/phpoffice/phpexcel/Classes/PHPExcel/Cell?C=D%3BO%3DA HTTP/1.1" 200 2041 "-" "Mozilla/5.0 (Linux; Android 7.0;) AppleWebKit/537.36 (KHTML, like Gecko) Mobile Safari/537.36 (compatible; PetalBot;+https://webmaster.petalsearch.com/site/petalbot)"
77.247.108.42 - - [18/Aug/2021:14:06:22 +0000] "GET / HTTP/1.0" 400 362 "-" "-"
114.119.153.138 - - [18/Aug/2021:14:10:55 +0000] "GET /simphini/vendor/opis/closure/src?C=S%3BO%3DA HTTP/1.1" 200 2041 "-" "Mozilla/5.0 (Linux; Android 7.0;) AppleWebKit/537.36 (KHTML, like Gecko) Mobile Safari/537.36 (compatible; PetalBot;+https://webmaster.petalsearch.com/site/petalbot)"
114.119.153.16 - - [18/Aug/2021:14:17:37 +0000] "GET /simphini/vendor/psr/container/src?C=N%3BO%3DD HTTP/1.1" 200 2041 "-" "Mozilla/5.0 (Linux; Android 7.0;) AppleWebKit/537.36 (KHTML, like Gecko) Mobile Safari/537.36 (compatible; PetalBot;+https://webmaster.petalsearch.com/site/petalbot)"
114.119.153.15 - - [18/Aug/2021:14:24:32 +0000] "GET /simphini/vendor/theseer/tokenizer HTTP/1.1" 200 2041 "-" "Mozilla/5.0 (Linux; Android 7.0;) AppleWebKit/537.36 (KHTML, like Gecko) Mobile Safari/537.36 (compatible; PetalBot;+https://webmaster.petalsearch.com/site/petalbot)"
114.119.153.15 - - [18/Aug/2021:14:31:18 +0000] "GET /simphini/app/Client?C=M%3BO%3DA HTTP/1.1" 200 2041 "-" "Mozilla/5.0 (Linux; Android 7.0;) AppleWebKit/537.36 (KHTML, like Gecko) Mobile Safari/537.36 (compatible; PetalBot;+https://webmaster.petalsearch.com/site/petalbot)"
114.119.153.131 - - [18/Aug/2021:14:38:05 +0000] "GET /simphini/vendor/symfony/http-kernel/Resources HTTP/1.1" 200 2041 "-" "Mozilla/5.0 (Linux; Android 7.0;) AppleWebKit/537.36 (KHTML, like Gecko) Mobile Safari/537.36 (compatible; PetalBot;+https://webmaster.petalsearch.com/site/petalbot)"
114.119.153.158 - - [18/Aug/2021:14:44:54 +0000] "GET /simphini/vendor/phpoffice/phpexcel/Examples/templates/32readwriteColumnStackedChart2.xlsx HTTP/1.1" 200 2041 "-" "Mozilla/5.0 (Linux; Android 7.0;) AppleWebKit/537.36 (KHTML, like Gecko) Mobile Safari/537.36 (compatible; PetalBot;+https://webmaster.petalsearch.com/site/petalbot)"
114.119.153.137 - - [18/Aug/2021:14:51:33 +0000] "GET /simphini/vendor/monolog?C=D%3BO%3DA HTTP/1.1" 200 2041 "-" "Mozilla/5.0 (Linux; Android 7.0;) AppleWebKit/537.36 (KHTML, like Gecko) Mobile Safari/537.36 (compatible; PetalBot;+https://webmaster.petalsearch.com/site/petalbot)"
114.119.153.132 - - [18/Aug/2021:14:58:13 +0000] "GET /simphini/app/Client?C=S%3BO%3DA HTTP/1.1" 200 2041 "-" "Mozilla/5.0 (Linux; Android 7.0;) AppleWebKit/537.36 (KHTML, like Gecko) Mobile Safari/537.36 (compatible; PetalBot;+https://webmaster.petalsearch.com/site/petalbot)"
114.119.153.15 - - [18/Aug/2021:15:04:57 +0000] "GET /simphini/vendor/nikic/php-parser/lib?C=N%3BO%3DD HTTP/1.1" 200 2041 "-" "Mozilla/5.0 (Linux; Android 7.0;) AppleWebKit/537.36 (KHTML, like Gecko) Mobile Safari/537.36 (compatible; PetalBot;+https://webmaster.petalsearch.com/site/petalbot)"
114.119.148.161 - - [18/Aug/2021:15:11:45 +0000] "GET /simphini/vendor/mockery/mockery/tests?C=N%3BO%3DD HTTP/1.1" 200 2041 "-" "Mozilla/5.0 (Linux; Android 7.0;) AppleWebKit/537.36 (KHTML, like Gecko) Mobile Safari/537.36 (compatible; PetalBot;+https://webmaster.petalsearch.com/site/petalbot)"
114.119.153.132 - - [18/Aug/2021:15:18:34 +0000] "GET /simphini/vendor/filp/whoops/CHANGELOG.md HTTP/1.1" 200 2041 "-" "Mozilla/5.0 (Linux; Android 7.0;) AppleWebKit/537.36 (KHTML, like Gecko) Mobile Safari/537.36 (compatible; PetalBot;+https://webmaster.petalsearch.com/site/petalbot)"
3.237.65.204 - - [18/Aug/2021:15:22:31 +0000] "GET / HTTP/1.1" 200 2041 "-" "Mozilla/5.0 (X11; Ubuntu; Linux x86_64; rv:52.0) Gecko/20100101 Firefox/52.0"
3.237.65.204 - - [18/Aug/2021:15:22:32 +0000] "GET /favicon.ico HTTP/1.1" 200 4286 "-" "Mozilla/5.0 (X11; Ubuntu; Linux x86_64; rv:52.0) Gecko/20100101 Firefox/52.0"
3.237.65.204 - - [18/Aug/2021:15:22:32 +0000] "GET /favicon.ico HTTP/1.1" 200 4286 "-" "Mozilla/5.0 (X11; Ubuntu; Linux x86_64; rv:52.0) Gecko/20100101 Firefox/52.0"
114.119.153.132 - - [18/Aug/2021:15:25:07 +0000] "GET /simphini/vendor/fzaninotto/faker/test/Faker/Provider/uk_UA HTTP/1.1" 200 2041 "-" "Mozilla/5.0 (Linux; Android 7.0;) AppleWebKit/537.36 (KHTML, like Gecko) Mobile Safari/537.36 (compatible; PetalBot;+https://webmaster.petalsearch.com/site/petalbot)"
114.119.153.158 - - [18/Aug/2021:15:31:52 +0000] "GET /simphini/config/auth.php HTTP/1.1" 200 2041 "-" "Mozilla/5.0 (Linux; Android 7.0;) AppleWebKit/537.36 (KHTML, like Gecko) Mobile Safari/537.36 (compatible; PetalBot;+https://webmaster.petalsearch.com/site/petalbot)"
114.119.153.137 - - [18/Aug/2021:15:38:33 +0000] "GET /simphini/vendor/hamcrest/hamcrest-php/tests/Hamcrest/Type HTTP/1.1" 200 2041 "-" "Mozilla/5.0 (Linux; Android 7.0;) AppleWebKit/537.36 (KHTML, like Gecko) Mobile Safari/537.36 (compatible; PetalBot;+https://webmaster.petalsearch.com/site/petalbot)"
114.119.153.138 - - [18/Aug/2021:15:45:16 +0000] "GET /simphini/vendor/egulias HTTP/1.1" 200 2041 "-" "Mozilla/5.0 (Linux; Android 7.0;) AppleWebKit/537.36 (KHTML, like Gecko) Mobile Safari/537.36 (compatible; PetalBot;+https://webmaster.petalsearch.com/site/petalbot)"
66.249.68.30 - - [18/Aug/2021:15:46:58 +0000] "GET /simphini/vendor/laravel/framework/src/Illuminate/Container/ HTTP/1.1" 200 2041 "-" "Mozilla/5.0 (Linux; Android 6.0.1; Nexus 5X Build/MMB29P) AppleWebKit/537.36 (KHTML, like Gecko) Chrome/92.0.4515.119 Mobile Safari/537.36 (compatible; Googlebot/2.1; +http://www.google.com/bot.html)"
66.249.79.2 - - [18/Aug/2021:15:51:32 +0000] "GET /simphini/vendor/symfony/http-kernel/Event/TerminateEvent.php HTTP/1.1" 200 2041 "-" "Mozilla/5.0 (Linux; Android 6.0.1; Nexus 5X Build/MMB29P) AppleWebKit/537.36 (KHTML, like Gecko) Chrome/92.0.4515.119 Mobile Safari/537.36 (compatible; Googlebot/2.1; +http://www.google.com/bot.html)"
66.249.79.29 - - [18/Aug/2021:15:51:34 +0000] "GET /js/chunk-2d209b20.664e88b5.js HTTP/1.1" 200 518 "https://www.simphini.com/simphini/vendor/symfony/http-kernel/Event/TerminateEvent.php" "Mozilla/5.0 (Linux; Android 6.0.1; Nexus 5X Build/MMB29P) AppleWebKit/537.36 (KHTML, like Gecko) Chrome/92.0.4515.119 Mobile Safari/537.36 (compatible; Googlebot/2.1; +http://www.google.com/bot.html)"
114.119.153.137 - - [18/Aug/2021:15:52:03 +0000] "GET /simphini/vendor/sebastian/global-state HTTP/1.1" 200 2041 "-" "Mozilla/5.0 (Linux; Android 7.0;) AppleWebKit/537.36 (KHTML, like Gecko) Mobile Safari/537.36 (compatible; PetalBot;+https://webmaster.petalsearch.com/site/petalbot)"
114.119.153.158 - - [18/Aug/2021:15:58:41 +0000] "GET /simphini/vendor/hamcrest/hamcrest-php/tests?C=M%3BO%3DA HTTP/1.1" 200 2041 "-" "Mozilla/5.0 (Linux; Android 7.0;) AppleWebKit/537.36 (KHTML, like Gecko) Mobile Safari/537.36 (compatible; PetalBot;+https://webmaster.petalsearch.com/site/petalbot)"
66.249.79.31 - - [18/Aug/2021:16:01:57 +0000] "GET /simphini/vendor/phpoffice/phpexcel/Examples/ HTTP/1.1" 200 2041 "-" "Mozilla/5.0 (Linux; Android 6.0.1; Nexus 5X Build/MMB29P) AppleWebKit/537.36 (KHTML, like Gecko) Chrome/92.0.4515.119 Mobile Safari/537.36 (compatible; Googlebot/2.1; +http://www.google.com/bot.html)"
114.119.153.156 - - [18/Aug/2021:16:05:22 +0000] "GET /simphini/vendor/monolog/monolog HTTP/1.1" 200 2041 "-" "Mozilla/5.0 (Linux; Android 7.0;) AppleWebKit/537.36 (KHTML, like Gecko) Mobile Safari/537.36 (compatible; PetalBot;+https://webmaster.petalsearch.com/site/petalbot)"
114.119.153.138 - - [18/Aug/2021:16:12:10 +0000] "GET /simphini/resources/views/layouts HTTP/1.1" 200 2041 "-" "Mozilla/5.0 (Linux; Android 7.0;) AppleWebKit/537.36 (KHTML, like Gecko) Mobile Safari/537.36 (compatible; PetalBot;+https://webmaster.petalsearch.com/site/petalbot)"
66.249.68.26 - - [18/Aug/2021:16:16:57 +0000] "GET /simphini/vendor/symfony/routing/Loader/ HTTP/1.1" 200 2041 "-" "Mozilla/5.0 (Linux; Android 6.0.1; Nexus 5X Build/MMB29P) AppleWebKit/537.36 (KHTML, like Gecko) Chrome/92.0.4515.119 Mobile Safari/537.36 (compatible; Googlebot/2.1; +http://www.google.com/bot.html)"
114.119.153.16 - - [18/Aug/2021:16:18:39 +0000] "GET /simphini/vendor/hamcrest/hamcrest-php/composer.lock HTTP/1.1" 200 2041 "-" "Mozilla/5.0 (Linux; Android 7.0;) AppleWebKit/537.36 (KHTML, like Gecko) Mobile Safari/537.36 (compatible; PetalBot;+https://webmaster.petalsearch.com/site/petalbot)"
114.119.153.137 - - [18/Aug/2021:16:25:26 +0000] "GET /simphini/vendor/phpoffice/phpexcel/Examples/31docproperties_write.php HTTP/1.1" 200 2041 "-" "Mozilla/5.0 (Linux; Android 7.0;) AppleWebKit/537.36 (KHTML, like Gecko) Mobile Safari/537.36 (compatible; PetalBot;+https://webmaster.petalsearch.com/site/petalbot)"
66.249.68.30 - - [18/Aug/2021:16:31:57 +0000] "GET /simphini/vendor/swiftmailer/swiftmailer/lib/classes/Swift/Signers/ HTTP/1.1" 200 2041 "-" "Mozilla/5.0 (compatible; Googlebot/2.1; +http://www.google.com/bot.html)"
114.119.148.161 - - [18/Aug/2021:16:32:05 +0000] "GET /robots.txt HTTP/1.1" 200 2041 "-" "Mozilla/5.0 (compatible;PetalBot;+https://webmaster.petalsearch.com/site/petalbot)"
77.247.108.42 - - [18/Aug/2021:16:36:30 +0000] "GET /recordings/theme/main.css HTTP/1.1" 200 2041 "-" "Mozilla/5.0 zgrab/0.x"
114.119.153.156 - - [18/Aug/2021:16:38:40 +0000] "GET /simphini/app/Client/OrderItem.php HTTP/1.1" 200 2041 "-" "Mozilla/5.0 (Linux; Android 7.0;) AppleWebKit/537.36 (KHTML, like Gecko) Mobile Safari/537.36 (compatible; PetalBot;+https://webmaster.petalsearch.com/site/petalbot)"
67.227.186.98 - - [18/Aug/2021:16:44:44 +0000] "HEAD /wp-login.php HTTP/1.1" 200 - "-" "User-Agent: Mozilla/5.0 (Windows NT 5.1; rv:32.0) Gecko/20100101 Firefox/32.0"
114.119.153.138 - - [18/Aug/2021:16:45:26 +0000] "GET /simphini/vendor/phpunit/phpunit/src/Framework/Constraint/Callback.php HTTP/1.1" 200 2041 "-" "Mozilla/5.0 (Linux; Android 7.0;) AppleWebKit/537.36 (KHTML, like Gecko) Mobile Safari/537.36 (compatible; PetalBot;+https://webmaster.petalsearch.com/site/petalbot)"
66.249.68.26 - - [18/Aug/2021:16:46:57 +0000] "GET /simphini/vendor/phpoffice/phpexcel/Classes/PHPExcel/locale/tr/ HTTP/1.1" 304 - "-" "Mozilla/5.0 (compatible; Googlebot/2.1; +http://www.google.com/bot.html)"
162.142.125.57 - - [18/Aug/2021:16:49:43 +0000] "GET / HTTP/1.1" 200 2041 "-" "Mozilla/5.0 (compatible; CensysInspect/1.1; +https://about.censys.io/)"
114.119.153.132 - - [18/Aug/2021:16:52:00 +0000] "GET /simphini/vendor/symfony/service-contracts/ServiceSubscriberTrait.php HTTP/1.1" 200 2041 "-" "Mozilla/5.0 (Linux; Android 7.0;) AppleWebKit/537.36 (KHTML, like Gecko) Mobile Safari/537.36 (compatible; PetalBot;+https://webmaster.petalsearch.com/site/petalbot)"
192.241.198.211 - - [18/Aug/2021:16:56:48 +0000] "GET /owa/auth/x.js HTTP/1.1" 200 2041 "-" "Mozilla/5.0 zgrab/0.x"
114.119.153.158 - - [18/Aug/2021:16:58:45 +0000] "GET /simphini/vendor/symfony/polyfill-intl-idn?C=M%3BO%3DA HTTP/1.1" 200 2041 "-" "Mozilla/5.0 (Linux; Android 7.0;) AppleWebKit/537.36 (KHTML, like Gecko) Mobile Safari/537.36 (compatible; PetalBot;+https://webmaster.petalsearch.com/site/petalbot)"
66.249.68.28 - - [18/Aug/2021:17:01:57 +0000] "GET /robots.txt HTTP/1.1" 200 2041 "-" "Mozilla/5.0 (compatible; Googlebot/2.1; +http://www.google.com/bot.html)"
66.249.68.28 - - [18/Aug/2021:17:01:58 +0000] "GET /simphini/vendor/sebastian/diff/src/ HTTP/1.1" 200 2041 "-" "Mozilla/5.0 (Linux; Android 6.0.1; Nexus 5X Build/MMB29P) AppleWebKit/537.36 (KHTML, like Gecko) Chrome/92.0.4515.119 Mobile Safari/537.36 (compatible; Googlebot/2.1; +http://www.google.com/bot.html)"
114.119.153.15 - - [18/Aug/2021:17:05:17 +0000] "GET /simphini/vendor/phpunit/phpunit/src/Framework/IncompleteTestCase.php HTTP/1.1" 200 2041 "-" "Mozilla/5.0 (Linux; Android 7.0;) AppleWebKit/537.36 (KHTML, like Gecko) Mobile Safari/537.36 (compatible; PetalBot;+https://webmaster.petalsearch.com/site/petalbot)"
114.119.153.138 - - [18/Aug/2021:17:11:53 +0000] "GET /simphini/vendor/symfony/http-foundation/ParameterBag.php HTTP/1.1" 200 2041 "-" "Mozilla/5.0 (Linux; Android 7.0;) AppleWebKit/537.36 (KHTML, like Gecko) Mobile Safari/537.36 (compatible; PetalBot;+https://webmaster.petalsearch.com/site/petalbot)"
192.241.219.147 - - [18/Aug/2021:17:13:14 +0000] "GET /ecp/Current/exporttool/microsoft.exchange.ediscovery.exporttool.application HTTP/1.1" 200 2041 "-" "Mozilla/5.0 zgrab/0.x"
66.249.68.26 - - [18/Aug/2021:17:16:58 +0000] "GET /simphini/resources/views/auth/passwords/ HTTP/1.1" 200 2041 "-" "Mozilla/5.0 (Linux; Android 6.0.1; Nexus 5X Build/MMB29P) AppleWebKit/537.36 (KHTML, like Gecko) Chrome/92.0.4515.119 Mobile Safari/537.36 (compatible; Googlebot/2.1; +http://www.google.com/bot.html)"
114.119.148.161 - - [18/Aug/2021:17:18:29 +0000] "GET /simphini/vendor/yajra/laravel-datatables-fractal/README.md HTTP/1.1" 200 2041 "-" "Mozilla/5.0 (Linux; Android 7.0;) AppleWebKit/537.36 (KHTML, like Gecko) Mobile Safari/537.36 (compatible; PetalBot;+https://webmaster.petalsearch.com/site/petalbot)"
192.241.221.151 - - [18/Aug/2021:17:18:58 +0000] "GET /owa/auth/logon.aspx HTTP/1.1" 200 2041 "-" "Mozilla/5.0 zgrab/0.x"
114.119.153.15 - - [18/Aug/2021:17:25:05 +0000] "GET /simphini/vendor/phpunit/php-token-stream?C=D%3BO%3DA HTTP/1.1" 200 2041 "-" "Mozilla/5.0 (Linux; Android 7.0;) AppleWebKit/537.36 (KHTML, like Gecko) Mobile Safari/537.36 (compatible; PetalBot;+https://webmaster.petalsearch.com/site/petalbot)"
114.119.153.131 - - [18/Aug/2021:17:31:50 +0000] "GET /simphini/vendor/symfony/routing/RouteCompilerInterface.php HTTP/1.1" 200 2041 "-" "Mozilla/5.0 (Linux; Android 7.0;) AppleWebKit/537.36 (KHTML, like Gecko) Mobile Safari/537.36 (compatible; PetalBot;+https://webmaster.petalsearch.com/site/petalbot)"
114.119.153.16 - - [18/Aug/2021:17:38:32 +0000] "GET /simphini/vendor/maatwebsite/excel/provides.json HTTP/1.1" 404 196 "-" "Mozilla/5.0 (Linux; Android 7.0;) AppleWebKit/537.36 (KHTML, like Gecko) Mobile Safari/537.36 (compatible; PetalBot;+https://webmaster.petalsearch.com/site/petalbot)"
114.119.153.16 - - [18/Aug/2021:17:45:02 +0000] "GET /simphini/vendor/tijsverkoyen/css-to-inline-styles/src?C=D%3BO%3DA HTTP/1.1" 200 2102 "-" "Mozilla/5.0 (Linux; Android 7.0;) AppleWebKit/537.36 (KHTML, like Gecko) Mobile Safari/537.36 (compatible; PetalBot;+https://webmaster.petalsearch.com/site/petalbot)"
66.249.68.30 - - [18/Aug/2021:17:46:58 +0000] "GET /simphini/vendor/proengsoft/laravel-jsvalidation/src/Exceptions/ HTTP/1.1" 200 2102 "-" "Mozilla/5.0 (Linux; Android 6.0.1; Nexus 5X Build/MMB29P) AppleWebKit/537.36 (KHTML, like Gecko) Chrome/92.0.4515.119 Mobile Safari/537.36 (compatible; Googlebot/2.1; +http://www.google.com/bot.html)"
66.249.68.30 - - [18/Aug/2021:17:46:59 +0000] "GET /js/chunk-2d0e6c94.e0c01c9a.js HTTP/1.1" 200 520 "https://simphini.com/simphini/vendor/proengsoft/laravel-jsvalidation/src/Exceptions/" "Mozilla/5.0 (Linux; Android 6.0.1; Nexus 5X Build/MMB29P) AppleWebKit/537.36 (KHTML, like Gecko) Chrome/92.0.4515.119 Mobile Safari/537.36 (compatible; Googlebot/2.1; +http://www.google.com/bot.html)"
66.249.68.28 - - [18/Aug/2021:17:46:59 +0000] "GET /js/chunk-vendors.5691a17b.js HTTP/1.1" 200 1226753 "https://simphini.com/simphini/vendor/proengsoft/laravel-jsvalidation/src/Exceptions/" "Mozilla/5.0 (Linux; Android 6.0.1; Nexus 5X Build/MMB29P) AppleWebKit/537.36 (KHTML, like Gecko) Chrome/92.0.4515.119 Mobile Safari/537.36 (compatible; Googlebot/2.1; +http://www.google.com/bot.html)"
66.249.68.26 - - [18/Aug/2021:17:46:59 +0000] "GET /js/chunk-2d0b6a7c.67c1c630.js HTTP/1.1" 200 3136 "https://simphini.com/simphini/vendor/proengsoft/laravel-jsvalidation/src/Exceptions/" "Mozilla/5.0 (Linux; Android 6.0.1; Nexus 5X Build/MMB29P) AppleWebKit/537.36 (KHTML, like Gecko) Chrome/92.0.4515.119 Mobile Safari/537.36 (compatible; Googlebot/2.1; +http://www.google.com/bot.html)"
66.249.68.28 - - [18/Aug/2021:17:46:59 +0000] "GET /js/chunk-7a0e875e.84858ff1.js HTTP/1.1" 200 9589 "https://simphini.com/simphini/vendor/proengsoft/laravel-jsvalidation/src/Exceptions/" "Mozilla/5.0 (Linux; Android 6.0.1; Nexus 5X Build/MMB29P) AppleWebKit/537.36 (KHTML, like Gecko) Chrome/92.0.4515.119 Mobile Safari/537.36 (compatible; Googlebot/2.1; +http://www.google.com/bot.html)"
66.249.68.28 - - [18/Aug/2021:17:47:00 +0000] "GET /js/chunk-1bc5d802.000d4f89.js HTTP/1.1" 200 2353 "https://simphini.com/simphini/vendor/proengsoft/laravel-jsvalidation/src/Exceptions/" "Mozilla/5.0 (Linux; Android 6.0.1; Nexus 5X Build/MMB29P) AppleWebKit/537.36 (KHTML, like Gecko) Chrome/92.0.4515.119 Mobile Safari/537.36 (compatible; Googlebot/2.1; +http://www.google.com/bot.html)"
66.249.68.30 - - [18/Aug/2021:17:47:00 +0000] "GET /js/chunk-1f946bc3.148e5274.js HTTP/1.1" 200 493451 "https://simphini.com/simphini/vendor/proengsoft/laravel-jsvalidation/src/Exceptions/" "Mozilla/5.0 (Linux; Android 6.0.1; Nexus 5X Build/MMB29P) AppleWebKit/537.36 (KHTML, like Gecko) Chrome/92.0.4515.119 Mobile Safari/537.36 (compatible; Googlebot/2.1; +http://www.google.com/bot.html)"
66.249.68.28 - - [18/Aug/2021:17:47:00 +0000] "GET /js/chunk-3d16be77.b0c52afc.js HTTP/1.1" 200 3698 "https://simphini.com/simphini/vendor/proengsoft/laravel-jsvalidation/src/Exceptions/" "Mozilla/5.0 (Linux; Android 6.0.1; Nexus 5X Build/MMB29P) AppleWebKit/537.36 (KHTML, like Gecko) Chrome/92.0.4515.119 Mobile Safari/537.36 (compatible; Googlebot/2.1; +http://www.google.com/bot.html)"
66.249.68.28 - - [18/Aug/2021:17:47:00 +0000] "GET /js/chunk-59c68f4f.100b2620.js HTTP/1.1" 200 4263 "https://simphini.com/simphini/vendor/proengsoft/laravel-jsvalidation/src/Exceptions/" "Mozilla/5.0 (Linux; Android 6.0.1; Nexus 5X Build/MMB29P) AppleWebKit/537.36 (KHTML, like Gecko) Chrome/92.0.4515.119 Mobile Safari/537.36 (compatible; Googlebot/2.1; +http://www.google.com/bot.html)"
66.249.68.26 - - [18/Aug/2021:17:47:00 +0000] "GET /js/chunk-2d0e8e33.9610160f.js HTTP/1.1" 200 519 "https://simphini.com/simphini/vendor/proengsoft/laravel-jsvalidation/src/Exceptions/" "Mozilla/5.0 (Linux; Android 6.0.1; Nexus 5X Build/MMB29P) AppleWebKit/537.36 (KHTML, like Gecko) Chrome/92.0.4515.119 Mobile Safari/537.36 (compatible; Googlebot/2.1; +http://www.google.com/bot.html)"
66.249.68.28 - - [18/Aug/2021:17:47:00 +0000] "GET /js/chunk-2d224aef.652322ad.js HTTP/1.1" 200 510 "https://simphini.com/simphini/vendor/proengsoft/laravel-jsvalidation/src/Exceptions/" "Mozilla/5.0 (Linux; Android 6.0.1; Nexus 5X Build/MMB29P) AppleWebKit/537.36 (KHTML, like Gecko) Chrome/92.0.4515.119 Mobile Safari/537.36 (compatible; Googlebot/2.1; +http://www.google.com/bot.html)"
66.249.68.28 - - [18/Aug/2021:17:47:00 +0000] "GET /js/chunk-2d0c8842.1f6306e3.js HTTP/1.1" 200 3092 "https://simphini.com/simphini/vendor/proengsoft/laravel-jsvalidation/src/Exceptions/" "Mozilla/5.0 (Linux; Android 6.0.1; Nexus 5X Build/MMB29P) AppleWebKit/537.36 (KHTML, like Gecko) Chrome/92.0.4515.119 Mobile Safari/537.36 (compatible; Googlebot/2.1; +http://www.google.com/bot.html)"
66.249.68.26 - - [18/Aug/2021:17:47:00 +0000] "GET /js/chunk-2d0af508.b0de0aa9.js HTTP/1.1" 200 498 "https://simphini.com/simphini/vendor/proengsoft/laravel-jsvalidation/src/Exceptions/" "Mozilla/5.0 (Linux; Android 6.0.1; Nexus 5X Build/MMB29P) AppleWebKit/537.36 (KHTML, like Gecko) Chrome/92.0.4515.119 Mobile Safari/537.36 (compatible; Googlebot/2.1; +http://www.google.com/bot.html)"
66.249.68.28 - - [18/Aug/2021:17:47:00 +0000] "GET /css/chunk-3d16be77.a93d5fd2.css HTTP/1.1" 200 54 "https://simphini.com/simphini/vendor/proengsoft/laravel-jsvalidation/src/Exceptions/" "Mozilla/5.0 (Linux; Android 6.0.1; Nexus 5X Build/MMB29P) AppleWebKit/537.36 (KHTML, like Gecko) Chrome/92.0.4515.119 Mobile Safari/537.36 (compatible; Googlebot/2.1; +http://www.google.com/bot.html)"
66.249.68.28 - - [18/Aug/2021:17:47:00 +0000] "GET /js/app.b33504b1.js HTTP/1.1" 200 17956 "https://simphini.com/simphini/vendor/proengsoft/laravel-jsvalidation/src/Exceptions/" "Mozilla/5.0 (Linux; Android 6.0.1; Nexus 5X Build/MMB29P) AppleWebKit/537.36 (KHTML, like Gecko) Chrome/92.0.4515.119 Mobile Safari/537.36 (compatible; Googlebot/2.1; +http://www.google.com/bot.html)"
66.249.68.30 - - [18/Aug/2021:17:47:01 +0000] "GET /css/app.c8e5d243.css HTTP/1.1" 200 307011 "https://simphini.com/simphini/vendor/proengsoft/laravel-jsvalidation/src/Exceptions/" "Mozilla/5.0 (Linux; Android 6.0.1; Nexus 5X Build/MMB29P) AppleWebKit/537.36 (KHTML, like Gecko) Chrome/92.0.4515.119 Mobile Safari/537.36 (compatible; Googlebot/2.1; +http://www.google.com/bot.html)"
66.249.68.30 - - [18/Aug/2021:17:51:32 +0000] "GET /simphini/vendor/symfony/event-dispatcher/ImmutableEventDispatcher.php HTTP/1.1" 200 2102 "-" "Mozilla/5.0 (compatible; Googlebot/2.1; +http://www.google.com/bot.html)"
