94.158.36.183 - - [17/Aug/2021:23:34:22 +0000] "GET / HTTP/1.0" 200 2041 "-" "Mozilla/5.0 (Windows NT 10.0; Win64; x64) AppleWebKit/537.36 (KHTML, like Gecko) Chrome/71.0.3578.98 Safari/537.36"
114.119.153.132 - - [17/Aug/2021:23:36:00 +0000] "GET /simphini/vendor/myclabs/deep-copy/src?C=S%3BO%3DA HTTP/1.1" 200 2041 "-" "Mozilla/5.0 (Linux; Android 7.0;) AppleWebKit/537.36 (KHTML, like Gecko) Mobile Safari/537.36 (compatible; PetalBot;+https://webmaster.petalsearch.com/site/petalbot)"
114.119.153.137 - - [17/Aug/2021:23:44:20 +0000] "GET /simphini/vendor/fideloper/proxy/config?C=M%3BO%3DA HTTP/1.1" 200 2041 "-" "Mozilla/5.0 (Linux; Android 7.0;) AppleWebKit/537.36 (KHTML, like Gecko) Mobile Safari/537.36 (compatible; PetalBot;+https://webmaster.petalsearch.com/site/petalbot)"
66.249.68.26 - - [17/Aug/2021:23:51:32 +0000] "GET /simphini/storage/framework/views/7d2d3c92f5c2b2634a6fdcba2b30ab7de64a0261.php HTTP/1.1" 200 2041 "-" "Mozilla/5.0 (compatible; Googlebot/2.1; +http://www.google.com/bot.html)"
66.249.68.28 - - [17/Aug/2021:23:51:32 +0000] "GET /simphini/resources/js/ HTTP/1.1" 200 2041 "-" "Mozilla/5.0 (Linux; Android 6.0.1; Nexus 5X Build/MMB29P) AppleWebKit/537.36 (KHTML, like Gecko) Chrome/92.0.4515.119 Mobile Safari/537.36 (compatible; Googlebot/2.1; +http://www.google.com/bot.html)"
114.119.157.190 - - [17/Aug/2021:23:52:16 +0000] "GET /simphini/vendor/phpunit/php-code-coverage/tests?C=D%3BO%3DA HTTP/1.1" 200 2041 "-" "Mozilla/5.0 (Linux; Android 7.0;) AppleWebKit/537.36 (KHTML, like Gecko) Mobile Safari/537.36 (compatible; PetalBot;+https://webmaster.petalsearch.com/site/petalbot)"
114.119.148.161 - - [18/Aug/2021:00:00:30 +0000] "GET /simphini/vendor/symfony/debug HTTP/1.1" 200 2041 "-" "Mozilla/5.0 (Linux; Android 7.0;) AppleWebKit/537.36 (KHTML, like Gecko) Mobile Safari/537.36 (compatible; PetalBot;+https://webmaster.petalsearch.com/site/petalbot)"
114.119.153.132 - - [18/Aug/2021:00:08:52 +0000] "GET /simphini/vendor/hamcrest?C=N%3BO%3DD HTTP/1.1" 200 2041 "-" "Mozilla/5.0 (Linux; Android 7.0;) AppleWebKit/537.36 (KHTML, like Gecko) Mobile Safari/537.36 (compatible; PetalBot;+https://webmaster.petalsearch.com/site/petalbot)"
66.249.68.28 - - [18/Aug/2021:00:11:05 +0000] "GET /js/app.d303cae6.js HTTP/1.1" 200 17971 "https://simphini.com/simphini/storage/framework/views/7d2d3c92f5c2b2634a6fdcba2b30ab7de64a0261.php" "Mozilla/5.0 AppleWebKit/537.36 (KHTML, like Gecko; compatible; Googlebot/2.1; +http://www.google.com/bot.html) Chrome/92.0.4515.119 Safari/537.36"
66.249.68.28 - - [18/Aug/2021:00:11:06 +0000] "GET /js/chunk-7a0e875e.73ebd25c.js HTTP/1.1" 200 9589 "https://simphini.com/simphini/storage/framework/views/7d2d3c92f5c2b2634a6fdcba2b30ab7de64a0261.php" "Mozilla/5.0 AppleWebKit/537.36 (KHTML, like Gecko; compatible; Googlebot/2.1; +http://www.google.com/bot.html) Chrome/92.0.4515.119 Safari/537.36"
66.249.68.30 - - [18/Aug/2021:00:11:06 +0000] "GET /css/app.893a1732.css HTTP/1.1" 200 307011 "https://simphini.com/simphini/storage/framework/views/7d2d3c92f5c2b2634a6fdcba2b30ab7de64a0261.php" "Mozilla/5.0 AppleWebKit/537.36 (KHTML, like Gecko; compatible; Googlebot/2.1; +http://www.google.com/bot.html) Chrome/92.0.4515.119 Safari/537.36"
66.249.68.30 - - [18/Aug/2021:00:11:06 +0000] "GET /js/chunk-1bc5d802.246556c4.js HTTP/1.1" 200 2226 "https://simphini.com/simphini/storage/framework/views/7d2d3c92f5c2b2634a6fdcba2b30ab7de64a0261.php" "Mozilla/5.0 AppleWebKit/537.36 (KHTML, like Gecko; compatible; Googlebot/2.1; +http://www.google.com/bot.html) Chrome/92.0.4515.119 Safari/537.36"
66.249.68.26 - - [18/Aug/2021:00:11:06 +0000] "GET /js/chunk-2d0b6a7c.a10f7f0e.js HTTP/1.1" 200 3136 "https://simphini.com/simphini/storage/framework/views/7d2d3c92f5c2b2634a6fdcba2b30ab7de64a0261.php" "Mozilla/5.0 AppleWebKit/537.36 (KHTML, like Gecko; compatible; Googlebot/2.1; +http://www.google.com/bot.html) Chrome/92.0.4515.119 Safari/537.36"
66.249.68.26 - - [18/Aug/2021:00:11:06 +0000] "GET /js/chunk-59c68f4f.397221ff.js HTTP/1.1" 200 4110 "https://simphini.com/simphini/storage/framework/views/7d2d3c92f5c2b2634a6fdcba2b30ab7de64a0261.php" "Mozilla/5.0 AppleWebKit/537.36 (KHTML, like Gecko; compatible; Googlebot/2.1; +http://www.google.com/bot.html) Chrome/92.0.4515.119 Safari/537.36"
66.249.68.26 - - [18/Aug/2021:00:11:06 +0000] "GET /js/chunk-vendors.124b0bd6.js HTTP/1.1" 200 1226701 "https://simphini.com/simphini/storage/framework/views/7d2d3c92f5c2b2634a6fdcba2b30ab7de64a0261.php" "Mozilla/5.0 AppleWebKit/537.36 (KHTML, like Gecko; compatible; Googlebot/2.1; +http://www.google.com/bot.html) Chrome/92.0.4515.119 Safari/537.36"
66.249.68.30 - - [18/Aug/2021:00:11:06 +0000] "GET /css/chunk-1f946bc3.fa4c2233.css HTTP/1.1" 200 142 "https://simphini.com/simphini/storage/framework/views/7d2d3c92f5c2b2634a6fdcba2b30ab7de64a0261.php" "Mozilla/5.0 AppleWebKit/537.36 (KHTML, like Gecko; compatible; Googlebot/2.1; +http://www.google.com/bot.html) Chrome/92.0.4515.119 Safari/537.36"
66.249.68.30 - - [18/Aug/2021:00:11:06 +0000] "GET /js/chunk-2d0c8842.7c21bcaa.js HTTP/1.1" 200 3092 "https://simphini.com/simphini/storage/framework/views/7d2d3c92f5c2b2634a6fdcba2b30ab7de64a0261.php" "Mozilla/5.0 AppleWebKit/537.36 (KHTML, like Gecko; compatible; Googlebot/2.1; +http://www.google.com/bot.html) Chrome/92.0.4515.119 Safari/537.36"
66.249.68.28 - - [18/Aug/2021:00:11:06 +0000] "GET /js/chunk-1f946bc3.594b6f25.js HTTP/1.1" 200 493451 "https://simphini.com/simphini/storage/framework/views/7d2d3c92f5c2b2634a6fdcba2b30ab7de64a0261.php" "Mozilla/5.0 AppleWebKit/537.36 (KHTML, like Gecko; compatible; Googlebot/2.1; +http://www.google.com/bot.html) Chrome/92.0.4515.119 Safari/537.36"
114.119.153.15 - - [18/Aug/2021:00:16:50 +0000] "GET /simphini/vendor/phpoffice/phpexcel/Examples/templates/32readwriteColumnPercentageChart1.xlsx HTTP/1.1" 200 2041 "-" "Mozilla/5.0 (Linux; Android 7.0;) AppleWebKit/537.36 (KHTML, like Gecko) Mobile Safari/537.36 (compatible; PetalBot;+https://webmaster.petalsearch.com/site/petalbot)"
114.119.153.156 - - [18/Aug/2021:00:25:09 +0000] "GET /simphini/vendor/swiftmailer/swiftmailer/tests/acceptance?C=M%3BO%3DA HTTP/1.1" 200 2041 "-" "Mozilla/5.0 (Linux; Android 7.0;) AppleWebKit/537.36 (KHTML, like Gecko) Mobile Safari/537.36 (compatible; PetalBot;+https://webmaster.petalsearch.com/site/petalbot)"
114.119.153.158 - - [18/Aug/2021:00:33:07 +0000] "GET /simphini/vendor/spatie?C=D%3BO%3DA HTTP/1.1" 200 2041 "-" "Mozilla/5.0 (Linux; Android 7.0;) AppleWebKit/537.36 (KHTML, like Gecko) Mobile Safari/537.36 (compatible; PetalBot;+https://webmaster.petalsearch.com/site/petalbot)"
192.3.228.180 - - [18/Aug/2021:00:46:17 +0000] "GET /.env HTTP/1.1" 200 2041 "-" "Mozilla/5.0 (Linux; U; Android 4.4.2; en-US; HM NOTE 1W Build/KOT49H) AppleWebKit/534.30 (KHTML, like Gecko) Version/4.0 UCBrowser/11.0.5.850 U3/0.8.0 Mobile Safari/534.30"
192.3.228.180 - - [18/Aug/2021:00:46:19 +0000] "POST / HTTP/1.1" 200 2041 "-" "Mozilla/5.0 (Linux; U; Android 4.4.2; en-US; HM NOTE 1W Build/KOT49H) AppleWebKit/534.30 (KHTML, like Gecko) Version/4.0 UCBrowser/11.0.5.850 U3/0.8.0 Mobile Safari/534.30"
192.3.228.180 - - [18/Aug/2021:00:46:32 +0000] "GET /vendor/phpunit/phpunit/src/Util/PHP/eval-stdin.php HTTP/1.1" 200 2041 "-" "python-requests/2.26.0"
114.119.148.161 - - [18/Aug/2021:00:49:44 +0000] "GET /robots.txt HTTP/1.1" 200 2041 "-" "Mozilla/5.0 (compatible;PetalBot;+https://webmaster.petalsearch.com/site/petalbot)"
114.119.153.131 - - [18/Aug/2021:00:57:52 +0000] "GET /simphini/vendor/tijsverkoyen/css-to-inline-styles?C=D%3BO%3DA HTTP/1.1" 200 2041 "-" "Mozilla/5.0 (Linux; Android 7.0;) AppleWebKit/537.36 (KHTML, like Gecko) Mobile Safari/537.36 (compatible; PetalBot;+https://webmaster.petalsearch.com/site/petalbot)"
114.119.153.137 - - [18/Aug/2021:01:06:15 +0000] "GET /simphini/vendor/sebastian/object-reflector/README.md HTTP/1.1" 200 2041 "-" "Mozilla/5.0 (Linux; Android 7.0;) AppleWebKit/537.36 (KHTML, like Gecko) Mobile Safari/537.36 (compatible; PetalBot;+https://webmaster.petalsearch.com/site/petalbot)"
114.119.153.16 - - [18/Aug/2021:01:14:13 +0000] "GET /simphini/vendor/guzzlehttp?C=M%3BO%3DA HTTP/1.1" 200 2041 "-" "Mozilla/5.0 (Linux; Android 7.0;) AppleWebKit/537.36 (KHTML, like Gecko) Mobile Safari/537.36 (compatible; PetalBot;+https://webmaster.petalsearch.com/site/petalbot)"
114.119.148.161 - - [18/Aug/2021:01:22:22 +0000] "GET /simphini/vendor/fzaninotto/faker/test/Faker/Provider/en_SG HTTP/1.1" 200 2041 "-" "Mozilla/5.0 (Linux; Android 7.0;) AppleWebKit/537.36 (KHTML, like Gecko) Mobile Safari/537.36 (compatible; PetalBot;+https://webmaster.petalsearch.com/site/petalbot)"
93.158.90.163 - - [18/Aug/2021:01:28:25 +0000] "GET /robots.txt HTTP/1.1" 200 2041 "http://simphini.com/robots.txt" "Mozilla/5.0 (Macintosh; Intel Mac OS X 10_13_6) AppleWebKit/537.36 (KHTML, like Gecko) Chrome/91.0.4472.114 Safari/537.36"
93.158.90.151 - - [18/Aug/2021:01:28:26 +0000] "GET /humans.txt HTTP/1.1" 200 2041 "http://simphini.com/humans.txt" "Mozilla/5.0 (Macintosh; Intel Mac OS X 10_13_6) AppleWebKit/537.36 (KHTML, like Gecko) Chrome/91.0.4472.114 Safari/537.36"
93.158.90.137 - - [18/Aug/2021:01:28:27 +0000] "GET /ads.txt HTTP/1.1" 200 2041 "http://simphini.com/ads.txt" "Mozilla/5.0 (Macintosh; Intel Mac OS X 10_13_6) AppleWebKit/537.36 (KHTML, like Gecko) Chrome/91.0.4472.114 Safari/537.36"
93.158.90.144 - - [18/Aug/2021:01:28:29 +0000] "GET / HTTP/1.1" 200 2041 "http://simphini.com/" "Mozilla/5.0 (Macintosh; Intel Mac OS X 10_13_6) AppleWebKit/537.36 (KHTML, like Gecko) Chrome/91.0.4472.114 Safari/537.36"
114.119.153.15 - - [18/Aug/2021:01:31:25 +0000] "GET /simphini/vendor/phpoffice/phpexcel/Examples/04printing.php HTTP/1.1" 200 2041 "-" "Mozilla/5.0 (Linux; Android 7.0;) AppleWebKit/537.36 (KHTML, like Gecko) Mobile Safari/537.36 (compatible; PetalBot;+https://webmaster.petalsearch.com/site/petalbot)"
114.119.153.137 - - [18/Aug/2021:01:38:26 +0000] "GET /simphini/vendor/ixudra?C=M%3BO%3DA HTTP/1.1" 200 2041 "-" "Mozilla/5.0 (Linux; Android 7.0;) AppleWebKit/537.36 (KHTML, like Gecko) Mobile Safari/537.36 (compatible; PetalBot;+https://webmaster.petalsearch.com/site/petalbot)"
114.119.148.161 - - [18/Aug/2021:01:46:32 +0000] "GET /simphini/vendor/dnoegel/php-xdg-base-dir?C=S%3BO%3DA HTTP/1.1" 200 2041 "-" "Mozilla/5.0 (Linux; Android 7.0;) AppleWebKit/537.36 (KHTML, like Gecko) Mobile Safari/537.36 (compatible; PetalBot;+https://webmaster.petalsearch.com/site/petalbot)"
66.249.68.30 - - [18/Aug/2021:01:51:32 +0000] "GET /simphini/vendor/phpoffice/phpexcel/Examples/templates/32readwritePieChartExploded3D1.xlsx HTTP/1.1" 200 2041 "-" "Mozilla/5.0 (Linux; Android 6.0.1; Nexus 5X Build/MMB29P) AppleWebKit/537.36 (KHTML, like Gecko) Chrome/92.0.4515.119 Mobile Safari/537.36 (compatible; Googlebot/2.1; +http://www.google.com/bot.html)"
114.119.153.15 - - [18/Aug/2021:01:54:51 +0000] "GET /simphini/vendor/symfony/polyfill-php56/LICENSE HTTP/1.1" 200 2041 "-" "Mozilla/5.0 (Linux; Android 7.0;) AppleWebKit/537.36 (KHTML, like Gecko) Mobile Safari/537.36 (compatible; PetalBot;+https://webmaster.petalsearch.com/site/petalbot)"
66.249.68.26 - - [18/Aug/2021:01:59:25 +0000] "GET / HTTP/1.1" 200 2041 "-" "Mozilla/5.0 (compatible; Googlebot/2.1; +http://www.google.com/bot.html)"
114.119.153.138 - - [18/Aug/2021:02:02:48 +0000] "GET /simphini/vendor/symfony/console/Tests/Helper?C=N%3BO%3DD HTTP/1.1" 200 2041 "-" "Mozilla/5.0 (Linux; Android 7.0;) AppleWebKit/537.36 (KHTML, like Gecko) Mobile Safari/537.36 (compatible; PetalBot;+https://webmaster.petalsearch.com/site/petalbot)"
192.241.194.143 - - [18/Aug/2021:02:06:54 +0000] "GET / HTTP/1.1" 200 2041 "-" "Mozilla/5.0 zgrab/0.x"
114.119.153.16 - - [18/Aug/2021:02:11:11 +0000] "GET /simphini/vendor/phar-io/manifest/tests/exceptions/ManifestDocumentLoadingExceptionTest.php HTTP/1.1" 200 2041 "-" "Mozilla/5.0 (Linux; Android 7.0;) AppleWebKit/537.36 (KHTML, like Gecko) Mobile Safari/537.36 (compatible; PetalBot;+https://webmaster.petalsearch.com/site/petalbot)"
209.141.51.176 - - [18/Aug/2021:02:13:37 +0000] "GET / HTTP/1.0" 400 362 "-" "-"
114.119.153.138 - - [18/Aug/2021:02:18:57 +0000] "GET /simphini/vendor/maatwebsite?C=M%3BO%3DA HTTP/1.1" 200 2041 "-" "Mozilla/5.0 (Linux; Android 7.0;) AppleWebKit/537.36 (KHTML, like Gecko) Mobile Safari/537.36 (compatible; PetalBot;+https://webmaster.petalsearch.com/site/petalbot)"
46.101.111.221 - - [18/Aug/2021:02:23:19 +0000] "POST /GponForm/diag_Form?style/ HTTP/1.1" 200 2041 "-" "curl/7.3.2"
114.119.153.16 - - [18/Aug/2021:02:27:03 +0000] "GET /simphini/vendor/nesbot/carbon/src/Carbon?C=M%3BO%3DA HTTP/1.1" 200 2041 "-" "Mozilla/5.0 (Linux; Android 7.0;) AppleWebKit/537.36 (KHTML, like Gecko) Mobile Safari/537.36 (compatible; PetalBot;+https://webmaster.petalsearch.com/site/petalbot)"
66.249.68.26 - - [18/Aug/2021:02:33:44 +0000] "GET /js/chunk-vendors.124b0bd6.js HTTP/1.1" 200 1226701 "https://simphini.com/" "Mozilla/5.0 AppleWebKit/537.36 (KHTML, like Gecko; compatible; Googlebot/2.1; +http://www.google.com/bot.html) Chrome/92.0.4515.119 Safari/537.36"
114.119.153.132 - - [18/Aug/2021:02:35:14 +0000] "GET /simphini/vendor/phpmailer?C=N%3BO%3DD HTTP/1.1" 200 2041 "-" "Mozilla/5.0 (Linux; Android 7.0;) AppleWebKit/537.36 (KHTML, like Gecko) Mobile Safari/537.36 (compatible; PetalBot;+https://webmaster.petalsearch.com/site/petalbot)"
114.119.153.132 - - [18/Aug/2021:02:43:04 +0000] "GET /robots.txt HTTP/1.1" 200 2041 "-" "Mozilla/5.0 (compatible;PetalBot;+https://webmaster.petalsearch.com/site/petalbot)"
114.119.134.203 - - [18/Aug/2021:02:50:51 +0000] "GET /robots.txt HTTP/1.1" 200 2041 "-" "Mozilla/5.0 (compatible;PetalBot;+https://webmaster.petalsearch.com/site/petalbot)"
114.119.153.132 - - [18/Aug/2021:02:58:34 +0000] "GET /simphini/vendor/dragonmantank/cron-expression/LICENSE HTTP/1.1" 200 2041 "-" "Mozilla/5.0 (Linux; Android 7.0;) AppleWebKit/537.36 (KHTML, like Gecko) Mobile Safari/537.36 (compatible; PetalBot;+https://webmaster.petalsearch.com/site/petalbot)"
185.222.59.20 - - [18/Aug/2021:03:05:14 +0000] "POST /GponForm/diag_Form?style/ HTTP/1.1" 200 2041 "-" "curl/7.3.2"
180.149.125.175 - - [18/Aug/2021:03:09:37 +0000] "GET / HTTP/1.1" 200 2041 "http://54.148.105.194/" "Mozilla/5.0 (Windows NT 5.1; Win64; x64) AppleWebKit/537.36 (KHTML, like Gecko) Chrome/60.0.3112.90 Safari/537.36"
114.119.153.132 - - [18/Aug/2021:03:14:33 +0000] "GET /simphini/vendor/mockery/mockery/docs?C=M%3BO%3DA HTTP/1.1" 200 2041 "-" "Mozilla/5.0 (Linux; Android 7.0;) AppleWebKit/537.36 (KHTML, like Gecko) Mobile Safari/537.36 (compatible; PetalBot;+https://webmaster.petalsearch.com/site/petalbot)"
114.119.153.16 - - [18/Aug/2021:03:22:20 +0000] "GET /simphini/vendor/sebastian/diff/ChangeLog.md HTTP/1.1" 200 2041 "-" "Mozilla/5.0 (Linux; Android 7.0;) AppleWebKit/537.36 (KHTML, like Gecko) Mobile Safari/537.36 (compatible; PetalBot;+https://webmaster.petalsearch.com/site/petalbot)"
114.119.153.132 - - [18/Aug/2021:03:30:33 +0000] "GET /simphini/resources/sass?C=S%3BO%3DA HTTP/1.1" 200 2041 "-" "Mozilla/5.0 (Linux; Android 7.0;) AppleWebKit/537.36 (KHTML, like Gecko) Mobile Safari/537.36 (compatible; PetalBot;+https://webmaster.petalsearch.com/site/petalbot)"
35.245.188.175 - - [18/Aug/2021:03:34:51 +0000] "GET / HTTP/1.1" 200 2041 "-" "Mozilla/5.0 (Windows NT 6.1; WOW64; Trident/7.0; rv:11.0) like Gecko"
209.120.227.2 - - [18/Aug/2021:03:34:52 +0000] "GET / HTTP/1.1" 200 2041 "-" "Mozilla/5.0 (Windows NT 6.1; WOW64; Trident/7.0; rv:11.0) like Gecko"
114.119.153.131 - - [18/Aug/2021:03:38:45 +0000] "GET /simphini/vendor/phpoffice/phpexcel/Classes/PHPExcel/locale HTTP/1.1" 200 2041 "-" "Mozilla/5.0 (Linux; Android 7.0;) AppleWebKit/537.36 (KHTML, like Gecko) Mobile Safari/537.36 (compatible; PetalBot;+https://webmaster.petalsearch.com/site/petalbot)"
54.165.213.235 - - [18/Aug/2021:03:44:06 +0000] "GET /.env HTTP/1.1" 200 2041 "-" "Mozilla/5.0 (X11; Linux x86_64) AppleWebKit/537.36 (KHTML, like Gecko) Chrome/81.0.4044.129 Safari/537.36"
54.165.213.235 - - [18/Aug/2021:03:44:06 +0000] "POST / HTTP/1.1" 200 2041 "-" "Mozilla/5.0 (X11; Linux x86_64) AppleWebKit/537.36 (KHTML, like Gecko) Chrome/81.0.4044.129 Safari/537.36"
114.119.153.158 - - [18/Aug/2021:03:46:41 +0000] "GET /simphini/vendor/yajra/laravel-datatables-html/src/HtmlServiceProvider.php HTTP/1.1" 200 2041 "-" "Mozilla/5.0 (Linux; Android 7.0;) AppleWebKit/537.36 (KHTML, like Gecko) Mobile Safari/537.36 (compatible; PetalBot;+https://webmaster.petalsearch.com/site/petalbot)"
40.77.167.89 - - [18/Aug/2021:03:49:57 +0000] "GET / HTTP/1.1" 200 2041 "-" "Mozilla/5.0 (compatible; bingbot/2.0; +http://www.bing.com/bingbot.htm)"
209.17.96.74 - - [18/Aug/2021:03:50:07 +0000] "GET / HTTP/1.1" 200 2041 "-" "Mozilla/5.0 (compatible; Nimbostratus-Bot/v1.3.2; http://cloudsystemnetworks.com)"
66.249.79.29 - - [18/Aug/2021:03:51:32 +0000] "GET /simphini/vendor/symfony/console/Tests/Fixtures/input_definition_1.txt HTTP/1.1" 200 2041 "-" "Mozilla/5.0 (Linux; Android 6.0.1; Nexus 5X Build/MMB29P) AppleWebKit/537.36 (KHTML, like Gecko) Chrome/92.0.4515.119 Mobile Safari/537.36 (compatible; Googlebot/2.1; +http://www.google.com/bot.html)"
129.146.172.13 - - [18/Aug/2021:03:54:33 +0000] "GET /.env HTTP/1.1" 200 2041 "-" "Mozilla/5.0 (Linux; U; Android 4.4.2; en-US; HM NOTE 1W Build/KOT49H) AppleWebKit/534.30 (KHTML, like Gecko) Version/4.0 UCBrowser/11.0.5.850 U3/0.8.0 Mobile Safari/534.30"
129.146.172.13 - - [18/Aug/2021:03:54:34 +0000] "POST / HTTP/1.1" 200 2041 "-" "Mozilla/5.0 (Linux; U; Android 4.4.2; en-US; HM NOTE 1W Build/KOT49H) AppleWebKit/534.30 (KHTML, like Gecko) Version/4.0 UCBrowser/11.0.5.850 U3/0.8.0 Mobile Safari/534.30"
129.146.172.13 - - [18/Aug/2021:03:54:34 +0000] "GET / HTTP/1.1" 200 2041 "-" "python-requests/2.25.1"
114.119.153.138 - - [18/Aug/2021:03:54:58 +0000] "GET /simphini/vendor/hamcrest/hamcrest-php/tests/Hamcrest/Number HTTP/1.1" 200 2041 "-" "Mozilla/5.0 (Linux; Android 7.0;) AppleWebKit/537.36 (KHTML, like Gecko) Mobile Safari/537.36 (compatible; PetalBot;+https://webmaster.petalsearch.com/site/petalbot)"
64.62.197.212 - - [18/Aug/2021:04:00:27 +0000] "GET / HTTP/1.1" 200 2041 "-" "-"
114.119.153.158 - - [18/Aug/2021:04:02:23 +0000] "GET /simphini/vendor/fzaninotto/faker/test/Faker/Provider/LoremTest.php HTTP/1.1" 200 2041 "-" "Mozilla/5.0 (Linux; Android 7.0;) AppleWebKit/537.36 (KHTML, like Gecko) Mobile Safari/537.36 (compatible; PetalBot;+https://webmaster.petalsearch.com/site/petalbot)"
52.142.7.66 - - [18/Aug/2021:04:06:41 +0000] "GET / HTTP/1.1" 200 2041 "-" "Mozilla/5.0 (Windows NT 10.0; Win64; x64) AppleWebKit/537.36 (KHTML, like Gecko) Chrome/78.0.3904.108 Safari/537.36"
52.142.7.66 - - [18/Aug/2021:04:06:41 +0000] "GET //wp-includes/wlwmanifest.xml HTTP/1.1" 200 2041 "-" "Mozilla/5.0 (Windows NT 10.0; Win64; x64) AppleWebKit/537.36 (KHTML, like Gecko) Chrome/78.0.3904.108 Safari/537.36"
52.142.7.66 - - [18/Aug/2021:04:06:41 +0000] "GET //xmlrpc.php?rsd HTTP/1.1" 200 2041 "-" "Mozilla/5.0 (Windows NT 10.0; Win64; x64) AppleWebKit/537.36 (KHTML, like Gecko) Chrome/78.0.3904.108 Safari/537.36"
52.142.7.66 - - [18/Aug/2021:04:06:41 +0000] "GET / HTTP/1.1" 200 2041 "-" "Mozilla/5.0 (Windows NT 10.0; Win64; x64) AppleWebKit/537.36 (KHTML, like Gecko) Chrome/78.0.3904.108 Safari/537.36"
52.142.7.66 - - [18/Aug/2021:04:06:42 +0000] "GET //blog/wp-includes/wlwmanifest.xml HTTP/1.1" 200 2041 "-" "Mozilla/5.0 (Windows NT 10.0; Win64; x64) AppleWebKit/537.36 (KHTML, like Gecko) Chrome/78.0.3904.108 Safari/537.36"
52.142.7.66 - - [18/Aug/2021:04:06:42 +0000] "GET //web/wp-includes/wlwmanifest.xml HTTP/1.1" 200 2041 "-" "Mozilla/5.0 (Windows NT 10.0; Win64; x64) AppleWebKit/537.36 (KHTML, like Gecko) Chrome/78.0.3904.108 Safari/537.36"
52.142.7.66 - - [18/Aug/2021:04:06:42 +0000] "GET //wordpress/wp-includes/wlwmanifest.xml HTTP/1.1" 200 2041 "-" "Mozilla/5.0 (Windows NT 10.0; Win64; x64) AppleWebKit/537.36 (KHTML, like Gecko) Chrome/78.0.3904.108 Safari/537.36"
52.142.7.66 - - [18/Aug/2021:04:06:42 +0000] "GET //website/wp-includes/wlwmanifest.xml HTTP/1.1" 200 2041 "-" "Mozilla/5.0 (Windows NT 10.0; Win64; x64) AppleWebKit/537.36 (KHTML, like Gecko) Chrome/78.0.3904.108 Safari/537.36"
52.142.7.66 - - [18/Aug/2021:04:06:42 +0000] "GET //wp/wp-includes/wlwmanifest.xml HTTP/1.1" 200 2041 "-" "Mozilla/5.0 (Windows NT 10.0; Win64; x64) AppleWebKit/537.36 (KHTML, like Gecko) Chrome/78.0.3904.108 Safari/537.36"
52.142.7.66 - - [18/Aug/2021:04:06:42 +0000] "GET //news/wp-includes/wlwmanifest.xml HTTP/1.1" 200 2041 "-" "Mozilla/5.0 (Windows NT 10.0; Win64; x64) AppleWebKit/537.36 (KHTML, like Gecko) Chrome/78.0.3904.108 Safari/537.36"
52.142.7.66 - - [18/Aug/2021:04:06:42 +0000] "GET //2018/wp-includes/wlwmanifest.xml HTTP/1.1" 200 2041 "-" "Mozilla/5.0 (Windows NT 10.0; Win64; x64) AppleWebKit/537.36 (KHTML, like Gecko) Chrome/78.0.3904.108 Safari/537.36"
52.142.7.66 - - [18/Aug/2021:04:06:42 +0000] "GET //2019/wp-includes/wlwmanifest.xml HTTP/1.1" 200 2041 "-" "Mozilla/5.0 (Windows NT 10.0; Win64; x64) AppleWebKit/537.36 (KHTML, like Gecko) Chrome/78.0.3904.108 Safari/537.36"
52.142.7.66 - - [18/Aug/2021:04:06:42 +0000] "GET //shop/wp-includes/wlwmanifest.xml HTTP/1.1" 200 2041 "-" "Mozilla/5.0 (Windows NT 10.0; Win64; x64) AppleWebKit/537.36 (KHTML, like Gecko) Chrome/78.0.3904.108 Safari/537.36"
52.142.7.66 - - [18/Aug/2021:04:06:42 +0000] "GET //wp1/wp-includes/wlwmanifest.xml HTTP/1.1" 200 2041 "-" "Mozilla/5.0 (Windows NT 10.0; Win64; x64) AppleWebKit/537.36 (KHTML, like Gecko) Chrome/78.0.3904.108 Safari/537.36"
52.142.7.66 - - [18/Aug/2021:04:06:42 +0000] "GET //test/wp-includes/wlwmanifest.xml HTTP/1.1" 200 2041 "-" "Mozilla/5.0 (Windows NT 10.0; Win64; x64) AppleWebKit/537.36 (KHTML, like Gecko) Chrome/78.0.3904.108 Safari/537.36"
52.142.7.66 - - [18/Aug/2021:04:06:42 +0000] "GET //media/wp-includes/wlwmanifest.xml HTTP/1.1" 200 2041 "-" "Mozilla/5.0 (Windows NT 10.0; Win64; x64) AppleWebKit/537.36 (KHTML, like Gecko) Chrome/78.0.3904.108 Safari/537.36"
52.142.7.66 - - [18/Aug/2021:04:06:43 +0000] "GET //wp2/wp-includes/wlwmanifest.xml HTTP/1.1" 200 2041 "-" "Mozilla/5.0 (Windows NT 10.0; Win64; x64) AppleWebKit/537.36 (KHTML, like Gecko) Chrome/78.0.3904.108 Safari/537.36"
52.142.7.66 - - [18/Aug/2021:04:06:43 +0000] "GET //site/wp-includes/wlwmanifest.xml HTTP/1.1" 200 2041 "-" "Mozilla/5.0 (Windows NT 10.0; Win64; x64) AppleWebKit/537.36 (KHTML, like Gecko) Chrome/78.0.3904.108 Safari/537.36"
52.142.7.66 - - [18/Aug/2021:04:06:43 +0000] "GET //cms/wp-includes/wlwmanifest.xml HTTP/1.1" 200 2041 "-" "Mozilla/5.0 (Windows NT 10.0; Win64; x64) AppleWebKit/537.36 (KHTML, like Gecko) Chrome/78.0.3904.108 Safari/537.36"
52.142.7.66 - - [18/Aug/2021:04:06:43 +0000] "GET //sito/wp-includes/wlwmanifest.xml HTTP/1.1" 200 2041 "-" "Mozilla/5.0 (Windows NT 10.0; Win64; x64) AppleWebKit/537.36 (KHTML, like Gecko) Chrome/78.0.3904.108 Safari/537.36"
66.249.68.28 - - [18/Aug/2021:04:08:34 +0000] "GET /simphini/vendor/symfony/http-foundation/Session/Storage/SessionStorageInterface.php HTTP/1.1" 200 2041 "-" "Mozilla/5.0 (compatible; Googlebot/2.1; +http://www.google.com/bot.html)"
66.249.68.30 - - [18/Aug/2021:04:08:34 +0000] "GET /simphini/vendor/phpoffice/phpexcel/Examples/42richText.php HTTP/1.1" 200 2041 "-" "Mozilla/5.0 (Linux; Android 6.0.1; Nexus 5X Build/MMB29P) AppleWebKit/537.36 (KHTML, like Gecko) Chrome/92.0.4515.119 Mobile Safari/537.36 (compatible; Googlebot/2.1; +http://www.google.com/bot.html)"
66.249.68.30 - - [18/Aug/2021:04:08:36 +0000] "GET /css/app.893a1732.css HTTP/1.1" 200 307011 "https://simphini.com/simphini/vendor/phpoffice/phpexcel/Examples/42richText.php" "Mozilla/5.0 (Linux; Android 6.0.1; Nexus 5X Build/MMB29P) AppleWebKit/537.36 (KHTML, like Gecko) Chrome/92.0.4515.119 Mobile Safari/537.36 (compatible; Googlebot/2.1; +http://www.google.com/bot.html)"
66.249.68.26 - - [18/Aug/2021:04:08:36 +0000] "GET /js/chunk-7a0e875e.73ebd25c.js HTTP/1.1" 200 9589 "https://simphini.com/simphini/vendor/phpoffice/phpexcel/Examples/42richText.php" "Mozilla/5.0 (Linux; Android 6.0.1; Nexus 5X Build/MMB29P) AppleWebKit/537.36 (KHTML, like Gecko) Chrome/92.0.4515.119 Mobile Safari/537.36 (compatible; Googlebot/2.1; +http://www.google.com/bot.html)"
66.249.68.26 - - [18/Aug/2021:04:08:36 +0000] "GET /js/chunk-2d0b6a7c.a10f7f0e.js HTTP/1.1" 200 3136 "https://simphini.com/simphini/vendor/phpoffice/phpexcel/Examples/42richText.php" "Mozilla/5.0 (Linux; Android 6.0.1; Nexus 5X Build/MMB29P) AppleWebKit/537.36 (KHTML, like Gecko) Chrome/92.0.4515.119 Mobile Safari/537.36 (compatible; Googlebot/2.1; +http://www.google.com/bot.html)"
66.249.68.30 - - [18/Aug/2021:04:08:37 +0000] "GET /js/chunk-59c68f4f.397221ff.js HTTP/1.1" 200 4110 "https://simphini.com/simphini/vendor/phpoffice/phpexcel/Examples/42richText.php" "Mozilla/5.0 (Linux; Android 6.0.1; Nexus 5X Build/MMB29P) AppleWebKit/537.36 (KHTML, like Gecko) Chrome/92.0.4515.119 Mobile Safari/537.36 (compatible; Googlebot/2.1; +http://www.google.com/bot.html)"
66.249.68.28 - - [18/Aug/2021:04:08:37 +0000] "GET /js/chunk-vendors.124b0bd6.js HTTP/1.1" 200 1226701 "https://simphini.com/simphini/vendor/phpoffice/phpexcel/Examples/42richText.php" "Mozilla/5.0 (Linux; Android 6.0.1; Nexus 5X Build/MMB29P) AppleWebKit/537.36 (KHTML, like Gecko) Chrome/92.0.4515.119 Mobile Safari/537.36 (compatible; Googlebot/2.1; +http://www.google.com/bot.html)"
66.249.68.26 - - [18/Aug/2021:04:08:37 +0000] "GET /js/app.d303cae6.js HTTP/1.1" 200 17971 "https://simphini.com/simphini/vendor/phpoffice/phpexcel/Examples/42richText.php" "Mozilla/5.0 (Linux; Android 6.0.1; Nexus 5X Build/MMB29P) AppleWebKit/537.36 (KHTML, like Gecko) Chrome/92.0.4515.119 Mobile Safari/537.36 (compatible; Googlebot/2.1; +http://www.google.com/bot.html)"
66.249.68.26 - - [18/Aug/2021:04:08:37 +0000] "GET /js/chunk-1f946bc3.594b6f25.js HTTP/1.1" 200 493451 "https://simphini.com/simphini/vendor/phpoffice/phpexcel/Examples/42richText.php" "Mozilla/5.0 (Linux; Android 6.0.1; Nexus 5X Build/MMB29P) AppleWebKit/537.36 (KHTML, like Gecko) Chrome/92.0.4515.119 Mobile Safari/537.36 (compatible; Googlebot/2.1; +http://www.google.com/bot.html)"
66.249.68.26 - - [18/Aug/2021:04:08:37 +0000] "GET /js/chunk-2d0c8842.7c21bcaa.js HTTP/1.1" 200 3092 "https://simphini.com/simphini/vendor/phpoffice/phpexcel/Examples/42richText.php" "Mozilla/5.0 (Linux; Android 6.0.1; Nexus 5X Build/MMB29P) AppleWebKit/537.36 (KHTML, like Gecko) Chrome/92.0.4515.119 Mobile Safari/537.36 (compatible; Googlebot/2.1; +http://www.google.com/bot.html)"
66.249.68.30 - - [18/Aug/2021:04:08:37 +0000] "GET /js/chunk-1bc5d802.246556c4.js HTTP/1.1" 200 2226 "https://simphini.com/simphini/vendor/phpoffice/phpexcel/Examples/42richText.php" "Mozilla/5.0 (Linux; Android 6.0.1; Nexus 5X Build/MMB29P) AppleWebKit/537.36 (KHTML, like Gecko) Chrome/92.0.4515.119 Mobile Safari/537.36 (compatible; Googlebot/2.1; +http://www.google.com/bot.html)"
66.249.68.30 - - [18/Aug/2021:04:08:37 +0000] "GET /css/chunk-1f946bc3.fa4c2233.css HTTP/1.1" 200 142 "https://simphini.com/simphini/vendor/phpoffice/phpexcel/Examples/42richText.php" "Mozilla/5.0 (Linux; Android 6.0.1; Nexus 5X Build/MMB29P) AppleWebKit/537.36 (KHTML, like Gecko) Chrome/92.0.4515.119 Mobile Safari/537.36 (compatible; Googlebot/2.1; +http://www.google.com/bot.html)"
114.119.153.16 - - [18/Aug/2021:04:10:27 +0000] "GET /simphini/vendor/nesbot/carbon/src/Carbon?C=N%3BO%3DD HTTP/1.1" 200 2041 "-" "Mozilla/5.0 (Linux; Android 7.0;) AppleWebKit/537.36 (KHTML, like Gecko) Mobile Safari/537.36 (compatible; PetalBot;+https://webmaster.petalsearch.com/site/petalbot)"
40.77.167.89 - - [18/Aug/2021:04:10:59 +0000] "GET / HTTP/1.1" 200 2041 "-" "Mozilla/5.0 (compatible; bingbot/2.0; +http://www.bing.com/bingbot.htm)"
157.55.39.29 - - [18/Aug/2021:04:11:12 +0000] "GET /js/chunk-1f946bc3.594b6f25.js HTTP/1.1" 200 493451 "-" "Mozilla/5.0 (compatible; bingbot/2.0; +http://www.bing.com/bingbot.htm)"
157.55.39.29 - - [18/Aug/2021:04:11:12 +0000] "GET /js/chunk-2d217e3b.3eb4561e.js HTTP/1.1" 200 496 "-" "Mozilla/5.0 (compatible; bingbot/2.0; +http://www.bing.com/bingbot.htm)"
40.77.167.19 - - [18/Aug/2021:04:11:16 +0000] "GET /js/chunk-2d209b20.664e88b5.js HTTP/1.1" 200 518 "-" "Mozilla/5.0 (compatible; bingbot/2.0; +http://www.bing.com/bingbot.htm)"
157.55.39.189 - - [18/Aug/2021:04:11:16 +0000] "GET /js/app.d303cae6.js HTTP/1.1" 200 17971 "-" "Mozilla/5.0 (compatible; bingbot/2.0; +http://www.bing.com/bingbot.htm)"
157.55.39.189 - - [18/Aug/2021:04:11:17 +0000] "GET /js/chunk-2d0abb9d.21195e47.js HTTP/1.1" 200 517 "-" "Mozilla/5.0 (compatible; bingbot/2.0; +http://www.bing.com/bingbot.htm)"
157.55.39.189 - - [18/Aug/2021:04:11:17 +0000] "GET /js/chunk-2d0b6a7c.a10f7f0e.js HTTP/1.1" 200 3136 "-" "Mozilla/5.0 (compatible; bingbot/2.0; +http://www.bing.com/bingbot.htm)"
157.55.39.189 - - [18/Aug/2021:04:11:17 +0000] "GET /js/chunk-2d210817.bd476dff.js HTTP/1.1" 200 1869 "-" "Mozilla/5.0 (compatible; bingbot/2.0; +http://www.bing.com/bingbot.htm)"
157.55.39.125 - - [18/Aug/2021:04:11:19 +0000] "GET /js/chunk-vendors.124b0bd6.js HTTP/1.1" 200 1226701 "-" "Mozilla/5.0 (compatible; bingbot/2.0; +http://www.bing.com/bingbot.htm)"
40.77.167.24 - - [18/Aug/2021:04:11:20 +0000] "GET /js/chunk-7a0e875e.73ebd25c.js HTTP/1.1" 200 9589 "-" "Mozilla/5.0 (compatible; bingbot/2.0; +http://www.bing.com/bingbot.htm)"
157.55.39.3 - - [18/Aug/2021:04:11:21 +0000] "GET /js/chunk-2d0c8842.7c21bcaa.js HTTP/1.1" 200 3092 "-" "Mozilla/5.0 (compatible; bingbot/2.0; +http://www.bing.com/bingbot.htm)"
157.55.39.188 - - [18/Aug/2021:04:11:22 +0000] "GET /js/chunk-2d0aa1c7.076d68bf.js HTTP/1.1" 200 512 "-" "Mozilla/5.0 (compatible; bingbot/2.0; +http://www.bing.com/bingbot.htm)"
157.55.39.188 - - [18/Aug/2021:04:11:22 +0000] "GET /js/chunk-59c68f4f.397221ff.js HTTP/1.1" 200 4110 "-" "Mozilla/5.0 (compatible; bingbot/2.0; +http://www.bing.com/bingbot.htm)"
66.249.79.31 - - [18/Aug/2021:04:18:33 +0000] "GET /simphini/vendor/ixudra/curl/CONTRIBUTING.md HTTP/1.1" 200 2041 "-" "Mozilla/5.0 (Linux; Android 6.0.1; Nexus 5X Build/MMB29P) AppleWebKit/537.36 (KHTML, like Gecko) Chrome/92.0.4515.119 Mobile Safari/537.36 (compatible; Googlebot/2.1; +http://www.google.com/bot.html)"
114.119.153.131 - - [18/Aug/2021:04:18:39 +0000] "GET /simphini/vendor/symfony/css-selector/Tests/CssSelectorConverterTest.php HTTP/1.1" 200 2041 "-" "Mozilla/5.0 (Linux; Android 7.0;) AppleWebKit/537.36 (KHTML, like Gecko) Mobile Safari/537.36 (compatible; PetalBot;+https://webmaster.petalsearch.com/site/petalbot)"
157.55.39.92 - - [18/Aug/2021:04:23:32 +0000] "GET /robots.txt HTTP/1.1" 200 2041 "-" "Mozilla/5.0 (compatible; bingbot/2.0; +http://www.bing.com/bingbot.htm)"
157.55.39.92 - - [18/Aug/2021:04:23:32 +0000] "GET /robots.txt HTTP/1.1" 200 2041 "-" "Mozilla/5.0 (compatible; bingbot/2.0; +http://www.bing.com/bingbot.htm)"
114.119.148.161 - - [18/Aug/2021:04:26:22 +0000] "GET /simphini/vendor/sebastian/environment/tests HTTP/1.1" 200 2041 "-" "Mozilla/5.0 (Linux; Android 7.0;) AppleWebKit/537.36 (KHTML, like Gecko) Mobile Safari/537.36 (compatible; PetalBot;+https://webmaster.petalsearch.com/site/petalbot)"
66.249.79.31 - - [18/Aug/2021:04:27:15 +0000] "GET /simphini/vendor/phpoffice/phpexcel/Documentation/ HTTP/1.1" 200 2041 "-" "Mozilla/5.0 (Linux; Android 6.0.1; Nexus 5X Build/MMB29P) AppleWebKit/537.36 (KHTML, like Gecko) Chrome/92.0.4515.119 Mobile Safari/537.36 (compatible; Googlebot/2.1; +http://www.google.com/bot.html)"
66.249.79.29 - - [18/Aug/2021:04:27:21 +0000] "GET /simphini/vendor/phpoffice/ HTTP/1.1" 200 2041 "-" "Mozilla/5.0 (Linux; Android 6.0.1; Nexus 5X Build/MMB29P) AppleWebKit/537.36 (KHTML, like Gecko) Chrome/92.0.4515.119 Mobile Safari/537.36 (compatible; Googlebot/2.1; +http://www.google.com/bot.html)"
66.249.79.29 - - [18/Aug/2021:04:27:42 +0000] "GET /js/app.d303cae6.js HTTP/1.1" 200 17971 "https://www.simphini.com/simphini/vendor/phpoffice/phpexcel/Documentation/" "Mozilla/5.0 (Linux; Android 6.0.1; Nexus 5X Build/MMB29P) AppleWebKit/537.36 (KHTML, like Gecko) Chrome/92.0.4515.119 Mobile Safari/537.36 (compatible; Googlebot/2.1; +http://www.google.com/bot.html)"
66.249.79.29 - - [18/Aug/2021:04:27:42 +0000] "GET /css/app.893a1732.css HTTP/1.1" 200 307011 "https://www.simphini.com/simphini/vendor/phpoffice/phpexcel/Documentation/" "Mozilla/5.0 (Linux; Android 6.0.1; Nexus 5X Build/MMB29P) AppleWebKit/537.36 (KHTML, like Gecko) Chrome/92.0.4515.119 Mobile Safari/537.36 (compatible; Googlebot/2.1; +http://www.google.com/bot.html)"
66.249.79.29 - - [18/Aug/2021:04:27:42 +0000] "GET /js/chunk-vendors.124b0bd6.js HTTP/1.1" 200 1226701 "https://www.simphini.com/simphini/vendor/phpoffice/phpexcel/Documentation/" "Mozilla/5.0 (Linux; Android 6.0.1; Nexus 5X Build/MMB29P) AppleWebKit/537.36 (KHTML, like Gecko) Chrome/92.0.4515.119 Mobile Safari/537.36 (compatible; Googlebot/2.1; +http://www.google.com/bot.html)"
66.249.79.29 - - [18/Aug/2021:04:27:42 +0000] "GET /css/chunk-1f946bc3.fa4c2233.css HTTP/1.1" 200 142 "https://www.simphini.com/simphini/vendor/phpoffice/phpexcel/Documentation/" "Mozilla/5.0 (Linux; Android 6.0.1; Nexus 5X Build/MMB29P) AppleWebKit/537.36 (KHTML, like Gecko) Chrome/92.0.4515.119 Mobile Safari/537.36 (compatible; Googlebot/2.1; +http://www.google.com/bot.html)"
66.249.79.29 - - [18/Aug/2021:04:27:42 +0000] "GET /js/chunk-1bc5d802.246556c4.js HTTP/1.1" 200 2226 "https://www.simphini.com/simphini/vendor/phpoffice/phpexcel/Documentation/" "Mozilla/5.0 (Linux; Android 6.0.1; Nexus 5X Build/MMB29P) AppleWebKit/537.36 (KHTML, like Gecko) Chrome/92.0.4515.119 Mobile Safari/537.36 (compatible; Googlebot/2.1; +http://www.google.com/bot.html)"
66.249.79.29 - - [18/Aug/2021:04:27:43 +0000] "GET /js/chunk-2d0b6a7c.a10f7f0e.js HTTP/1.1" 200 3136 "https://www.simphini.com/simphini/vendor/phpoffice/phpexcel/Documentation/" "Mozilla/5.0 (Linux; Android 6.0.1; Nexus 5X Build/MMB29P) AppleWebKit/537.36 (KHTML, like Gecko) Chrome/92.0.4515.119 Mobile Safari/537.36 (compatible; Googlebot/2.1; +http://www.google.com/bot.html)"
66.249.79.29 - - [18/Aug/2021:04:27:43 +0000] "GET /js/chunk-2d0c8842.7c21bcaa.js HTTP/1.1" 200 3092 "https://www.simphini.com/simphini/vendor/phpoffice/phpexcel/Documentation/" "Mozilla/5.0 (Linux; Android 6.0.1; Nexus 5X Build/MMB29P) AppleWebKit/537.36 (KHTML, like Gecko) Chrome/92.0.4515.119 Mobile Safari/537.36 (compatible; Googlebot/2.1; +http://www.google.com/bot.html)"
66.249.79.29 - - [18/Aug/2021:04:27:43 +0000] "GET /js/chunk-1f946bc3.594b6f25.js HTTP/1.1" 200 493451 "https://www.simphini.com/simphini/vendor/phpoffice/phpexcel/Documentation/" "Mozilla/5.0 (Linux; Android 6.0.1; Nexus 5X Build/MMB29P) AppleWebKit/537.36 (KHTML, like Gecko) Chrome/92.0.4515.119 Mobile Safari/537.36 (compatible; Googlebot/2.1; +http://www.google.com/bot.html)"
66.249.79.29 - - [18/Aug/2021:04:27:43 +0000] "GET /js/chunk-59c68f4f.397221ff.js HTTP/1.1" 200 4110 "https://www.simphini.com/simphini/vendor/phpoffice/phpexcel/Documentation/" "Mozilla/5.0 (Linux; Android 6.0.1; Nexus 5X Build/MMB29P) AppleWebKit/537.36 (KHTML, like Gecko) Chrome/92.0.4515.119 Mobile Safari/537.36 (compatible; Googlebot/2.1; +http://www.google.com/bot.html)"
66.249.79.29 - - [18/Aug/2021:04:27:43 +0000] "GET /js/chunk-7a0e875e.73ebd25c.js HTTP/1.1" 200 9589 "https://www.simphini.com/simphini/vendor/phpoffice/phpexcel/Documentation/" "Mozilla/5.0 (Linux; Android 6.0.1; Nexus 5X Build/MMB29P) AppleWebKit/537.36 (KHTML, like Gecko) Chrome/92.0.4515.119 Mobile Safari/537.36 (compatible; Googlebot/2.1; +http://www.google.com/bot.html)"
66.249.68.30 - - [18/Aug/2021:04:28:34 +0000] "GET /simphini/vendor/symfony/http-kernel/Tests/Fixtures/ExtensionPresentBundle/DependencyInjection/ HTTP/1.1" 200 2041 "-" "Mozilla/5.0 (Linux; Android 6.0.1; Nexus 5X Build/MMB29P) AppleWebKit/537.36 (KHTML, like Gecko) Chrome/92.0.4515.119 Mobile Safari/537.36 (compatible; Googlebot/2.1; +http://www.google.com/bot.html)"
66.249.79.31 - - [18/Aug/2021:04:31:25 +0000] "GET /simphini/vendor/phpoffice/phpexcel/license.md HTTP/1.1" 200 2041 "-" "Mozilla/5.0 (Linux; Android 6.0.1; Nexus 5X Build/MMB29P) AppleWebKit/537.36 (KHTML, like Gecko) Chrome/92.0.4515.119 Mobile Safari/537.36 (compatible; Googlebot/2.1; +http://www.google.com/bot.html)"
66.249.79.31 - - [18/Aug/2021:04:31:29 +0000] "GET /js/chunk-2d209b20.664e88b5.js HTTP/1.1" 200 518 "https://www.simphini.com/simphini/vendor/phpoffice/phpexcel/license.md" "Mozilla/5.0 (Linux; Android 6.0.1; Nexus 5X Build/MMB29P) AppleWebKit/537.36 (KHTML, like Gecko) Chrome/92.0.4515.119 Mobile Safari/537.36 (compatible; Googlebot/2.1; +http://www.google.com/bot.html)"
114.119.153.137 - - [18/Aug/2021:04:34:26 +0000] "GET /simphini/vendor/sebastian/version?C=M%3BO%3DA HTTP/1.1" 200 2041 "-" "Mozilla/5.0 (Linux; Android 7.0;) AppleWebKit/537.36 (KHTML, like Gecko) Mobile Safari/537.36 (compatible; PetalBot;+https://webmaster.petalsearch.com/site/petalbot)"
66.249.79.31 - - [18/Aug/2021:04:38:33 +0000] "GET /js/chunk-2d209b20.664e88b5.js HTTP/1.1" 200 518 "https://www.simphini.com/simphini/vendor/ixudra/curl/CONTRIBUTING.md" "Mozilla/5.0 (Linux; Android 6.0.1; Nexus 5X Build/MMB29P) AppleWebKit/537.36 (KHTML, like Gecko) Chrome/92.0.4515.119 Mobile Safari/537.36 (compatible; Googlebot/2.1; +http://www.google.com/bot.html)"
66.249.68.30 - - [18/Aug/2021:04:38:34 +0000] "GET /simphini/vendor/symfony/http-kernel/Tests/Fixtures/ HTTP/1.1" 200 2041 "-" "Mozilla/5.0 (Linux; Android 6.0.1; Nexus 5X Build/MMB29P) AppleWebKit/537.36 (KHTML, like Gecko) Chrome/92.0.4515.119 Mobile Safari/537.36 (compatible; Googlebot/2.1; +http://www.google.com/bot.html)"
114.119.153.16 - - [18/Aug/2021:04:42:16 +0000] "GET /simphini/vendor/league/csv/src/Modifier/QueryFilter.php HTTP/1.1" 200 2041 "-" "Mozilla/5.0 (Linux; Android 7.0;) AppleWebKit/537.36 (KHTML, like Gecko) Mobile Safari/537.36 (compatible; PetalBot;+https://webmaster.petalsearch.com/site/petalbot)"
40.77.167.89 - - [18/Aug/2021:04:42:41 +0000] "GET /js/chunk-1bc5d802.246556c4.js HTTP/1.1" 200 2226 "-" "Mozilla/5.0 (compatible; bingbot/2.0; +http://www.bing.com/bingbot.htm)"
66.249.68.28 - - [18/Aug/2021:04:48:34 +0000] "GET /laradock/mailhog/ HTTP/1.1" 200 2041 "-" "Mozilla/5.0 (Linux; Android 6.0.1; Nexus 5X Build/MMB29P) AppleWebKit/537.36 (KHTML, like Gecko) Chrome/92.0.4515.119 Mobile Safari/537.36 (compatible; Googlebot/2.1; +http://www.google.com/bot.html)"
114.119.153.156 - - [18/Aug/2021:04:50:22 +0000] "GET /simphini/vendor/hamcrest/hamcrest-php/tests/Hamcrest/Text/StringContainsInOrderTest.php HTTP/1.1" 200 2041 "-" "Mozilla/5.0 (Linux; Android 7.0;) AppleWebKit/537.36 (KHTML, like Gecko) Mobile Safari/537.36 (compatible; PetalBot;+https://webmaster.petalsearch.com/site/petalbot)"
45.146.164.110 - - [18/Aug/2021:04:55:54 +0000] "GET /vendor/phpunit/phpunit/src/Util/PHP/eval-stdin.php HTTP/1.1" 200 2041 "-" "Mozilla/5.0 (Windows NT 10.0; Win64; x64) AppleWebKit/537.36 (KHTML, like Gecko) Chrome/78.0.3904.108 Safari/537.36"
45.146.164.110 - - [18/Aug/2021:04:55:54 +0000] "GET /?XDEBUG_SESSION_START=phpstorm HTTP/1.1" 200 2041 "-" "Mozilla/5.0 (Windows NT 10.0; Win64; x64) AppleWebKit/537.36 (KHTML, like Gecko) Chrome/78.0.3904.108 Safari/537.36"
45.146.164.110 - - [18/Aug/2021:04:55:57 +0000] "POST /mifs/.;/services/LogService HTTP/1.1" 200 2041 "https://54.148.105.194:443" "Mozilla/5.0 (Windows NT 10.0; Win64; x64) AppleWebKit/537.36 (KHTML, like Gecko) Chrome/78.0.3904.108 Safari/537.36"
45.146.164.110 - - [18/Aug/2021:04:56:00 +0000] "GET /wp-content/plugins/wp-file-manager/readme.txt HTTP/1.1" 200 2041 "-" "Mozilla/5.0 (Windows NT 10.0; Win64; x64) AppleWebKit/537.36 (KHTML, like Gecko) Chrome/78.0.3904.108 Safari/537.36"
45.146.164.110 - - [18/Aug/2021:04:56:02 +0000] "POST /Autodiscover/Autodiscover.xml HTTP/1.1" 200 2041 "-" "Mozilla/5.0 (Windows NT 10.0; Win64; x64) AppleWebKit/537.36 (KHTML, like Gecko) Chrome/78.0.3904.108 Safari/537.36"
45.146.164.110 - - [18/Aug/2021:04:56:03 +0000] "GET /console/ HTTP/1.1" 200 2041 "-" "Mozilla/5.0 (Windows NT 10.0; Win64; x64) AppleWebKit/537.36 (KHTML, like Gecko) Chrome/78.0.3904.108 Safari/537.36"
45.146.164.110 - - [18/Aug/2021:04:56:05 +0000] "GET /_ignition/execute-solution HTTP/1.1" 200 2041 "-" "Mozilla/5.0 (Windows NT 10.0; Win64; x64) AppleWebKit/537.36 (KHTML, like Gecko) Chrome/78.0.3904.108 Safari/537.36"
45.146.164.110 - - [18/Aug/2021:04:56:06 +0000] "GET / HTTP/1.1" 200 2041 "-" "Mozilla/5.0 (Windows NT 10.0; Win64; x64) AppleWebKit/537.36 (KHTML, like Gecko) Chrome/78.0.3904.108 Safari/537.36"
45.146.164.110 - - [18/Aug/2021:04:56:07 +0000] "POST /api/jsonws/invoke HTTP/1.1" 200 2041 "-" "Mozilla/5.0 (Windows NT 10.0; Win64; x64) AppleWebKit/537.36 (KHTML, like Gecko) Chrome/78.0.3904.108 Safari/537.36"
45.146.164.110 - - [18/Aug/2021:04:56:10 +0000] "POST /vendor/phpunit/phpunit/src/Util/PHP/eval-stdin.php HTTP/1.1" 200 2041 "-" "Mozilla/5.0 (Windows NT 10.0; Win64; x64) AppleWebKit/537.36 (KHTML, like Gecko) Chrome/78.0.3904.108 Safari/537.36"
45.146.164.110 - - [18/Aug/2021:04:56:10 +0000] "GET /index.php?s=/Index/\\think\\app/invokefunction&function=call_user_func_array&vars[0]=md5&vars[1][]=HelloThinkPHP21 HTTP/1.1" 200 2041 "-" "Mozilla/5.0 (Windows NT 10.0; Win64; x64) AppleWebKit/537.36 (KHTML, like Gecko) Chrome/78.0.3904.108 Safari/537.36"
114.119.153.156 - - [18/Aug/2021:04:58:29 +0000] "GET /simphini/vendor/symfony/routing/Tests/Matcher HTTP/1.1" 200 2041 "-" "Mozilla/5.0 (Linux; Android 7.0;) AppleWebKit/537.36 (KHTML, like Gecko) Mobile Safari/537.36 (compatible; PetalBot;+https://webmaster.petalsearch.com/site/petalbot)"
66.249.68.26 - - [18/Aug/2021:04:58:34 +0000] "GET /laradock/mailhog/ HTTP/1.1" 200 2041 "-" "Mozilla/5.0 (Linux; Android 6.0.1; Nexus 5X Build/MMB29P) AppleWebKit/537.36 (KHTML, like Gecko) Chrome/92.0.4515.119 Mobile Safari/537.36 (compatible; Googlebot/2.1; +http://www.google.com/bot.html)"
114.119.153.137 - - [18/Aug/2021:05:06:20 +0000] "GET /simphini/vendor/sebastian/recursion-context?C=D%3BO%3DA HTTP/1.1" 200 2041 "-" "Mozilla/5.0 (Linux; Android 7.0;) AppleWebKit/537.36 (KHTML, like Gecko) Mobile Safari/537.36 (compatible; PetalBot;+https://webmaster.petalsearch.com/site/petalbot)"
66.249.68.28 - - [18/Aug/2021:05:08:39 +0000] "GET /laradock/rabbitmq/ HTTP/1.1" 200 2041 "-" "Mozilla/5.0 (Linux; Android 6.0.1; Nexus 5X Build/MMB29P) AppleWebKit/537.36 (KHTML, like Gecko) Chrome/92.0.4515.119 Mobile Safari/537.36 (compatible; Googlebot/2.1; +http://www.google.com/bot.html)"
66.249.68.30 - - [18/Aug/2021:05:08:39 +0000] "GET /simphini/vendor/campo/laravel-shipstation/LICENSE HTTP/1.1" 200 2041 "-" "Mozilla/5.0 (Linux; Android 6.0.1; Nexus 5X Build/MMB29P) AppleWebKit/537.36 (KHTML, like Gecko) Chrome/92.0.4515.119 Mobile Safari/537.36 (compatible; Googlebot/2.1; +http://www.google.com/bot.html)"
114.119.153.132 - - [18/Aug/2021:05:14:25 +0000] "GET /simphini/vendor/vlucas/phpdotenv?C=S%3BO%3DA HTTP/1.1" 200 2041 "-" "Mozilla/5.0 (Linux; Android 7.0;) AppleWebKit/537.36 (KHTML, like Gecko) Mobile Safari/537.36 (compatible; PetalBot;+https://webmaster.petalsearch.com/site/petalbot)"
114.119.153.156 - - [18/Aug/2021:05:21:56 +0000] "GET /simphini/vendor/sebastian/resource-operations/LICENSE HTTP/1.1" 200 2041 "-" "Mozilla/5.0 (Linux; Android 7.0;) AppleWebKit/537.36 (KHTML, like Gecko) Mobile Safari/537.36 (compatible; PetalBot;+https://webmaster.petalsearch.com/site/petalbot)"
66.249.68.28 - - [18/Aug/2021:05:28:34 +0000] "GET /laradock/sonarqube/ HTTP/1.1" 200 2041 "-" "Mozilla/5.0 (compatible; Googlebot/2.1; +http://www.google.com/bot.html)"
114.119.153.137 - - [18/Aug/2021:05:30:01 +0000] "GET /simphini/vendor/symfony?C=S%3BO%3DA HTTP/1.1" 200 2041 "-" "Mozilla/5.0 (Linux; Android 7.0;) AppleWebKit/537.36 (KHTML, like Gecko) Mobile Safari/537.36 (compatible; PetalBot;+https://webmaster.petalsearch.com/site/petalbot)"
114.119.153.156 - - [18/Aug/2021:05:38:05 +0000] "GET /simphini/vendor/symfony/console/ConsoleEvents.php HTTP/1.1" 200 2041 "-" "Mozilla/5.0 (Linux; Android 7.0;) AppleWebKit/537.36 (KHTML, like Gecko) Mobile Safari/537.36 (compatible; PetalBot;+https://webmaster.petalsearch.com/site/petalbot)"
66.249.68.28 - - [18/Aug/2021:05:43:34 +0000] "GET /simphini/vendor/phpoffice/phpexcel/Classes/PHPExcel/locale/tr/ HTTP/1.1" 200 2041 "-" "Mozilla/5.0 (compatible; Googlebot/2.1; +http://www.google.com/bot.html)"
114.119.153.131 - - [18/Aug/2021:05:45:54 +0000] "GET /simphini/vendor/maatwebsite/excel/CODE_OF_CONDUCT.md HTTP/1.1" 200 2041 "-" "Mozilla/5.0 (Linux; Android 7.0;) AppleWebKit/537.36 (KHTML, like Gecko) Mobile Safari/537.36 (compatible; PetalBot;+https://webmaster.petalsearch.com/site/petalbot)"
66.249.79.2 - - [18/Aug/2021:05:51:32 +0000] "GET /simphini/vendor/symfony/http-kernel/Tests/Profiler/FileProfilerStorageTest.php HTTP/1.1" 304 - "-" "Mozilla/5.0 (Linux; Android 6.0.1; Nexus 5X Build/MMB29P) AppleWebKit/537.36 (KHTML, like Gecko) Chrome/92.0.4515.119 Mobile Safari/537.36 (compatible; Googlebot/2.1; +http://www.google.com/bot.html)"
114.119.153.16 - - [18/Aug/2021:05:53:56 +0000] "GET /simphini/vendor/paragonie/random_compat/dist HTTP/1.1" 200 2041 "-" "Mozilla/5.0 (Linux; Android 7.0;) AppleWebKit/537.36 (KHTML, like Gecko) Mobile Safari/537.36 (compatible; PetalBot;+https://webmaster.petalsearch.com/site/petalbot)"
114.119.153.16 - - [18/Aug/2021:06:02:01 +0000] "GET /simphini/vendor/symfony/event-dispatcher-contracts HTTP/1.1" 200 2041 "-" "Mozilla/5.0 (Linux; Android 7.0;) AppleWebKit/537.36 (KHTML, like Gecko) Mobile Safari/537.36 (compatible; PetalBot;+https://webmaster.petalsearch.com/site/petalbot)"
80.82.77.192 - - [18/Aug/2021:06:04:12 +0000] "GET / HTTP/1.1" 200 2041 "http://54.148.105.194:80/" "Mozilla/5.0 (Windows NT 10.0; Win64; x64) AppleWebKit/537.36 (KHTML, like Gecko) Chrome/88.0.4324.190 Safari/537.36"
66.249.68.26 - - [18/Aug/2021:06:08:40 +0000] "GET /simphini/storage/framework/views/85118456efc2e08faf32b07802bc9b6d197bb1c9.php HTTP/1.1" 200 2041 "-" "Mozilla/5.0 (Linux; Android 6.0.1; Nexus 5X Build/MMB29P) AppleWebKit/537.36 (KHTML, like Gecko) Chrome/92.0.4515.119 Mobile Safari/537.36 (compatible; Googlebot/2.1; +http://www.google.com/bot.html)"
114.119.153.138 - - [18/Aug/2021:06:09:47 +0000] "GET /simphini/vendor/symfony/http-kernel/KernelInterface.php HTTP/1.1" 200 2041 "-" "Mozilla/5.0 (Linux; Android 7.0;) AppleWebKit/537.36 (KHTML, like Gecko) Mobile Safari/537.36 (compatible; PetalBot;+https://webmaster.petalsearch.com/site/petalbot)"
114.119.153.131 - - [18/Aug/2021:06:17:47 +0000] "GET /simphini/vendor/vlucas/phpdotenv/composer.json HTTP/1.1" 200 2041 "-" "Mozilla/5.0 (Linux; Android 7.0;) AppleWebKit/537.36 (KHTML, like Gecko) Mobile Safari/537.36 (compatible; PetalBot;+https://webmaster.petalsearch.com/site/petalbot)"
114.119.153.158 - - [18/Aug/2021:06:25:50 +0000] "GET /robots.txt HTTP/1.1" 200 2041 "-" "Mozilla/5.0 (compatible;PetalBot;+https://webmaster.petalsearch.com/site/petalbot)"
114.119.153.156 - - [18/Aug/2021:06:33:32 +0000] "GET /robots.txt HTTP/1.1" 200 2041 "-" "Mozilla/5.0 (compatible;PetalBot;+https://webmaster.petalsearch.com/site/petalbot)"
66.249.68.30 - - [18/Aug/2021:06:40:58 +0000] "GET /laradock/postgres/docker-entrypoint-initdb.d/ HTTP/1.1" 200 2041 "-" "Mozilla/5.0 (Linux; Android 6.0.1; Nexus 5X Build/MMB29P) AppleWebKit/537.36 (KHTML, like Gecko) Chrome/92.0.4515.119 Mobile Safari/537.36 (compatible; Googlebot/2.1; +http://www.google.com/bot.html)"
66.249.68.28 - - [18/Aug/2021:06:41:01 +0000] "GET /js/chunk-1bc5d802.246556c4.js HTTP/1.1" 200 2226 "https://simphini.com/laradock/postgres/docker-entrypoint-initdb.d/" "Mozilla/5.0 (Linux; Android 6.0.1; Nexus 5X Build/MMB29P) AppleWebKit/537.36 (KHTML, like Gecko) Chrome/92.0.4515.119 Mobile Safari/537.36 (compatible; Googlebot/2.1; +http://www.google.com/bot.html)"
66.249.68.30 - - [18/Aug/2021:06:41:02 +0000] "GET /js/chunk-7a0e875e.73ebd25c.js HTTP/1.1" 200 9589 "https://simphini.com/laradock/postgres/docker-entrypoint-initdb.d/" "Mozilla/5.0 (Linux; Android 6.0.1; Nexus 5X Build/MMB29P) AppleWebKit/537.36 (KHTML, like Gecko) Chrome/92.0.4515.119 Mobile Safari/537.36 (compatible; Googlebot/2.1; +http://www.google.com/bot.html)"
66.249.68.26 - - [18/Aug/2021:06:41:01 +0000] "GET /js/chunk-vendors.124b0bd6.js HTTP/1.1" 200 1226701 "https://simphini.com/laradock/postgres/docker-entrypoint-initdb.d/" "Mozilla/5.0 (Linux; Android 6.0.1; Nexus 5X Build/MMB29P) AppleWebKit/537.36 (KHTML, like Gecko) Chrome/92.0.4515.119 Mobile Safari/537.36 (compatible; Googlebot/2.1; +http://www.google.com/bot.html)"
66.249.68.28 - - [18/Aug/2021:06:41:02 +0000] "GET /js/chunk-2d0c8842.7c21bcaa.js HTTP/1.1" 200 3092 "https://simphini.com/laradock/postgres/docker-entrypoint-initdb.d/" "Mozilla/5.0 (Linux; Android 6.0.1; Nexus 5X Build/MMB29P) AppleWebKit/537.36 (KHTML, like Gecko) Chrome/92.0.4515.119 Mobile Safari/537.36 (compatible; Googlebot/2.1; +http://www.google.com/bot.html)"
66.249.68.28 - - [18/Aug/2021:06:41:02 +0000] "GET /js/app.d303cae6.js HTTP/1.1" 200 17971 "https://simphini.com/laradock/postgres/docker-entrypoint-initdb.d/" "Mozilla/5.0 (Linux; Android 6.0.1; Nexus 5X Build/MMB29P) AppleWebKit/537.36 (KHTML, like Gecko) Chrome/92.0.4515.119 Mobile Safari/537.36 (compatible; Googlebot/2.1; +http://www.google.com/bot.html)"
114.119.153.15 - - [18/Aug/2021:06:41:27 +0000] "GET /simphini/app/Console?C=N%3BO%3DD HTTP/1.1" 200 2041 "-" "Mozilla/5.0 (Linux; Android 7.0;) AppleWebKit/537.36 (KHTML, like Gecko) Mobile Safari/537.36 (compatible; PetalBot;+https://webmaster.petalsearch.com/site/petalbot)"
114.119.148.161 - - [18/Aug/2021:06:49:13 +0000] "GET /simphini/vendor/swiftmailer?C=S%3BO%3DA HTTP/1.1" 200 2041 "-" "Mozilla/5.0 (Linux; Android 7.0;) AppleWebKit/537.36 (KHTML, like Gecko) Mobile Safari/537.36 (compatible; PetalBot;+https://webmaster.petalsearch.com/site/petalbot)"
