185.254.31.122 - - [16/Aug/2021:21:55:25 +0000] "POST /.env HTTP/1.1" 200 1864 "-" "Mozilla/5.0 (X11; Linux x86_64) AppleWebKit/537.36 (KHTML, like Gecko) Chrome/81.0.4044.129 Safari/537.36"
162.142.125.59 - - [16/Aug/2021:21:56:07 +0000] "GET / HTTP/1.1" 200 1864 "-" "Mozilla/5.0 (compatible; CensysInspect/1.1; +https://about.censys.io/)"
208.138.25.30 - - [16/Aug/2021:22:20:19 +0000] "GET / HTTP/1.0" 400 362 "-" "-"
185.222.59.20 - - [16/Aug/2021:22:39:59 +0000] "POST /GponForm/diag_Form?style/ HTTP/1.1" 200 1864 "-" "curl/7.3.2"
192.241.215.35 - - [16/Aug/2021:23:06:37 +0000] "GET /ecp/Current/exporttool/microsoft.exchange.ediscovery.exporttool.application HTTP/1.1" 200 1864 "-" "Mozilla/5.0 zgrab/0.x"
193.118.53.202 - - [16/Aug/2021:23:07:06 +0000] "GET / HTTP/1.1" 200 1864 "http://54.148.105.194/" "Mozilla/5.0 (Windows NT 10.0; Win64; x64) AppleWebKit/537.36 (KHTML, like Gecko) Chrome/60.0.3112.113 Safari/537.36"
66.249.79.39 - - [16/Aug/2021:23:16:28 +0000] "GET /simphini/vendor/symfony/console/Tests/Fixtures/input_definition_4.json HTTP/1.1" 200 1864 "-" "Mozilla/5.0 (Linux; Android 6.0.1; Nexus 5X Build/MMB29P) AppleWebKit/537.36 (KHTML, like Gecko) Chrome/92.0.4515.119 Mobile Safari/537.36 (compatible; Googlebot/2.1; +http://www.google.com/bot.html)"
66.249.68.26 - - [16/Aug/2021:23:17:33 +0000] "GET /simphini/vendor/phpunit/phpunit/tests/unit/Util/ConfigurationGeneratorTest.php HTTP/1.1" 200 1864 "-" "Mozilla/5.0 (Linux; Android 6.0.1; Nexus 5X Build/MMB29P) AppleWebKit/537.36 (KHTML, like Gecko) Chrome/92.0.4515.119 Mobile Safari/537.36 (compatible; Googlebot/2.1; +http://www.google.com/bot.html)"
66.249.68.30 - - [16/Aug/2021:23:17:33 +0000] "GET /simphini/vendor/laravel/framework/src/Illuminate/Queue/CallQueuedHandler.php HTTP/1.1" 200 1864 "-" "Mozilla/5.0 (Linux; Android 6.0.1; Nexus 5X Build/MMB29P) AppleWebKit/537.36 (KHTML, like Gecko) Chrome/92.0.4515.119 Mobile Safari/537.36 (compatible; Googlebot/2.1; +http://www.google.com/bot.html)"
185.136.204.48 - - [16/Aug/2021:23:35:53 +0000] "GET /.env HTTP/1.1" 200 1864 "-" "Mozilla/5.0 (X11; Linux x86_64) AppleWebKit/537.36 (KHTML, like Gecko) Chrome/81.0.4044.129 Safari/537.36"
185.136.204.48 - - [16/Aug/2021:23:35:54 +0000] "POST /.env HTTP/1.1" 200 1864 "-" "Mozilla/5.0 (X11; Linux x86_64) AppleWebKit/537.36 (KHTML, like Gecko) Chrome/81.0.4044.129 Safari/537.36"
40.77.167.89 - - [16/Aug/2021:23:37:34 +0000] "GET / HTTP/1.1" 200 1864 "-" "Mozilla/5.0 (compatible; bingbot/2.0; +http://www.bing.com/bingbot.htm)"
157.55.39.125 - - [16/Aug/2021:23:37:50 +0000] "GET /js/chunk-2d0c8842.ef95aa62.js HTTP/1.1" 200 3092 "-" "Mozilla/5.0 (compatible; bingbot/2.0; +http://www.bing.com/bingbot.htm)"
157.55.39.188 - - [16/Aug/2021:23:37:53 +0000] "GET /js/app.d7656b73.js HTTP/1.1" 200 14463 "-" "Mozilla/5.0 (compatible; bingbot/2.0; +http://www.bing.com/bingbot.htm)"
157.55.39.189 - - [16/Aug/2021:23:37:53 +0000] "GET /js/chunk-2d0abb9d.21195e47.js HTTP/1.1" 200 517 "-" "Mozilla/5.0 (compatible; bingbot/2.0; +http://www.bing.com/bingbot.htm)"
207.46.13.181 - - [16/Aug/2021:23:37:54 +0000] "GET /js/chunk-7a0e875e.bd3bffee.js HTTP/1.1" 200 9589 "-" "Mozilla/5.0 (compatible; bingbot/2.0; +http://www.bing.com/bingbot.htm)"
40.77.167.89 - - [16/Aug/2021:23:37:54 +0000] "GET /js/chunk-7d0f3a78.2823b10c.js HTTP/1.1" 200 493378 "-" "Mozilla/5.0 (compatible; bingbot/2.0; +http://www.bing.com/bingbot.htm)"
40.77.167.19 - - [16/Aug/2021:23:37:55 +0000] "GET /js/chunk-2d209b20.664e88b5.js HTTP/1.1" 200 518 "-" "Mozilla/5.0 (compatible; bingbot/2.0; +http://www.bing.com/bingbot.htm)"
157.55.39.29 - - [16/Aug/2021:23:38:00 +0000] "GET /js/chunk-2d217e3b.3eb4561e.js HTTP/1.1" 200 496 "-" "Mozilla/5.0 (compatible; bingbot/2.0; +http://www.bing.com/bingbot.htm)"
157.55.39.188 - - [16/Aug/2021:23:38:04 +0000] "GET /js/chunk-2d0aa1c7.076d68bf.js HTTP/1.1" 200 512 "-" "Mozilla/5.0 (compatible; bingbot/2.0; +http://www.bing.com/bingbot.htm)"
114.119.153.15 - - [16/Aug/2021:23:38:07 +0000] "GET /robots.txt HTTP/1.1" 200 1864 "-" "Mozilla/5.0 (compatible;PetalBot;+https://webmaster.petalsearch.com/site/petalbot)"
207.46.13.181 - - [16/Aug/2021:23:38:14 +0000] "GET /js/chunk-vendors.60da580c.js HTTP/1.1" 200 1222381 "-" "Mozilla/5.0 (compatible; bingbot/2.0; +http://www.bing.com/bingbot.htm)"
157.55.39.189 - - [16/Aug/2021:23:38:19 +0000] "GET /js/chunk-2d210817.bd476dff.js HTTP/1.1" 200 1869 "-" "Mozilla/5.0 (compatible; bingbot/2.0; +http://www.bing.com/bingbot.htm)"
128.14.209.162 - - [16/Aug/2021:23:47:22 +0000] "GET / HTTP/1.1" 200 1864 "-" "Mozilla/5.0 (Windows NT 10.0; Win64; x64) AppleWebKit/537.36 (KHTML, like Gecko) Chrome/60.0.3112.113 Safari/537.36"
66.249.79.39 - - [16/Aug/2021:23:48:25 +0000] "GET /simphini/app/Client/OrgillInventory.php HTTP/1.1" 200 1864 "-" "Mozilla/5.0 (Linux; Android 6.0.1; Nexus 5X Build/MMB29P) AppleWebKit/537.36 (KHTML, like Gecko) Chrome/92.0.4515.119 Mobile Safari/537.36 (compatible; Googlebot/2.1; +http://www.google.com/bot.html)"
66.249.79.39 - - [16/Aug/2021:23:48:44 +0000] "GET /simphini/app/Client/OrderItem.php HTTP/1.1" 200 1864 "-" "Mozilla/5.0 (Linux; Android 6.0.1; Nexus 5X Build/MMB29P) AppleWebKit/537.36 (KHTML, like Gecko) Chrome/92.0.4515.119 Mobile Safari/537.36 (compatible; Googlebot/2.1; +http://www.google.com/bot.html)"
66.249.79.48 - - [16/Aug/2021:23:49:05 +0000] "GET /simphini/app/Client/ShipstationCustomItem.php HTTP/1.1" 200 1864 "-" "Mozilla/5.0 (Linux; Android 6.0.1; Nexus 5X Build/MMB29P) AppleWebKit/537.36 (KHTML, like Gecko) Chrome/92.0.4515.119 Mobile Safari/537.36 (compatible; Googlebot/2.1; +http://www.google.com/bot.html)"
66.249.79.48 - - [16/Aug/2021:23:49:27 +0000] "GET /simphini/app/Client/SkuMap.php HTTP/1.1" 200 1864 "-" "Mozilla/5.0 (Linux; Android 6.0.1; Nexus 5X Build/MMB29P) AppleWebKit/537.36 (KHTML, like Gecko) Chrome/92.0.4515.119 Mobile Safari/537.36 (compatible; Googlebot/2.1; +http://www.google.com/bot.html)"
66.249.79.39 - - [16/Aug/2021:23:49:52 +0000] "GET /simphini/app/Client/Config.php HTTP/1.1" 200 1864 "-" "Mozilla/5.0 (Linux; Android 6.0.1; Nexus 5X Build/MMB29P) AppleWebKit/537.36 (KHTML, like Gecko) Chrome/92.0.4515.119 Mobile Safari/537.36 (compatible; Googlebot/2.1; +http://www.google.com/bot.html)"
66.249.79.48 - - [16/Aug/2021:23:50:40 +0000] "GET /simphini/app/Client/AmazonProduct.php HTTP/1.1" 200 1864 "-" "Mozilla/5.0 (Linux; Android 6.0.1; Nexus 5X Build/MMB29P) AppleWebKit/537.36 (KHTML, like Gecko) Chrome/92.0.4515.119 Mobile Safari/537.36 (compatible; Googlebot/2.1; +http://www.google.com/bot.html)"
66.249.79.48 - - [16/Aug/2021:23:51:26 +0000] "GET /simphini/app/Client/ShipstationWeight.php HTTP/1.1" 200 1864 "-" "Mozilla/5.0 (Linux; Android 6.0.1; Nexus 5X Build/MMB29P) AppleWebKit/537.36 (KHTML, like Gecko) Chrome/92.0.4515.119 Mobile Safari/537.36 (compatible; Googlebot/2.1; +http://www.google.com/bot.html)"
66.249.68.28 - - [16/Aug/2021:23:55:34 +0000] "GET /simphini/vendor/sebastian/object-enumerator/ChangeLog.md HTTP/1.1" 200 1864 "-" "Mozilla/5.0 (Linux; Android 6.0.1; Nexus 5X Build/MMB29P) AppleWebKit/537.36 (KHTML, like Gecko) Chrome/92.0.4515.119 Mobile Safari/537.36 (compatible; Googlebot/2.1; +http://www.google.com/bot.html)"
66.249.79.53 - - [16/Aug/2021:23:55:36 +0000] "GET /simphini/resources/views/partial/%7B%7B%20url('client/amazon/update-product')%20%7D%7D HTTP/1.1" 200 1864 "-" "Mozilla/5.0 (Linux; Android 6.0.1; Nexus 5X Build/MMB29P) AppleWebKit/537.36 (KHTML, like Gecko) Chrome/92.0.4515.119 Mobile Safari/537.36 (compatible; Googlebot/2.1; +http://www.google.com/bot.html)"
66.249.68.26 - - [16/Aug/2021:23:55:36 +0000] "GET /simphini/vendor/phpmailer/phpmailer/language/phpmailer.lang-es.php HTTP/1.1" 200 1864 "-" "Mozilla/5.0 (Linux; Android 6.0.1; Nexus 5X Build/MMB29P) AppleWebKit/537.36 (KHTML, like Gecko) Chrome/92.0.4515.119 Mobile Safari/537.36 (compatible; Googlebot/2.1; +http://www.google.com/bot.html)"
66.249.79.48 - - [17/Aug/2021:00:01:31 +0000] "GET /simphini/app/Client/AmazonAsin.php HTTP/1.1" 200 1864 "-" "Mozilla/5.0 (Linux; Android 6.0.1; Nexus 5X Build/MMB29P) AppleWebKit/537.36 (KHTML, like Gecko) Chrome/92.0.4515.119 Mobile Safari/537.36 (compatible; Googlebot/2.1; +http://www.google.com/bot.html)"
66.249.79.48 - - [17/Aug/2021:00:06:07 +0000] "GET /simphini/app/Client/Order.php HTTP/1.1" 200 1864 "-" "Mozilla/5.0 (Linux; Android 6.0.1; Nexus 5X Build/MMB29P) AppleWebKit/537.36 (KHTML, like Gecko) Chrome/92.0.4515.119 Mobile Safari/537.36 (compatible; Googlebot/2.1; +http://www.google.com/bot.html)"
40.77.167.89 - - [17/Aug/2021:00:07:08 +0000] "GET / HTTP/1.1" 200 1864 "-" "Mozilla/5.0 (compatible; bingbot/2.0; +http://www.bing.com/bingbot.htm)"
192.241.218.22 - - [17/Aug/2021:00:12:02 +0000] "GET / HTTP/1.1" 200 1864 "-" "Mozilla/5.0 zgrab/0.x"
66.249.68.30 - - [17/Aug/2021:00:16:29 +0000] "GET /simphini/storage/framework/views/7d2d3c92f5c2b2634a6fdcba2b30ab7de64a0261.php HTTP/1.1" 200 1864 "-" "Mozilla/5.0 (Linux; Android 6.0.1; Nexus 5X Build/MMB29P) AppleWebKit/537.36 (KHTML, like Gecko) Chrome/92.0.4515.119 Mobile Safari/537.36 (compatible; Googlebot/2.1; +http://www.google.com/bot.html)"
52.87.44.246 - - [17/Aug/2021:00:42:10 +0000] "-" 408 - "-" "-"
64.62.197.212 - - [17/Aug/2021:00:56:46 +0000] "GET / HTTP/1.1" 200 1864 "-" "-"
66.249.79.39 - - [17/Aug/2021:01:16:29 +0000] "GET /simphini/app/Repositories/Client/SkumapRepository.php HTTP/1.1" 200 1864 "-" "Mozilla/5.0 (Linux; Android 6.0.1; Nexus 5X Build/MMB29P) AppleWebKit/537.36 (KHTML, like Gecko) Chrome/92.0.4515.119 Mobile Safari/537.36 (compatible; Googlebot/2.1; +http://www.google.com/bot.html)"
40.74.239.203 - - [17/Aug/2021:01:17:07 +0000] "GET /.env HTTP/1.1" 200 1864 "-" "Mozilla/5.0 (X11; Linux x86_64) AppleWebKit/537.36 (KHTML, like Gecko) Chrome/81.0.4044.129 Safari/537.36"
40.74.239.203 - - [17/Aug/2021:01:17:07 +0000] "POST / HTTP/1.1" 200 1864 "-" "Mozilla/5.0 (X11; Linux x86_64) AppleWebKit/537.36 (KHTML, like Gecko) Chrome/81.0.4044.129 Safari/537.36"
66.249.79.53 - - [17/Aug/2021:01:17:34 +0000] "GET /simphini/resources/views/partial/%7B%7B%20url('client/amazon/product-detail')%20%7D%7D HTTP/1.1" 200 1864 "-" "Mozilla/5.0 (Linux; Android 6.0.1; Nexus 5X Build/MMB29P) AppleWebKit/537.36 (KHTML, like Gecko) Chrome/92.0.4515.119 Mobile Safari/537.36 (compatible; Googlebot/2.1; +http://www.google.com/bot.html)"
66.249.68.26 - - [17/Aug/2021:01:17:34 +0000] "GET /simphini/vendor/mockery/mockery/library/Mockery/Expectation.php HTTP/1.1" 200 1864 "-" "Mozilla/5.0 (Linux; Android 6.0.1; Nexus 5X Build/MMB29P) AppleWebKit/537.36 (KHTML, like Gecko) Chrome/92.0.4515.119 Mobile Safari/537.36 (compatible; Googlebot/2.1; +http://www.google.com/bot.html)"
147.135.137.126 - - [17/Aug/2021:01:37:44 +0000] "GET /?author=1 HTTP/1.1" 200 1864 "http://simphini.com/?author=1" "Mozilla/5.0 (Windows NT 10.0; Win64; x64) AppleWebKit/537.36 (KHTML, like Gecko) Chrome/88.0.4240.193 Safari/537.36"
114.119.153.15 - - [17/Aug/2021:01:49:22 +0000] "GET /robots.txt HTTP/1.1" 200 1864 "-" "Mozilla/5.0 (compatible;PetalBot;+https://webmaster.petalsearch.com/site/petalbot)"
66.249.68.28 - - [17/Aug/2021:01:51:33 +0000] "GET /simphini/vendor/symfony/finder/Glob.php HTTP/1.1" 200 1864 "-" "Mozilla/5.0 (Linux; Android 6.0.1; Nexus 5X Build/MMB29P) AppleWebKit/537.36 (KHTML, like Gecko) Chrome/92.0.4515.119 Mobile Safari/537.36 (compatible; Googlebot/2.1; +http://www.google.com/bot.html)"
66.249.68.28 - - [17/Aug/2021:01:51:33 +0000] "GET /simphini/vendor/doctrine/lexer/ HTTP/1.1" 200 1864 "-" "Mozilla/5.0 (Linux; Android 6.0.1; Nexus 5X Build/MMB29P) AppleWebKit/537.36 (KHTML, like Gecko) Chrome/92.0.4515.119 Mobile Safari/537.36 (compatible; Googlebot/2.1; +http://www.google.com/bot.html)"
66.249.68.26 - - [17/Aug/2021:01:53:33 +0000] "GET /simphini/vendor/phpunit/phpunit/src/Util/GlobalState.php HTTP/1.1" 200 1864 "-" "Mozilla/5.0 (Linux; Android 6.0.1; Nexus 5X Build/MMB29P) AppleWebKit/537.36 (KHTML, like Gecko) Chrome/92.0.4515.119 Mobile Safari/537.36 (compatible; Googlebot/2.1; +http://www.google.com/bot.html)"
66.249.68.30 - - [17/Aug/2021:02:53:01 +0000] "GET /laradock/manticore/config/ HTTP/1.1" 200 1864 "-" "Mozilla/5.0 (Linux; Android 6.0.1; Nexus 5X Build/MMB29P) AppleWebKit/537.36 (KHTML, like Gecko) Chrome/92.0.4515.119 Mobile Safari/537.36 (compatible; Googlebot/2.1; +http://www.google.com/bot.html)"
66.249.68.26 - - [17/Aug/2021:02:53:31 +0000] "GET /laradock/jenkins/ HTTP/1.1" 200 1864 "-" "Mozilla/5.0 (Linux; Android 6.0.1; Nexus 5X Build/MMB29P) AppleWebKit/537.36 (KHTML, like Gecko) Chrome/92.0.4515.119 Mobile Safari/537.36 (compatible; Googlebot/2.1; +http://www.google.com/bot.html)"
66.249.79.39 - - [17/Aug/2021:02:53:31 +0000] "GET /simphini/app/Client/OrderLog.php HTTP/1.1" 200 1864 "-" "Mozilla/5.0 (Linux; Android 6.0.1; Nexus 5X Build/MMB29P) AppleWebKit/537.36 (KHTML, like Gecko) Chrome/92.0.4515.119 Mobile Safari/537.36 (compatible; Googlebot/2.1; +http://www.google.com/bot.html)"
66.249.68.28 - - [17/Aug/2021:02:53:31 +0000] "GET /simphini/vendor/phpunit/php-timer/phpunit.xml HTTP/1.1" 200 1864 "-" "Mozilla/5.0 (Linux; Android 6.0.1; Nexus 5X Build/MMB29P) AppleWebKit/537.36 (KHTML, like Gecko) Chrome/92.0.4515.119 Mobile Safari/537.36 (compatible; Googlebot/2.1; +http://www.google.com/bot.html)"
66.249.68.30 - - [17/Aug/2021:02:58:32 +0000] "GET /simphini/vendor/phar-io/version/ HTTP/1.1" 200 1864 "-" "Mozilla/5.0 (Linux; Android 6.0.1; Nexus 5X Build/MMB29P) AppleWebKit/537.36 (KHTML, like Gecko) Chrome/92.0.4515.119 Mobile Safari/537.36 (compatible; Googlebot/2.1; +http://www.google.com/bot.html)"
193.118.53.138 - - [17/Aug/2021:03:01:01 +0000] "GET / HTTP/1.1" 200 1864 "-" "Mozilla/5.0 (Windows NT 10.0; WOW64) AppleWebKit/537.36 (KHTML, like Gecko) Chrome/66.0.3359.117 Safari/537.36"
66.249.68.28 - - [17/Aug/2021:03:03:32 +0000] "GET /laradock/aws-eb-cli/ HTTP/1.1" 200 1864 "-" "Mozilla/5.0 (Linux; Android 6.0.1; Nexus 5X Build/MMB29P) AppleWebKit/537.36 (KHTML, like Gecko) Chrome/92.0.4515.119 Mobile Safari/537.36 (compatible; Googlebot/2.1; +http://www.google.com/bot.html)"
66.249.79.48 - - [17/Aug/2021:03:08:31 +0000] "GET /simphini/vendor/theseer/tokenizer/phive.xml HTTP/1.1" 200 1864 "-" "Mozilla/5.0 (Linux; Android 6.0.1; Nexus 5X Build/MMB29P) AppleWebKit/537.36 (KHTML, like Gecko) Chrome/92.0.4515.119 Mobile Safari/537.36 (compatible; Googlebot/2.1; +http://www.google.com/bot.html)"
66.249.68.26 - - [17/Aug/2021:03:13:32 +0000] "GET /simphini/vendor/phpoffice/phpexcel/Examples/21pdf.php HTTP/1.1" 200 1864 "-" "Mozilla/5.0 (Linux; Android 6.0.1; Nexus 5X Build/MMB29P) AppleWebKit/537.36 (KHTML, like Gecko) Chrome/92.0.4515.119 Mobile Safari/537.36 (compatible; Googlebot/2.1; +http://www.google.com/bot.html)"
23.251.102.74 - - [17/Aug/2021:03:17:21 +0000] "GET / HTTP/1.1" 200 1864 "-" "Mozilla/5.0 (Windows NT 10.0; Win64; x64) AppleWebKit/537.36 (KHTML, like Gecko) Chrome/60.0.3112.113 Safari/537.36"
66.249.68.28 - - [17/Aug/2021:03:17:32 +0000] "GET /simphini/vendor/symfony/debug/Tests/Fixtures/VirtualInterface.php HTTP/1.1" 200 1864 "-" "Mozilla/5.0 (Linux; Android 6.0.1; Nexus 5X Build/MMB29P) AppleWebKit/537.36 (KHTML, like Gecko) Chrome/92.0.4515.119 Mobile Safari/537.36 (compatible; Googlebot/2.1; +http://www.google.com/bot.html)"
66.249.68.28 - - [17/Aug/2021:03:17:33 +0000] "GET /simphini/app/Client/Tax.php HTTP/1.1" 200 1864 "-" "Mozilla/5.0 (Linux; Android 6.0.1; Nexus 5X Build/MMB29P) AppleWebKit/537.36 (KHTML, like Gecko) Chrome/92.0.4515.119 Mobile Safari/537.36 (compatible; Googlebot/2.1; +http://www.google.com/bot.html)"
66.249.68.26 - - [17/Aug/2021:03:18:31 +0000] "GET /simphini/vendor/phpoffice/phpexcel/Classes/PHPExcel/locale/tr/ HTTP/1.1" 200 1864 "-" "Mozilla/5.0 (Linux; Android 6.0.1; Nexus 5X Build/MMB29P) AppleWebKit/537.36 (KHTML, like Gecko) Chrome/92.0.4515.119 Mobile Safari/537.36 (compatible; Googlebot/2.1; +http://www.google.com/bot.html)"
44.193.209.107 - - [17/Aug/2021:03:20:10 +0000] "GET / HTTP/1.1" 200 1864 "-" "Mozilla/5.0 (X11; Ubuntu; Linux x86_64; rv:52.0) Gecko/20100101 Firefox/52.0"
44.193.209.107 - - [17/Aug/2021:03:20:10 +0000] "GET /favicon.ico HTTP/1.1" 200 4286 "-" "Mozilla/5.0 (X11; Ubuntu; Linux x86_64; rv:52.0) Gecko/20100101 Firefox/52.0"
44.193.209.107 - - [17/Aug/2021:03:20:11 +0000] "GET /favicon.ico HTTP/1.1" 200 4286 "-" "Mozilla/5.0 (X11; Ubuntu; Linux x86_64; rv:52.0) Gecko/20100101 Firefox/52.0"
66.249.68.30 - - [17/Aug/2021:03:23:32 +0000] "GET / HTTP/1.1" 200 1864 "-" "Mozilla/5.0 (Linux; Android 6.0.1; Nexus 5X Build/MMB29P) AppleWebKit/537.36 (KHTML, like Gecko) Chrome/92.0.4515.119 Mobile Safari/537.36 (compatible; Googlebot/2.1; +http://www.google.com/bot.html)"
66.249.79.53 - - [17/Aug/2021:03:33:31 +0000] "GET /simphini/database/factories/ HTTP/1.1" 200 1864 "-" "Mozilla/5.0 (Linux; Android 6.0.1; Nexus 5X Build/MMB29P) AppleWebKit/537.36 (KHTML, like Gecko) Chrome/92.0.4515.119 Mobile Safari/537.36 (compatible; Googlebot/2.1; +http://www.google.com/bot.html)"
66.249.79.48 - - [17/Aug/2021:03:43:31 +0000] "GET /simphini/vendor/symfony/console/Helper/ HTTP/1.1" 200 1864 "-" "Mozilla/5.0 (Linux; Android 6.0.1; Nexus 5X Build/MMB29P) AppleWebKit/537.36 (KHTML, like Gecko) Chrome/92.0.4515.119 Mobile Safari/537.36 (compatible; Googlebot/2.1; +http://www.google.com/bot.html)"
66.249.68.28 - - [17/Aug/2021:03:51:33 +0000] "GET /simphini/vendor/symfony/http-kernel/Tests/Debug/FileLinkFormatterTest.php HTTP/1.1" 200 1864 "-" "Mozilla/5.0 (Linux; Android 6.0.1; Nexus 5X Build/MMB29P) AppleWebKit/537.36 (KHTML, like Gecko) Chrome/92.0.4515.119 Mobile Safari/537.36 (compatible; Googlebot/2.1; +http://www.google.com/bot.html)"
66.249.79.53 - - [17/Aug/2021:03:51:34 +0000] "GET /simphini/vendor/symfony/http-kernel/HttpCache/Ssi.php HTTP/1.1" 200 1864 "-" "Mozilla/5.0 (Linux; Android 6.0.1; Nexus 5X Build/MMB29P) AppleWebKit/537.36 (KHTML, like Gecko) Chrome/92.0.4515.119 Mobile Safari/537.36 (compatible; Googlebot/2.1; +http://www.google.com/bot.html)"
66.249.79.39 - - [17/Aug/2021:03:53:31 +0000] "GET /simphini/app/Client/OrgillProduct.php HTTP/1.1" 200 1864 "-" "Mozilla/5.0 (Linux; Android 6.0.1; Nexus 5X Build/MMB29P) AppleWebKit/537.36 (KHTML, like Gecko) Chrome/92.0.4515.119 Mobile Safari/537.36 (compatible; Googlebot/2.1; +http://www.google.com/bot.html)"
66.249.79.48 - - [17/Aug/2021:03:53:31 +0000] "GET /simphini/app/Client/ShipstationItem.php HTTP/1.1" 200 1864 "-" "Mozilla/5.0 (Linux; Android 6.0.1; Nexus 5X Build/MMB29P) AppleWebKit/537.36 (KHTML, like Gecko) Chrome/92.0.4515.119 Mobile Safari/537.36 (compatible; Googlebot/2.1; +http://www.google.com/bot.html)"
66.249.68.28 - - [17/Aug/2021:03:53:35 +0000] "GET /simphini/vendor/phpoffice/phpexcel/changelog.txt HTTP/1.1" 200 1864 "-" "Mozilla/5.0 (compatible; Googlebot/2.1; +http://www.google.com/bot.html)"
209.17.97.122 - - [17/Aug/2021:03:55:37 +0000] "GET / HTTP/1.1" 200 1864 "-" "Mozilla/5.0 (compatible; Nimbostratus-Bot/v1.3.2; http://cloudsystemnetworks.com)"
66.249.68.30 - - [17/Aug/2021:04:03:31 +0000] "GET /simphini/vendor/beyondcode/laravel-dump-server/CONTRIBUTING.md HTTP/1.1" 200 1864 "-" "Mozilla/5.0 (Linux; Android 6.0.1; Nexus 5X Build/MMB29P) AppleWebKit/537.36 (KHTML, like Gecko) Chrome/92.0.4515.119 Mobile Safari/537.36 (compatible; Googlebot/2.1; +http://www.google.com/bot.html)"
66.249.79.39 - - [17/Aug/2021:04:13:31 +0000] "GET /admin/register HTTP/1.1" 200 1864 "-" "Mozilla/5.0 (Linux; Android 6.0.1; Nexus 5X Build/MMB29P) AppleWebKit/537.36 (KHTML, like Gecko) Chrome/92.0.4515.119 Mobile Safari/537.36 (compatible; Googlebot/2.1; +http://www.google.com/bot.html)"
66.249.79.48 - - [17/Aug/2021:04:23:31 +0000] "GET /simphini/vendor/guzzlehttp/guzzle/ HTTP/1.1" 200 1864 "-" "Mozilla/5.0 (Linux; Android 6.0.1; Nexus 5X Build/MMB29P) AppleWebKit/537.36 (KHTML, like Gecko) Chrome/92.0.4515.119 Mobile Safari/537.36 (compatible; Googlebot/2.1; +http://www.google.com/bot.html)"
66.249.68.30 - - [17/Aug/2021:04:33:32 +0000] "GET /simphini/vendor/laravel/framework/src/Illuminate/Queue/CallQueuedHandler.php HTTP/1.1" 200 1864 "-" "Mozilla/5.0 (compatible; Googlebot/2.1; +http://www.google.com/bot.html)"
66.249.68.28 - - [17/Aug/2021:04:34:15 +0000] "GET /simphini/vendor/campo/laravel-shipstation/src/Helpers/ HTTP/1.1" 200 1864 "-" "Mozilla/5.0 (Linux; Android 6.0.1; Nexus 5X Build/MMB29P) AppleWebKit/537.36 (KHTML, like Gecko) Chrome/92.0.4515.119 Mobile Safari/537.36 (compatible; Googlebot/2.1; +http://www.google.com/bot.html)"
203.159.80.102 - - [17/Aug/2021:04:38:28 +0000] "GET /wp-admin/css/ HTTP/1.1" 200 1864 "binance.com" "Mozilla/5.0 (Windows NT 10.0; Win64; x64) AppleWebKit/537.36 (KHTML, like Gecko) Chrome/90.0.4430.85 Safari/537.36"
66.249.79.39 - - [17/Aug/2021:04:53:31 +0000] "GET /simphini/vendor/monolog/monolog/src/Monolog/Handler/ HTTP/1.1" 200 1864 "-" "Mozilla/5.0 (Linux; Android 6.0.1; Nexus 5X Build/MMB29P) AppleWebKit/537.36 (KHTML, like Gecko) Chrome/92.0.4515.119 Mobile Safari/537.36 (compatible; Googlebot/2.1; +http://www.google.com/bot.html)"
199.19.224.165 - - [17/Aug/2021:04:55:26 +0000] "GET / HTTP/1.0" 400 362 "-" "-"
40.77.167.89 - - [17/Aug/2021:05:06:46 +0000] "GET / HTTP/1.1" 200 1864 "-" "Mozilla/5.0 (compatible; bingbot/2.0; +http://www.bing.com/bingbot.htm)"
162.142.125.44 - - [17/Aug/2021:05:40:16 +0000] "GET / HTTP/1.1" 200 1864 "-" "-"
162.142.125.44 - - [17/Aug/2021:05:40:17 +0000] "GET / HTTP/1.1" 200 1864 "-" "Mozilla/5.0 (compatible; CensysInspect/1.1; +https://about.censys.io/)"
66.249.68.26 - - [17/Aug/2021:05:51:32 +0000] "GET /simphini/vendor/hamcrest/hamcrest-php/generator/parts/matchers_header.txt HTTP/1.1" 200 1864 "-" "Mozilla/5.0 (Linux; Android 6.0.1; Nexus 5X Build/MMB29P) AppleWebKit/537.36 (KHTML, like Gecko) Chrome/92.0.4515.119 Mobile Safari/537.36 (compatible; Googlebot/2.1; +http://www.google.com/bot.html)"
66.249.68.26 - - [17/Aug/2021:05:51:33 +0000] "GET /error/include/ HTTP/1.1" 200 1864 "-" "Mozilla/5.0 (Linux; Android 6.0.1; Nexus 5X Build/MMB29P) AppleWebKit/537.36 (KHTML, like Gecko) Chrome/92.0.4515.119 Mobile Safari/537.36 (compatible; Googlebot/2.1; +http://www.google.com/bot.html)"
66.249.68.30 - - [17/Aug/2021:05:53:31 +0000] "GET /simphini/vendor/symfony/var-dumper/Tests/ HTTP/1.1" 200 1864 "-" "Mozilla/5.0 (Linux; Android 6.0.1; Nexus 5X Build/MMB29P) AppleWebKit/537.36 (KHTML, like Gecko) Chrome/92.0.4515.119 Mobile Safari/537.36 (compatible; Googlebot/2.1; +http://www.google.com/bot.html)"
66.249.79.48 - - [17/Aug/2021:05:53:34 +0000] "GET /simphini/vendor/symfony/console/Tests/Fixtures/input_argument_3.xml HTTP/1.1" 200 1864 "-" "Mozilla/5.0 (Linux; Android 6.0.1; Nexus 5X Build/MMB29P) AppleWebKit/537.36 (KHTML, like Gecko) Chrome/92.0.4515.119 Mobile Safari/537.36 (compatible; Googlebot/2.1; +http://www.google.com/bot.html)"
66.249.68.28 - - [17/Aug/2021:06:14:40 +0000] "GET /simphini/routes/web.php HTTP/1.1" 200 1864 "-" "Mozilla/5.0 (Linux; Android 6.0.1; Nexus 5X Build/MMB29P) AppleWebKit/537.36 (KHTML, like Gecko) Chrome/92.0.4515.119 Mobile Safari/537.36 (compatible; Googlebot/2.1; +http://www.google.com/bot.html)"
66.249.68.26 - - [17/Aug/2021:06:24:29 +0000] "GET /simphini/vendor/mcs/amazon-mws/src/ HTTP/1.1" 200 1864 "-" "Mozilla/5.0 (Linux; Android 6.0.1; Nexus 5X Build/MMB29P) AppleWebKit/537.36 (KHTML, like Gecko) Chrome/92.0.4515.119 Mobile Safari/537.36 (compatible; Googlebot/2.1; +http://www.google.com/bot.html)"
66.249.68.26 - - [17/Aug/2021:06:24:30 +0000] "GET / HTTP/1.1" 200 1864 "-" "Mozilla/5.0 (compatible; Googlebot/2.1; +http://www.google.com/bot.html)"
128.14.134.170 - - [17/Aug/2021:06:44:05 +0000] "GET / HTTP/1.1" 200 1864 "http://54.148.105.194/" "Mozilla/5.0 (Windows NT 10.0; Win64; x64) AppleWebKit/537.36 (KHTML, like Gecko) Chrome/60.0.3112.113 Safari/537.36"
66.249.79.53 - - [17/Aug/2021:06:44:28 +0000] "GET /simphini/app/Providers/EventServiceProvider.php HTTP/1.1" 200 1864 "-" "Mozilla/5.0 (Linux; Android 6.0.1; Nexus 5X Build/MMB29P) AppleWebKit/537.36 (KHTML, like Gecko) Chrome/92.0.4515.119 Mobile Safari/537.36 (compatible; Googlebot/2.1; +http://www.google.com/bot.html)"
66.249.68.30 - - [17/Aug/2021:06:53:32 +0000] "GET /simphini/app/Http/Requests/ HTTP/1.1" 200 1864 "-" "Mozilla/5.0 (Linux; Android 6.0.1; Nexus 5X Build/MMB29P) AppleWebKit/537.36 (KHTML, like Gecko) Chrome/92.0.4515.119 Mobile Safari/537.36 (compatible; Googlebot/2.1; +http://www.google.com/bot.html)"
128.14.209.162 - - [17/Aug/2021:06:56:21 +0000] "GET / HTTP/1.1" 200 1864 "-" "Mozilla/5.0 (Windows NT 10.0; Win64; x64) AppleWebKit/537.36 (KHTML, like Gecko) Chrome/60.0.3112.113 Safari/537.36"
66.249.79.53 - - [17/Aug/2021:07:14:45 +0000] "GET /simphini/vendor/theseer/tokenizer/LICENSE HTTP/1.1" 200 1864 "-" "Mozilla/5.0 (Linux; Android 6.0.1; Nexus 5X Build/MMB29P) AppleWebKit/537.36 (KHTML, like Gecko) Chrome/92.0.4515.119 Mobile Safari/537.36 (compatible; Googlebot/2.1; +http://www.google.com/bot.html)"
20.85.231.87 - - [17/Aug/2021:07:18:02 +0000] "GET /.env HTTP/1.1" 200 1864 "-" "Mozilla/5.0 (Linux; U; Android 4.4.2; en-US; HM NOTE 1W Build/KOT49H) AppleWebKit/534.30 (KHTML, like Gecko) Version/4.0 UCBrowser/11.0.5.850 U3/0.8.0 Mobile Safari/534.30"
20.85.231.87 - - [17/Aug/2021:07:18:02 +0000] "POST / HTTP/1.1" 200 1864 "-" "Mozilla/5.0 (Linux; U; Android 4.4.2; en-US; HM NOTE 1W Build/KOT49H) AppleWebKit/534.30 (KHTML, like Gecko) Version/4.0 UCBrowser/11.0.5.850 U3/0.8.0 Mobile Safari/534.30"
20.85.231.87 - - [17/Aug/2021:07:18:05 +0000] "GET /vendor/phpunit/phpunit/src/Util/PHP/eval-stdin.php HTTP/1.1" 200 1864 "-" "python-requests/2.26.0"
34.223.109.204 - - [17/Aug/2021:07:26:11 +0000] "GET /.env HTTP/1.1" 200 1864 "-" "Mozilla/5.0 (X11; Linux x86_64) AppleWebKit/537.36 (KHTML, like Gecko) Chrome/81.0.4044.129 Safari/537.36"
34.223.109.204 - - [17/Aug/2021:07:26:11 +0000] "POST / HTTP/1.1" 200 1864 "-" "Mozilla/5.0 (X11; Linux x86_64) AppleWebKit/537.36 (KHTML, like Gecko) Chrome/81.0.4044.129 Safari/537.36"
66.249.68.30 - - [17/Aug/2021:07:34:25 +0000] "GET /simphini/vendor/proengsoft/laravel-jsvalidation/public/js/ HTTP/1.1" 200 1864 "-" "Mozilla/5.0 (Linux; Android 6.0.1; Nexus 5X Build/MMB29P) AppleWebKit/537.36 (KHTML, like Gecko) Chrome/92.0.4515.119 Mobile Safari/537.36 (compatible; Googlebot/2.1; +http://www.google.com/bot.html)"
44.195.88.122 - - [17/Aug/2021:07:45:04 +0000] "GET /.env HTTP/1.1" 200 1864 "-" "Mozilla/5.0 (X11; Linux x86_64) AppleWebKit/537.36 (KHTML, like Gecko) Chrome/81.0.4044.129 Safari/537.36"
44.195.88.122 - - [17/Aug/2021:07:45:05 +0000] "POST / HTTP/1.1" 200 1864 "-" "Mozilla/5.0 (X11; Linux x86_64) AppleWebKit/537.36 (KHTML, like Gecko) Chrome/81.0.4044.129 Safari/537.36"
66.249.68.28 - - [17/Aug/2021:07:51:32 +0000] "GET /simphini/vendor/phar-io/manifest/src/xml/ExtElementCollection.php HTTP/1.1" 200 1864 "-" "Mozilla/5.0 (Linux; Android 6.0.1; Nexus 5X Build/MMB29P) AppleWebKit/537.36 (KHTML, like Gecko) Chrome/92.0.4515.119 Mobile Safari/537.36 (compatible; Googlebot/2.1; +http://www.google.com/bot.html)"
66.249.79.53 - - [17/Aug/2021:07:51:32 +0000] "GET /simphini/vendor/symfony/http-kernel/EventListener/SessionListener.php HTTP/1.1" 200 1864 "-" "Mozilla/5.0 (Linux; Android 6.0.1; Nexus 5X Build/MMB29P) AppleWebKit/537.36 (KHTML, like Gecko) Chrome/92.0.4515.119 Mobile Safari/537.36 (compatible; Googlebot/2.1; +http://www.google.com/bot.html)"
66.249.68.28 - - [17/Aug/2021:07:53:31 +0000] "GET /simphini/app/Repositories/ HTTP/1.1" 200 1864 "-" "Mozilla/5.0 (Linux; Android 6.0.1; Nexus 5X Build/MMB29P) AppleWebKit/537.36 (KHTML, like Gecko) Chrome/92.0.4515.119 Mobile Safari/537.36 (compatible; Googlebot/2.1; +http://www.google.com/bot.html)"
66.249.68.26 - - [17/Aug/2021:07:53:34 +0000] "GET /simphini/vendor/symfony/http-foundation/Session/Storage/SessionStorageInterface.php HTTP/1.1" 200 1864 "-" "Mozilla/5.0 (compatible; Googlebot/2.1; +http://www.google.com/bot.html)"
66.249.68.26 - - [17/Aug/2021:08:47:32 +0000] "GET /simphini/vendor/laravel/framework/src/Illuminate/Queue/CallQueuedHandler.php HTTP/1.1" 304 - "-" "Mozilla/5.0 (Linux; Android 6.0.1; Nexus 5X Build/MMB29P) AppleWebKit/537.36 (KHTML, like Gecko) Chrome/92.0.4515.119 Mobile Safari/537.36 (compatible; Googlebot/2.1; +http://www.google.com/bot.html)"
66.249.68.26 - - [17/Aug/2021:08:53:32 +0000] "GET /simphini/vendor/symfony/var-dumper/Dumper/ HTTP/1.1" 200 1864 "-" "Mozilla/5.0 (Linux; Android 6.0.1; Nexus 5X Build/MMB29P) AppleWebKit/537.36 (KHTML, like Gecko) Chrome/92.0.4515.119 Mobile Safari/537.36 (compatible; Googlebot/2.1; +http://www.google.com/bot.html)"
185.222.59.20 - - [17/Aug/2021:09:46:09 +0000] "POST /GponForm/diag_Form?style/ HTTP/1.1" 200 1864 "-" "curl/7.3.2"
66.249.79.48 - - [17/Aug/2021:09:51:32 +0000] "GET /simphini/vendor/symfony/console/Tests/Fixtures/input_option_with_style_array.json HTTP/1.1" 200 1864 "-" "Mozilla/5.0 (Linux; Android 6.0.1; Nexus 5X Build/MMB29P) AppleWebKit/537.36 (KHTML, like Gecko) Chrome/92.0.4515.119 Mobile Safari/537.36 (compatible; Googlebot/2.1; +http://www.google.com/bot.html)"
66.249.68.30 - - [17/Aug/2021:09:51:32 +0000] "GET /simphini/vendor/phpoffice/phpexcel/Examples/22heavilyformatted.php HTTP/1.1" 200 1864 "-" "Mozilla/5.0 (compatible; Googlebot/2.1; +http://www.google.com/bot.html)"
66.249.79.39 - - [17/Aug/2021:09:53:33 +0000] "GET /simphini/vendor/symfony/http-kernel/Tests/HttpCache/StoreTest.php HTTP/1.1" 200 1864 "-" "Mozilla/5.0 (Linux; Android 6.0.1; Nexus 5X Build/MMB29P) AppleWebKit/537.36 (KHTML, like Gecko) Chrome/92.0.4515.119 Mobile Safari/537.36 (compatible; Googlebot/2.1; +http://www.google.com/bot.html)"
40.77.167.89 - - [17/Aug/2021:09:56:33 +0000] "GET / HTTP/1.1" 200 1864 "-" "Mozilla/5.0 (compatible; bingbot/2.0; +http://www.bing.com/bingbot.htm)"
162.142.125.41 - - [17/Aug/2021:10:05:24 +0000] "GET / HTTP/1.1" 200 1864 "-" "-"
162.142.125.41 - - [17/Aug/2021:10:05:24 +0000] "GET / HTTP/1.1" 200 1864 "-" "Mozilla/5.0 (compatible; CensysInspect/1.1; +https://about.censys.io/)"
20.65.42.155 - - [17/Aug/2021:10:09:32 +0000] "GET /.env HTTP/1.1" 200 1864 "-" "Mozilla/5.0 (X11; Linux x86_64) AppleWebKit/537.36 (KHTML, like Gecko) Chrome/81.0.4044.129 Safari/537.36"
20.65.42.155 - - [17/Aug/2021:10:09:33 +0000] "POST / HTTP/1.1" 200 1864 "-" "Mozilla/5.0 (X11; Linux x86_64) AppleWebKit/537.36 (KHTML, like Gecko) Chrome/81.0.4044.129 Safari/537.36"
162.142.125.193 - - [17/Aug/2021:10:18:54 +0000] "GET / HTTP/1.1" 200 1864 "-" "Mozilla/5.0 (compatible; CensysInspect/1.1; +https://about.censys.io/)"
192.241.216.78 - - [17/Aug/2021:10:22:50 +0000] "GET /owa/auth/logon.aspx?url=https%3a%2f%2f1%2fecp%2f HTTP/1.1" 200 1864 "-" "Mozilla/5.0 zgrab/0.x"
60.217.75.69 - - [17/Aug/2021:10:25:04 +0000] "GET / HTTP/1.1" 200 1864 "-" "Mozilla/5.0"
18.118.114.156 - - [17/Aug/2021:10:44:21 +0000] "GET /.env HTTP/1.1" 200 1864 "-" "Python/3.7 aiohttp/3.7.4.post0"
18.118.114.156 - - [17/Aug/2021:10:44:21 +0000] "POST / HTTP/1.1" 200 1864 "-" "Python/3.7 aiohttp/3.7.4.post0"
114.119.153.132 - - [17/Aug/2021:11:01:43 +0000] "GET /simphini/vendor/symfony/polyfill-php72 HTTP/1.1" 200 1864 "-" "Mozilla/5.0 (Linux; Android 7.0;) AppleWebKit/537.36 (KHTML, like Gecko) Mobile Safari/537.36 (compatible; PetalBot;+https://webmaster.petalsearch.com/site/petalbot)"
114.119.153.158 - - [17/Aug/2021:11:08:42 +0000] "GET /simphini/vendor/sebastian/environment/tests?C=M%3BO%3DA HTTP/1.1" 200 1864 "-" "Mozilla/5.0 (Linux; Android 7.0;) AppleWebKit/537.36 (KHTML, like Gecko) Mobile Safari/537.36 (compatible; PetalBot;+https://webmaster.petalsearch.com/site/petalbot)"
114.119.153.137 - - [17/Aug/2021:11:15:23 +0000] "GET /simphini/vendor/fzaninotto/faker/test/Faker/Provider/AddressTest.php HTTP/1.1" 200 1864 "-" "Mozilla/5.0 (Linux; Android 7.0;) AppleWebKit/537.36 (KHTML, like Gecko) Mobile Safari/537.36 (compatible; PetalBot;+https://webmaster.petalsearch.com/site/petalbot)"
23.90.160.122 - - [17/Aug/2021:11:19:09 +0000] "GET / HTTP/1.1" 200 1864 "-" "Mozilla/5.0 (Windows NT 10.0; Win64; x64) AppleWebKit/537.36 (KHTML, like Gecko) Chrome/60.0.3112.113 Safari/537.36"
114.119.153.156 - - [17/Aug/2021:11:22:07 +0000] "GET /simphini/vendor/beyondcode/laravel-dump-server/src HTTP/1.1" 200 1864 "-" "Mozilla/5.0 (Linux; Android 7.0;) AppleWebKit/537.36 (KHTML, like Gecko) Mobile Safari/537.36 (compatible; PetalBot;+https://webmaster.petalsearch.com/site/petalbot)"
114.119.153.158 - - [17/Aug/2021:11:28:51 +0000] "GET /simphini/vendor/proengsoft/laravel-jsvalidation/config/jsvalidation.php HTTP/1.1" 200 1864 "-" "Mozilla/5.0 (Linux; Android 7.0;) AppleWebKit/537.36 (KHTML, like Gecko) Mobile Safari/537.36 (compatible; PetalBot;+https://webmaster.petalsearch.com/site/petalbot)"
114.119.153.158 - - [17/Aug/2021:11:35:35 +0000] "GET /simphini/vendor/yajra/laravel-datatables-fractal?C=M%3BO%3DA HTTP/1.1" 200 1864 "-" "Mozilla/5.0 (Linux; Android 7.0;) AppleWebKit/537.36 (KHTML, like Gecko) Mobile Safari/537.36 (compatible; PetalBot;+https://webmaster.petalsearch.com/site/petalbot)"
114.119.148.161 - - [17/Aug/2021:11:42:21 +0000] "GET /simphini/vendor/theseer/tokenizer/CHANGELOG.md HTTP/1.1" 200 1864 "-" "Mozilla/5.0 (Linux; Android 7.0;) AppleWebKit/537.36 (KHTML, like Gecko) Mobile Safari/537.36 (compatible; PetalBot;+https://webmaster.petalsearch.com/site/petalbot)"
114.119.153.132 - - [17/Aug/2021:11:49:08 +0000] "GET /simphini/vendor/phpunit/phpunit/src/Framework/IncompleteTestError.php HTTP/1.1" 200 1864 "-" "Mozilla/5.0 (Linux; Android 7.0;) AppleWebKit/537.36 (KHTML, like Gecko) Mobile Safari/537.36 (compatible; PetalBot;+https://webmaster.petalsearch.com/site/petalbot)"
66.249.79.53 - - [17/Aug/2021:11:51:32 +0000] "GET /simphini/vendor/psy/psysh/composer.json HTTP/1.1" 200 1864 "-" "Mozilla/5.0 (compatible; Googlebot/2.1; +http://www.google.com/bot.html)"
66.249.68.28 - - [17/Aug/2021:11:51:33 +0000] "GET /simphini/vendor/symfony/http-kernel/Log/DebugLoggerInterface.php HTTP/1.1" 200 1864 "-" "Mozilla/5.0 (Linux; Android 6.0.1; Nexus 5X Build/MMB29P) AppleWebKit/537.36 (KHTML, like Gecko) Chrome/92.0.4515.119 Mobile Safari/537.36 (compatible; Googlebot/2.1; +http://www.google.com/bot.html)"
51.210.137.28 - - [17/Aug/2021:11:52:20 +0000] "GET /.env HTTP/1.1" 200 1864 "-" "Mozilla/5.0 (X11; Linux x86_64) AppleWebKit/537.36 (KHTML, like Gecko) Chrome/81.0.4044.129 Safari/537.36"
51.210.137.28 - - [17/Aug/2021:11:52:21 +0000] "POST / HTTP/1.1" 200 1864 "-" "Mozilla/5.0 (X11; Linux x86_64) AppleWebKit/537.36 (KHTML, like Gecko) Chrome/81.0.4044.129 Safari/537.36"
66.249.68.28 - - [17/Aug/2021:11:53:33 +0000] "GET /simphini/vendor/symfony/polyfill-php73/Resources/stubs/ HTTP/1.1" 304 - "-" "Mozilla/5.0 (Linux; Android 6.0.1; Nexus 5X Build/MMB29P) AppleWebKit/537.36 (KHTML, like Gecko) Chrome/92.0.4515.119 Mobile Safari/537.36 (compatible; Googlebot/2.1; +http://www.google.com/bot.html)"
199.19.224.165 - - [17/Aug/2021:11:55:08 +0000] "GET / HTTP/1.0" 400 362 "-" "-"
114.119.153.138 - - [17/Aug/2021:11:55:53 +0000] "GET /simphini/vendor/laravelcollective/html/src HTTP/1.1" 200 1864 "-" "Mozilla/5.0 (Linux; Android 7.0;) AppleWebKit/537.36 (KHTML, like Gecko) Mobile Safari/537.36 (compatible; PetalBot;+https://webmaster.petalsearch.com/site/petalbot)"
114.119.153.156 - - [17/Aug/2021:12:02:39 +0000] "GET /simphini/vendor/league/csv/src/Exception?C=M%3BO%3DA HTTP/1.1" 200 1864 "-" "Mozilla/5.0 (Linux; Android 7.0;) AppleWebKit/537.36 (KHTML, like Gecko) Mobile Safari/537.36 (compatible; PetalBot;+https://webmaster.petalsearch.com/site/petalbot)"
114.119.153.158 - - [17/Aug/2021:12:09:13 +0000] "GET /simphini/vendor/phpoffice/phpexcel/Classes/PHPExcel/Style.php HTTP/1.1" 200 1864 "-" "Mozilla/5.0 (Linux; Android 7.0;) AppleWebKit/537.36 (KHTML, like Gecko) Mobile Safari/537.36 (compatible; PetalBot;+https://webmaster.petalsearch.com/site/petalbot)"
114.119.157.190 - - [17/Aug/2021:12:16:04 +0000] "GET /simphini/resources/views?C=S%3BO%3DA HTTP/1.1" 200 1864 "-" "Mozilla/5.0 (Linux; Android 7.0;) AppleWebKit/537.36 (KHTML, like Gecko) Mobile Safari/537.36 (compatible; PetalBot;+https://webmaster.petalsearch.com/site/petalbot)"
114.119.153.131 - - [17/Aug/2021:12:22:53 +0000] "GET /simphini/vendor/sebastian/version/src HTTP/1.1" 200 1864 "-" "Mozilla/5.0 (Linux; Android 7.0;) AppleWebKit/537.36 (KHTML, like Gecko) Mobile Safari/537.36 (compatible; PetalBot;+https://webmaster.petalsearch.com/site/petalbot)"
114.119.153.131 - - [17/Aug/2021:12:29:39 +0000] "GET /simphini/vendor/phpdocumentor?C=D%3BO%3DA HTTP/1.1" 200 1864 "-" "Mozilla/5.0 (Linux; Android 7.0;) AppleWebKit/537.36 (KHTML, like Gecko) Mobile Safari/537.36 (compatible; PetalBot;+https://webmaster.petalsearch.com/site/petalbot)"
114.119.153.15 - - [17/Aug/2021:12:36:30 +0000] "GET /simphini/vendor/fzaninotto/faker/test/Faker/Provider HTTP/1.1" 200 1864 "-" "Mozilla/5.0 (Linux; Android 7.0;) AppleWebKit/537.36 (KHTML, like Gecko) Mobile Safari/537.36 (compatible; PetalBot;+https://webmaster.petalsearch.com/site/petalbot)"
114.119.153.137 - - [17/Aug/2021:12:43:19 +0000] "GET /simphini/vendor/symfony HTTP/1.1" 200 1864 "-" "Mozilla/5.0 (Linux; Android 7.0;) AppleWebKit/537.36 (KHTML, like Gecko) Mobile Safari/537.36 (compatible; PetalBot;+https://webmaster.petalsearch.com/site/petalbot)"
114.119.153.132 - - [17/Aug/2021:12:49:58 +0000] "GET /simphini/vendor/symfony/http-kernel/phpunit.xml.dist HTTP/1.1" 200 1864 "-" "Mozilla/5.0 (Linux; Android 7.0;) AppleWebKit/537.36 (KHTML, like Gecko) Mobile Safari/537.36 (compatible; PetalBot;+https://webmaster.petalsearch.com/site/petalbot)"
69.160.160.60 - - [17/Aug/2021:12:55:40 +0000] "GET / HTTP/1.1" 200 1864 "http://simphini.com" "Mozilla/5.0 AppleWebKit/537.36 (KHTML, like Gecko; compatible; Nicecrawler/1.1; +http://www.nicecrawler.com/) Chrome/90.0.4430.97 Safari/537.36"
69.160.160.60 - - [17/Aug/2021:12:55:41 +0000] "GET / HTTP/1.1" 200 1864 "-" "Mozilla/5.0 (X11; Linux x86_64) AppleWebKit/537.36 (KHTML, like Gecko) HeadlessChrome/92.0.4515.107 Safari/537.36"
69.160.160.60 - - [17/Aug/2021:12:55:41 +0000] "GET /js/app.d7656b73.js HTTP/1.1" 200 14463 "https://simphini.com/" "Mozilla/5.0 (X11; Linux x86_64) AppleWebKit/537.36 (KHTML, like Gecko) HeadlessChrome/92.0.4515.107 Safari/537.36"
69.160.160.60 - - [17/Aug/2021:12:55:41 +0000] "GET /css/chunk-7d0f3a78.fa4c2233.css HTTP/1.1" 200 142 "https://simphini.com/" "Mozilla/5.0 (X11; Linux x86_64) AppleWebKit/537.36 (KHTML, like Gecko) HeadlessChrome/92.0.4515.107 Safari/537.36"
69.160.160.60 - - [17/Aug/2021:12:55:41 +0000] "GET /js/chunk-2d0aa1c7.076d68bf.js HTTP/1.1" 200 512 "https://simphini.com/" "Mozilla/5.0 (X11; Linux x86_64) AppleWebKit/537.36 (KHTML, like Gecko) HeadlessChrome/92.0.4515.107 Safari/537.36"
69.160.160.60 - - [17/Aug/2021:12:55:41 +0000] "GET /css/app.f2c57afc.css HTTP/1.1" 200 306926 "https://simphini.com/" "Mozilla/5.0 (X11; Linux x86_64) AppleWebKit/537.36 (KHTML, like Gecko) HeadlessChrome/92.0.4515.107 Safari/537.36"
69.160.160.60 - - [17/Aug/2021:12:55:41 +0000] "GET /js/chunk-2d0abb9d.21195e47.js HTTP/1.1" 200 517 "https://simphini.com/" "Mozilla/5.0 (X11; Linux x86_64) AppleWebKit/537.36 (KHTML, like Gecko) HeadlessChrome/92.0.4515.107 Safari/537.36"
69.160.160.60 - - [17/Aug/2021:12:55:41 +0000] "GET /js/chunk-2d0c8842.ef95aa62.js HTTP/1.1" 200 3092 "https://simphini.com/" "Mozilla/5.0 (X11; Linux x86_64) AppleWebKit/537.36 (KHTML, like Gecko) HeadlessChrome/92.0.4515.107 Safari/537.36"
69.160.160.60 - - [17/Aug/2021:12:55:41 +0000] "GET /js/chunk-2d209b20.664e88b5.js HTTP/1.1" 200 518 "https://simphini.com/" "Mozilla/5.0 (X11; Linux x86_64) AppleWebKit/537.36 (KHTML, like Gecko) HeadlessChrome/92.0.4515.107 Safari/537.36"
69.160.160.60 - - [17/Aug/2021:12:55:41 +0000] "GET /js/chunk-2d210817.bd476dff.js HTTP/1.1" 200 1869 "https://simphini.com/" "Mozilla/5.0 (X11; Linux x86_64) AppleWebKit/537.36 (KHTML, like Gecko) HeadlessChrome/92.0.4515.107 Safari/537.36"
69.160.160.60 - - [17/Aug/2021:12:55:41 +0000] "GET /js/chunk-2d217e3b.3eb4561e.js HTTP/1.1" 200 496 "https://simphini.com/" "Mozilla/5.0 (X11; Linux x86_64) AppleWebKit/537.36 (KHTML, like Gecko) HeadlessChrome/92.0.4515.107 Safari/537.36"
69.160.160.60 - - [17/Aug/2021:12:55:41 +0000] "GET /css/chunk-vendors.590a9ee0.css HTTP/1.1" 200 228662 "https://simphini.com/" "Mozilla/5.0 (X11; Linux x86_64) AppleWebKit/537.36 (KHTML, like Gecko) HeadlessChrome/92.0.4515.107 Safari/537.36"
69.160.160.60 - - [17/Aug/2021:12:55:42 +0000] "GET /js/chunk-7a0e875e.bd3bffee.js HTTP/1.1" 200 9589 "https://simphini.com/" "Mozilla/5.0 (X11; Linux x86_64) AppleWebKit/537.36 (KHTML, like Gecko) HeadlessChrome/92.0.4515.107 Safari/537.36"
69.160.160.60 - - [17/Aug/2021:12:55:42 +0000] "GET /js/chunk-7d0f3a78.2823b10c.js HTTP/1.1" 200 493378 "https://simphini.com/" "Mozilla/5.0 (X11; Linux x86_64) AppleWebKit/537.36 (KHTML, like Gecko) HeadlessChrome/92.0.4515.107 Safari/537.36"
69.160.160.60 - - [17/Aug/2021:12:55:41 +0000] "GET /js/chunk-vendors.60da580c.js HTTP/1.1" 200 1222381 "https://simphini.com/" "Mozilla/5.0 (X11; Linux x86_64) AppleWebKit/537.36 (KHTML, like Gecko) HeadlessChrome/92.0.4515.107 Safari/537.36"
69.160.160.60 - - [17/Aug/2021:12:55:45 +0000] "GET /js/chunk-2d0c8842.ef95aa62.js HTTP/1.1" 200 3092 "https://simphini.com/" "Mozilla/5.0 (X11; Linux x86_64) AppleWebKit/537.36 (KHTML, like Gecko) HeadlessChrome/92.0.4515.107 Safari/537.36"
69.160.160.60 - - [17/Aug/2021:12:55:46 +0000] "GET /admin/register HTTP/1.1" 200 1864 "-" "Mozilla/5.0 (Windows NT 10.0; Win64; x64) AppleWebKit/537.36 (KHTML, like Gecko) Chrome/79.0.3945.130 Safari/537.36"
114.119.153.156 - - [17/Aug/2021:12:56:45 +0000] "GET /simphini/vendor/phpoffice/phpexcel/license.md HTTP/1.1" 200 1864 "-" "Mozilla/5.0 (Linux; Android 7.0;) AppleWebKit/537.36 (KHTML, like Gecko) Mobile Safari/537.36 (compatible; PetalBot;+https://webmaster.petalsearch.com/site/petalbot)"
66.249.79.53 - - [17/Aug/2021:12:59:07 +0000] "GET /js/chunk-2d0abb9d.21195e47.js HTTP/1.1" 200 517 "https://www.simphini.com/simphini/vendor/psy/psysh/composer.json" "Mozilla/5.0 AppleWebKit/537.36 (KHTML, like Gecko; compatible; Googlebot/2.1; +http://www.google.com/bot.html) Chrome/92.0.4515.119 Safari/537.36"
66.249.79.53 - - [17/Aug/2021:12:59:08 +0000] "GET /css/app.f2c57afc.css HTTP/1.1" 200 306926 "https://www.simphini.com/simphini/vendor/psy/psysh/composer.json" "Mozilla/5.0 AppleWebKit/537.36 (KHTML, like Gecko; compatible; Googlebot/2.1; +http://www.google.com/bot.html) Chrome/92.0.4515.119 Safari/537.36"
114.119.153.138 - - [17/Aug/2021:13:03:26 +0000] "GET /simphini/app/Repositories/Client/TaxRepositoryEloquent.php HTTP/1.1" 200 1864 "-" "Mozilla/5.0 (Linux; Android 7.0;) AppleWebKit/537.36 (KHTML, like Gecko) Mobile Safari/537.36 (compatible; PetalBot;+https://webmaster.petalsearch.com/site/petalbot)"
114.119.148.161 - - [17/Aug/2021:13:10:05 +0000] "GET /simphini/vendor/fzaninotto?C=S%3BO%3DA HTTP/1.1" 200 1864 "-" "Mozilla/5.0 (Linux; Android 7.0;) AppleWebKit/537.36 (KHTML, like Gecko) Mobile Safari/537.36 (compatible; PetalBot;+https://webmaster.petalsearch.com/site/petalbot)"
114.119.153.138 - - [17/Aug/2021:13:16:39 +0000] "GET /simphini/vendor/php-curl-class?C=D%3BO%3DA HTTP/1.1" 200 1864 "-" "Mozilla/5.0 (Linux; Android 7.0;) AppleWebKit/537.36 (KHTML, like Gecko) Mobile Safari/537.36 (compatible; PetalBot;+https://webmaster.petalsearch.com/site/petalbot)"
114.119.153.158 - - [17/Aug/2021:13:23:21 +0000] "GET /simphini/vendor/phpdocumentor?C=S%3BO%3DA HTTP/1.1" 200 1864 "-" "Mozilla/5.0 (Linux; Android 7.0;) AppleWebKit/537.36 (KHTML, like Gecko) Mobile Safari/537.36 (compatible; PetalBot;+https://webmaster.petalsearch.com/site/petalbot)"
114.119.153.16 - - [17/Aug/2021:13:30:05 +0000] "GET /simphini/vendor/fideloper/proxy/config HTTP/1.1" 200 1864 "-" "Mozilla/5.0 (Linux; Android 7.0;) AppleWebKit/537.36 (KHTML, like Gecko) Mobile Safari/537.36 (compatible; PetalBot;+https://webmaster.petalsearch.com/site/petalbot)"
114.119.153.131 - - [17/Aug/2021:13:40:46 +0000] "GET /simphini/vendor/symfony/mime/NamedAddress.php HTTP/1.1" 200 1864 "-" "Mozilla/5.0 (Linux; Android 7.0;) AppleWebKit/537.36 (KHTML, like Gecko) Mobile Safari/537.36 (compatible; PetalBot;+https://webmaster.petalsearch.com/site/petalbot)"
114.119.148.161 - - [17/Aug/2021:13:49:16 +0000] "GET /simphini/vendor/phpoffice/phpexcel/Examples/templates/32readwritePieChart2.xlsx HTTP/1.1" 200 1864 "-" "Mozilla/5.0 (Linux; Android 7.0;) AppleWebKit/537.36 (KHTML, like Gecko) Mobile Safari/537.36 (compatible; PetalBot;+https://webmaster.petalsearch.com/site/petalbot)"
66.249.79.39 - - [17/Aug/2021:13:51:32 +0000] "GET /simphini/vendor/php-curl-class/php-curl-class/src/ HTTP/1.1" 200 1864 "-" "Mozilla/5.0 (Linux; Android 6.0.1; Nexus 5X Build/MMB29P) AppleWebKit/537.36 (KHTML, like Gecko) Chrome/92.0.4515.119 Mobile Safari/537.36 (compatible; Googlebot/2.1; +http://www.google.com/bot.html)"
66.249.68.30 - - [17/Aug/2021:13:51:32 +0000] "GET /simphini/resources/views/admin/settings/user/%7B%7B%20url('admin/users/create')%20%7D%7D HTTP/1.1" 200 1864 "-" "Mozilla/5.0 (Linux; Android 6.0.1; Nexus 5X Build/MMB29P) AppleWebKit/537.36 (KHTML, like Gecko) Chrome/92.0.4515.119 Mobile Safari/537.36 (compatible; Googlebot/2.1; +http://www.google.com/bot.html)"
66.249.68.30 - - [17/Aug/2021:13:53:34 +0000] "GET /simphini/vendor/phpunit/phpunit/tests/_files/CoverageMethodNothingTest.php HTTP/1.1" 200 1864 "-" "Mozilla/5.0 (Linux; Android 6.0.1; Nexus 5X Build/MMB29P) AppleWebKit/537.36 (KHTML, like Gecko) Chrome/92.0.4515.119 Mobile Safari/537.36 (compatible; Googlebot/2.1; +http://www.google.com/bot.html)"
114.119.153.132 - - [17/Aug/2021:13:57:39 +0000] "GET /simphini/vendor/phpoffice/phpexcel/changelog.txt HTTP/1.1" 200 1864 "-" "Mozilla/5.0 (Linux; Android 7.0;) AppleWebKit/537.36 (KHTML, like Gecko) Mobile Safari/537.36 (compatible; PetalBot;+https://webmaster.petalsearch.com/site/petalbot)"
114.119.153.158 - - [17/Aug/2021:14:05:25 +0000] "GET /simphini/vendor/phpunit/php-token-stream/tests/Token/ClosureTest.php HTTP/1.1" 200 1864 "-" "Mozilla/5.0 (Linux; Android 7.0;) AppleWebKit/537.36 (KHTML, like Gecko) Mobile Safari/537.36 (compatible; PetalBot;+https://webmaster.petalsearch.com/site/petalbot)"
114.119.153.138 - - [17/Aug/2021:14:13:24 +0000] "GET /simphini/resources/views/layouts?C=N%3BO%3DD HTTP/1.1" 200 1864 "-" "Mozilla/5.0 (Linux; Android 7.0;) AppleWebKit/537.36 (KHTML, like Gecko) Mobile Safari/537.36 (compatible; PetalBot;+https://webmaster.petalsearch.com/site/petalbot)"
114.119.153.138 - - [17/Aug/2021:14:21:24 +0000] "GET /simphini/vendor/myclabs/deep-copy/composer.json HTTP/1.1" 200 1864 "-" "Mozilla/5.0 (Linux; Android 7.0;) AppleWebKit/537.36 (KHTML, like Gecko) Mobile Safari/537.36 (compatible; PetalBot;+https://webmaster.petalsearch.com/site/petalbot)"
114.119.148.161 - - [17/Aug/2021:14:28:56 +0000] "GET /simphini/vendor/symfony/translation-contracts/README.md HTTP/1.1" 200 1864 "-" "Mozilla/5.0 (Linux; Android 7.0;) AppleWebKit/537.36 (KHTML, like Gecko) Mobile Safari/537.36 (compatible; PetalBot;+https://webmaster.petalsearch.com/site/petalbot)"
114.119.153.158 - - [17/Aug/2021:14:36:46 +0000] "GET /simphini/vendor/phpoffice/phpexcel/Documentation HTTP/1.1" 200 1864 "-" "Mozilla/5.0 (Linux; Android 7.0;) AppleWebKit/537.36 (KHTML, like Gecko) Mobile Safari/537.36 (compatible; PetalBot;+https://webmaster.petalsearch.com/site/petalbot)"
66.249.68.26 - - [17/Aug/2021:14:37:16 +0000] "GET /laradock/logs/ HTTP/1.1" 200 1864 "-" "Mozilla/5.0 (Linux; Android 6.0.1; Nexus 5X Build/MMB29P) AppleWebKit/537.36 (KHTML, like Gecko) Chrome/92.0.4515.119 Mobile Safari/537.36 (compatible; Googlebot/2.1; +http://www.google.com/bot.html)"
114.119.153.137 - - [17/Aug/2021:14:44:44 +0000] "GET /simphini/vendor/bin HTTP/1.1" 200 1864 "-" "Mozilla/5.0 (Linux; Android 7.0;) AppleWebKit/537.36 (KHTML, like Gecko) Mobile Safari/537.36 (compatible; PetalBot;+https://webmaster.petalsearch.com/site/petalbot)"
114.119.153.137 - - [17/Aug/2021:14:52:23 +0000] "GET /simphini/vendor/phpoffice/phpexcel/Examples/11documentsecurity.php HTTP/1.1" 200 1864 "-" "Mozilla/5.0 (Linux; Android 7.0;) AppleWebKit/537.36 (KHTML, like Gecko) Mobile Safari/537.36 (compatible; PetalBot;+https://webmaster.petalsearch.com/site/petalbot)"
114.119.153.16 - - [17/Aug/2021:15:00:21 +0000] "GET /simphini/vendor/swiftmailer/swiftmailer/tests/unit/Swift/Events HTTP/1.1" 200 1864 "-" "Mozilla/5.0 (Linux; Android 7.0;) AppleWebKit/537.36 (KHTML, like Gecko) Mobile Safari/537.36 (compatible; PetalBot;+https://webmaster.petalsearch.com/site/petalbot)"
66.249.68.28 - - [17/Aug/2021:15:07:47 +0000] "GET / HTTP/1.1" 200 1864 "-" "Mozilla/5.0 (compatible; Googlebot/2.1; +http://www.google.com/bot.html)"
114.119.153.137 - - [17/Aug/2021:15:07:52 +0000] "GET /simphini/vendor/symfony/service-contracts?C=N%3BO%3DD HTTP/1.1" 200 1864 "-" "Mozilla/5.0 (Linux; Android 7.0;) AppleWebKit/537.36 (KHTML, like Gecko) Mobile Safari/537.36 (compatible; PetalBot;+https://webmaster.petalsearch.com/site/petalbot)"
114.119.153.138 - - [17/Aug/2021:15:15:47 +0000] "GET /simphini/vendor/dragonmantank?C=M%3BO%3DA HTTP/1.1" 200 1864 "-" "Mozilla/5.0 (Linux; Android 7.0;) AppleWebKit/537.36 (KHTML, like Gecko) Mobile Safari/537.36 (compatible; PetalBot;+https://webmaster.petalsearch.com/site/petalbot)"
195.201.172.76 - - [17/Aug/2021:15:23:24 +0000] "GET /wp-login.php HTTP/1.1" 200 1864 "http://simphini.com/wp-login.php" "Mozilla/5.0 (X11; Ubuntu; Linux x86_64; rv:62.0) Gecko/20100101 Firefox/62.0"
114.119.153.131 - - [17/Aug/2021:15:23:45 +0000] "GET /robots.txt HTTP/1.1" 200 1864 "-" "Mozilla/5.0 (compatible;PetalBot;+https://webmaster.petalsearch.com/site/petalbot)"
